Archive member included to satisfy reference by file (symbol)

/opt/st/stm32cubeide_1.14.0/plugins/com.st.stm32cube.ide.mcu.externaltools.gnu-tools-for-stm32.11.3.rel1.linux64_1.1.100.202309141235/tools/bin/../lib/gcc/arm-none-eabi/11.3.1/../../../../arm-none-eabi/lib/thumb/v7-m/nofp/libc_nano.a(libc_a-exit.o)
                              /opt/st/stm32cubeide_1.14.0/plugins/com.st.stm32cube.ide.mcu.externaltools.gnu-tools-for-stm32.11.3.rel1.linux64_1.1.100.202309141235/tools/bin/../lib/gcc/arm-none-eabi/11.3.1/../../../../arm-none-eabi/lib/thumb/v7-m/nofp/crt0.o (exit)
/opt/st/stm32cubeide_1.14.0/plugins/com.st.stm32cube.ide.mcu.externaltools.gnu-tools-for-stm32.11.3.rel1.linux64_1.1.100.202309141235/tools/bin/../lib/gcc/arm-none-eabi/11.3.1/../../../../arm-none-eabi/lib/thumb/v7-m/nofp/libc_nano.a(libc_a-findfp.o)
                              /opt/st/stm32cubeide_1.14.0/plugins/com.st.stm32cube.ide.mcu.externaltools.gnu-tools-for-stm32.11.3.rel1.linux64_1.1.100.202309141235/tools/bin/../lib/gcc/arm-none-eabi/11.3.1/../../../../arm-none-eabi/lib/thumb/v7-m/nofp/libc_nano.a(libc_a-exit.o) (__stdio_exit_handler)
/opt/st/stm32cubeide_1.14.0/plugins/com.st.stm32cube.ide.mcu.externaltools.gnu-tools-for-stm32.11.3.rel1.linux64_1.1.100.202309141235/tools/bin/../lib/gcc/arm-none-eabi/11.3.1/../../../../arm-none-eabi/lib/thumb/v7-m/nofp/libc_nano.a(libc_a-fwalk.o)
                              /opt/st/stm32cubeide_1.14.0/plugins/com.st.stm32cube.ide.mcu.externaltools.gnu-tools-for-stm32.11.3.rel1.linux64_1.1.100.202309141235/tools/bin/../lib/gcc/arm-none-eabi/11.3.1/../../../../arm-none-eabi/lib/thumb/v7-m/nofp/libc_nano.a(libc_a-findfp.o) (_fwalk_sglue)
/opt/st/stm32cubeide_1.14.0/plugins/com.st.stm32cube.ide.mcu.externaltools.gnu-tools-for-stm32.11.3.rel1.linux64_1.1.100.202309141235/tools/bin/../lib/gcc/arm-none-eabi/11.3.1/../../../../arm-none-eabi/lib/thumb/v7-m/nofp/libc_nano.a(libc_a-stdio.o)
                              /opt/st/stm32cubeide_1.14.0/plugins/com.st.stm32cube.ide.mcu.externaltools.gnu-tools-for-stm32.11.3.rel1.linux64_1.1.100.202309141235/tools/bin/../lib/gcc/arm-none-eabi/11.3.1/../../../../arm-none-eabi/lib/thumb/v7-m/nofp/libc_nano.a(libc_a-findfp.o) (__sread)
/opt/st/stm32cubeide_1.14.0/plugins/com.st.stm32cube.ide.mcu.externaltools.gnu-tools-for-stm32.11.3.rel1.linux64_1.1.100.202309141235/tools/bin/../lib/gcc/arm-none-eabi/11.3.1/../../../../arm-none-eabi/lib/thumb/v7-m/nofp/libc_nano.a(libc_a-memcmp.o)
                              ./User/modbus_rtu_server/nanomodbus.o (memcmp)
/opt/st/stm32cubeide_1.14.0/plugins/com.st.stm32cube.ide.mcu.externaltools.gnu-tools-for-stm32.11.3.rel1.linux64_1.1.100.202309141235/tools/bin/../lib/gcc/arm-none-eabi/11.3.1/../../../../arm-none-eabi/lib/thumb/v7-m/nofp/libc_nano.a(libc_a-memset.o)
                              /opt/st/stm32cubeide_1.14.0/plugins/com.st.stm32cube.ide.mcu.externaltools.gnu-tools-for-stm32.11.3.rel1.linux64_1.1.100.202309141235/tools/bin/../lib/gcc/arm-none-eabi/11.3.1/../../../../arm-none-eabi/lib/thumb/v7-m/nofp/crt0.o (memset)
/opt/st/stm32cubeide_1.14.0/plugins/com.st.stm32cube.ide.mcu.externaltools.gnu-tools-for-stm32.11.3.rel1.linux64_1.1.100.202309141235/tools/bin/../lib/gcc/arm-none-eabi/11.3.1/../../../../arm-none-eabi/lib/thumb/v7-m/nofp/libc_nano.a(libc_a-closer.o)
                              /opt/st/stm32cubeide_1.14.0/plugins/com.st.stm32cube.ide.mcu.externaltools.gnu-tools-for-stm32.11.3.rel1.linux64_1.1.100.202309141235/tools/bin/../lib/gcc/arm-none-eabi/11.3.1/../../../../arm-none-eabi/lib/thumb/v7-m/nofp/libc_nano.a(libc_a-stdio.o) (_close_r)
/opt/st/stm32cubeide_1.14.0/plugins/com.st.stm32cube.ide.mcu.externaltools.gnu-tools-for-stm32.11.3.rel1.linux64_1.1.100.202309141235/tools/bin/../lib/gcc/arm-none-eabi/11.3.1/../../../../arm-none-eabi/lib/thumb/v7-m/nofp/libc_nano.a(libc_a-reent.o)
                              /opt/st/stm32cubeide_1.14.0/plugins/com.st.stm32cube.ide.mcu.externaltools.gnu-tools-for-stm32.11.3.rel1.linux64_1.1.100.202309141235/tools/bin/../lib/gcc/arm-none-eabi/11.3.1/../../../../arm-none-eabi/lib/thumb/v7-m/nofp/libc_nano.a(libc_a-closer.o) (errno)
/opt/st/stm32cubeide_1.14.0/plugins/com.st.stm32cube.ide.mcu.externaltools.gnu-tools-for-stm32.11.3.rel1.linux64_1.1.100.202309141235/tools/bin/../lib/gcc/arm-none-eabi/11.3.1/../../../../arm-none-eabi/lib/thumb/v7-m/nofp/libc_nano.a(libc_a-impure.o)
                              /opt/st/stm32cubeide_1.14.0/plugins/com.st.stm32cube.ide.mcu.externaltools.gnu-tools-for-stm32.11.3.rel1.linux64_1.1.100.202309141235/tools/bin/../lib/gcc/arm-none-eabi/11.3.1/../../../../arm-none-eabi/lib/thumb/v7-m/nofp/libc_nano.a(libc_a-reent.o) (_impure_ptr)
/opt/st/stm32cubeide_1.14.0/plugins/com.st.stm32cube.ide.mcu.externaltools.gnu-tools-for-stm32.11.3.rel1.linux64_1.1.100.202309141235/tools/bin/../lib/gcc/arm-none-eabi/11.3.1/../../../../arm-none-eabi/lib/thumb/v7-m/nofp/libc_nano.a(libc_a-lseekr.o)
[...]
Memory Configuration

Name             Origin             Length             Attributes
RAM              0x0000000020000000 0x0000000000014000 xrw
FLASH            0x0000000008000000 0x0000000000080000 xr
*default*        0x0000000000000000 0xffffffffffffffff

Linker script and memory map

LOAD /opt/st/stm32cubeide_1.14.0/plugins/com.st.stm32cube.ide.mcu.externaltools.gnu-tools-for-stm32.11.3.rel1.linux64_1.1.100.202309141235/tools/bin/../lib/gcc/arm-none-eabi/11.3.1/thumb/v7-m/nofp/crti.o
LOAD /opt/st/stm32cubeide_1.14.0/plugins/com.st.stm32cube.ide.mcu.externaltools.gnu-tools-for-stm32.11.3.rel1.linux64_1.1.100.202309141235/tools/bin/../lib/gcc/arm-none-eabi/11.3.1/thumb/v7-m/nofp/crtbegin.o
LOAD /opt/st/stm32cubeide_1.14.0/plugins/com.st.stm32cube.ide.mcu.externaltools.gnu-tools-for-stm32.11.3.rel1.linux64_1.1.100.202309141235/tools/bin/../lib/gcc/arm-none-eabi/11.3.1/../../../../arm-none-eabi/lib/thumb/v7-m/nofp/crt0.o
LOAD ./Core/Src/stm32l1xx_hal_msp.o
LOAD ./Core/Src/stm32l1xx_it.o
LOAD ./Core/Src/syscalls.o
LOAD ./Core/Src/sysmem.o
LOAD ./Core/Src/system_stm32l1xx.o
LOAD ./Core/Startup/startup_stm32l152retx.o
LOAD ./Drivers/STM32L1xx_HAL_Driver/Src/stm32l1xx_hal.o
LOAD ./Drivers/STM32L1xx_HAL_Driver/Src/stm32l1xx_hal_cortex.o
LOAD ./Drivers/STM32L1xx_HAL_Driver/Src/stm32l1xx_hal_dma.o
LOAD ./Drivers/STM32L1xx_HAL_Driver/Src/stm32l1xx_hal_exti.o
LOAD ./Drivers/STM32L1xx_HAL_Driver/Src/stm32l1xx_hal_flash.o
LOAD ./Drivers/STM32L1xx_HAL_Driver/Src/stm32l1xx_hal_flash_ex.o
LOAD ./Drivers/STM32L1xx_HAL_Driver/Src/stm32l1xx_hal_flash_ramfunc.o
LOAD ./Drivers/STM32L1xx_HAL_Driver/Src/stm32l1xx_hal_gpio.o
LOAD ./Drivers/STM32L1xx_HAL_Driver/Src/stm32l1xx_hal_pwr.o
LOAD ./Drivers/STM32L1xx_HAL_Driver/Src/stm32l1xx_hal_pwr_ex.o
LOAD ./Drivers/STM32L1xx_HAL_Driver/Src/stm32l1xx_hal_rcc.o
LOAD ./Drivers/STM32L1xx_HAL_Driver/Src/stm32l1xx_hal_rcc_ex.o
LOAD ./Drivers/STM32L1xx_HAL_Driver/Src/stm32l1xx_hal_uart.o
LOAD ./User/TM1637/TM1637.o
LOAD ./User/board/board.o
LOAD ./User/main.o
LOAD ./User/matric_button/lkv_matrix_button.o
LOAD ./User/modbus_rtu_server/modbus_server.o
LOAD ./User/modbus_rtu_server/nanomodbus.o
LOAD ./User/step_motor/step_motor.o
START GROUP
LOAD /opt/st/stm32cubeide_1.14.0/plugins/com.st.stm32cube.ide.mcu.externaltools.gnu-tools-for-stm32.11.3.rel1.linux64_1.1.100.202309141235/tools/bin/../lib/gcc/arm-none-eabi/11.3.1/../../../../arm-none-eabi/lib/thumb/v7-m/nofp/libc_nano.a
LOAD /opt/st/stm32cubeide_1.14.0/plugins/com.st.stm32cube.ide.mcu.externaltools.gnu-tools-for-stm32.11.3.rel1.linux64_1.1.100.202309141235/tools/bin/../lib/gcc/arm-none-eabi/11.3.1/../../../../arm-none-eabi/lib/thumb/v7-m/nofp/libm.a
END GROUP
START GROUP
LOAD /opt/st/stm32cubeide_1.14.0/plugins/com.st.stm32cube.ide.mcu.externaltools.gnu-tools-for-stm32.11.3.rel1.linux64_1.1.100.202309141235/tools/bin/../lib/gcc/arm-none-eabi/11.3.1/thumb/v7-m/nofp/libgcc.a
LOAD /opt/st/stm32cubeide_1.14.0/plugins/com.st.stm32cube.ide.mcu.externaltools.gnu-tools-for-stm32.11.3.rel1.linux64_1.1.100.202309141235/tools/bin/../lib/gcc/arm-none-eabi/11.3.1/../../../../arm-none-eabi/lib/thumb/v7-m/nofp/libc_nano.a
END GROUP
START GROUP
LOAD /opt/st/stm32cubeide_1.14.0/plugins/com.st.stm32cube.ide.mcu.externaltools.gnu-tools-for-stm32.11.3.rel1.linux64_1.1.100.202309141235/tools/bin/../lib/gcc/arm-none-eabi/11.3.1/thumb/v7-m/nofp/libgcc.a
LOAD /opt/st/stm32cubeide_1.14.0/plugins/com.st.stm32cube.ide.mcu.externaltools.gnu-tools-for-stm32.11.3.rel1.linux64_1.1.100.202309141235/tools/bin/../lib/gcc/arm-none-eabi/11.3.1/../../../../arm-none-eabi/lib/thumb/v7-m/nofp/libc_nano.a
LOAD /opt/st/stm32cubeide_1.14.0/plugins/com.st.stm32cube.ide.mcu.externaltools.gnu-tools-for-stm32.11.3.rel1.linux64_1.1.100.202309141235/tools/bin/../lib/gcc/arm-none-eabi/11.3.1/../../../../arm-none-eabi/lib/thumb/v7-m/nofp/libnosys.a
END GROUP
START GROUP
LOAD /opt/st/stm32cubeide_1.14.0/plugins/com.st.stm32cube.ide.mcu.externaltools.gnu-tools-for-stm32.11.3.rel1.linux64_1.1.100.202309141235/tools/bin/../lib/gcc/arm-none-eabi/11.3.1/thumb/v7-m/nofp/libgcc.a
LOAD /opt/st/stm32cubeide_1.14.0/plugins/com.st.stm32cube.ide.mcu.externaltools.gnu-tools-for-stm32.11.3.rel1.linux64_1.1.100.202309141235/tools/bin/../lib/gcc/arm-none-eabi/11.3.1/../../../../arm-none-eabi/lib/thumb/v7-m/nofp/libc_nano.a
LOAD /opt/st/stm32cubeide_1.14.0/plugins/com.st.stm32cube.ide.mcu.externaltools.gnu-tools-for-stm32.11.3.rel1.linux64_1.1.100.202309141235/tools/bin/../lib/gcc/arm-none-eabi/11.3.1/../../../../arm-none-eabi/lib/thumb/v7-m/nofp/libnosys.a
END GROUP
LOAD /opt/st/stm32cubeide_1.14.0/plugins/com.st.stm32cube.ide.mcu.externaltools.gnu-tools-for-stm32.11.3.rel1.linux64_1.1.100.202309141235/tools/bin/../lib/gcc/arm-none-eabi/11.3.1/thumb/v7-m/nofp/crtend.o
LOAD /opt/st/stm32cubeide_1.14.0/plugins/com.st.stm32cube.ide.mcu.externaltools.gnu-tools-for-stm32.11.3.rel1.linux64_1.1.100.202309141235/tools/bin/../lib/gcc/arm-none-eabi/11.3.1/thumb/v7-m/nofp/crtn.o
                0x0000000020014000                _estack = (ORIGIN (RAM) + LENGTH (RAM))
                0x0000000000000200                _Min_Heap_Size = 0x200
                0x0000000000000400                _Min_Stack_Size = 0x400

.isr_vector     0x0000000008000000      0x13c
                0x0000000008000000                . = ALIGN (0x4)
 *(.isr_vector)
 .isr_vector    0x0000000008000000      0x13c ./Core/Startup/startup_stm32l152retx.o
                0x0000000008000000                g_pfnVectors
                0x000000000800013c                . = ALIGN (0x4)

.text           0x000000000800013c     0x3e4c
                0x000000000800013c                . = ALIGN (0x4)
 *(.text)
 .text          0x000000000800013c       0x40 /opt/st/stm32cubeide_1.14.0/plugins/com.st.stm32cube.ide.mcu.externaltools.gnu-tools-for-stm32.11.3.rel1.linux64_1.1.100.202309141235/tools/bin/../lib/gcc/arm-none-eabi/11.3.1/thumb/v7-m/nofp/crtbegin.o
 .text          0x000000000800017c       0x30 /opt/st/stm32cubeide_1.14.0/plugins/com.st.stm32cube.ide.mcu.externaltools.gnu-tools-for-stm32.11.3.rel1.linux64_1.1.100.202309141235/tools/bin/../lib/gcc/arm-none-eabi/11.3.1/thumb/v7-m/nofp/libgcc.a(_aeabi_uldivmod.o)
                0x000000000800017c                __aeabi_uldivmod
 .text          0x00000000080001ac      0x2cc /opt/st/stm32cubeide_1.14.0/plugins/com.st.stm32cube.ide.mcu.externaltools.gnu-tools-for-stm32.11.3.rel1.linux64_1.1.100.202309141235/tools/bin/../lib/gcc/arm-none-eabi/11.3.1/thumb/v7-m/nofp/libgcc.a(_udivmoddi4.o)
                0x00000000080001ac                __udivmoddi4
 .text          0x0000000008000478        0x4 /opt/st/stm32cubeide_1.14.0/plugins/com.st.stm32cube.ide.mcu.externaltools.gnu-tools-for-stm32.11.3.rel1.linux64_1.1.100.202309141235/tools/bin/../lib/gcc/arm-none-eabi/11.3.1/thumb/v7-m/nofp/libgcc.a(_dvmd_tls.o)
                0x0000000008000478                __aeabi_ldiv0
                0x0000000008000478                __aeabi_idiv0
 *(.text*)
 .text.HAL_MspInit
                0x000000000800047c       0x5c ./Core/Src/stm32l1xx_hal_msp.o
                0x000000000800047c                HAL_MspInit
 .text.HAL_UART_MspInit
                0x00000000080004d8      0x10c ./Core/Src/stm32l1xx_hal_msp.o
                0x00000000080004d8                HAL_UART_MspInit
 .text.NMI_Handler
                0x00000000080005e4        0x6 ./Core/Src/stm32l1xx_it.o
                0x00000000080005e4                NMI_Handler
 .text.HardFault_Handler
                0x00000000080005ea        0x6 ./Core/Src/stm32l1xx_it.o
                0x00000000080005ea                HardFault_Handler
 .text.MemManage_Handler
                0x00000000080005f0        0x6 ./Core/Src/stm32l1xx_it.o
                0x00000000080005f0                MemManage_Handler
 .text.BusFault_Handler
                0x00000000080005f6        0x6 ./Core/Src/stm32l1xx_it.o
                0x00000000080005f6                BusFault_Handler
 .text.UsageFault_Handler
                0x00000000080005fc        0x6 ./Core/Src/stm32l1xx_it.o
                0x00000000080005fc                UsageFault_Handler
 .text.SVC_Handler
                0x0000000008000602        0xc ./Core/Src/stm32l1xx_it.o
                0x0000000008000602                SVC_Handler
 .text.DebugMon_Handler
                0x000000000800060e        0xc ./Core/Src/stm32l1xx_it.o
                0x000000000800060e                DebugMon_Handler
 .text.PendSV_Handler
                0x000000000800061a        0xc ./Core/Src/stm32l1xx_it.o
                0x000000000800061a                PendSV_Handler
 .text.SystemInit
                0x0000000008000626        0xc ./Core/Src/system_stm32l1xx.o
                0x0000000008000626                SystemInit
 *fill*         0x0000000008000632        0x2 
 .text.Reset_Handler
                0x0000000008000634       0x48 ./Core/Startup/startup_stm32l152retx.o
                0x0000000008000634                Reset_Handler
 .text.Default_Handler
                0x000000000800067c        0x2 ./Core/Startup/startup_stm32l152retx.o
                0x000000000800067c                RTC_Alarm_IRQHandler
                0x000000000800067c                EXTI2_IRQHandler
                0x000000000800067c                COMP_ACQ_IRQHandler
                0x000000000800067c                TIM10_IRQHandler
                0x000000000800067c                USB_HP_IRQHandler
                0x000000000800067c                TIM6_IRQHandler
                0x000000000800067c                PVD_IRQHandler
                0x000000000800067c                EXTI3_IRQHandler
                0x000000000800067c                EXTI0_IRQHandler
                0x000000000800067c                I2C2_EV_IRQHandler
                0x000000000800067c                SPI1_IRQHandler
                0x000000000800067c                USB_FS_WKUP_IRQHandler
                0x000000000800067c                DMA2_Channel2_IRQHandler
                0x000000000800067c                DMA1_Channel4_IRQHandler
                0x000000000800067c                ADC1_IRQHandler
                0x000000000800067c                USART3_IRQHandler
                0x000000000800067c                DMA1_Channel7_IRQHandler
                0x000000000800067c                LCD_IRQHandler
                0x000000000800067c                UART5_IRQHandler
                0x000000000800067c                TIM4_IRQHandler
                0x000000000800067c                DMA2_Channel1_IRQHandler
                0x000000000800067c                I2C1_EV_IRQHandler
                0x000000000800067c                DMA1_Channel6_IRQHandler
                0x000000000800067c                DMA2_Channel4_IRQHandler
                0x000000000800067c                TIM3_IRQHandler
                0x000000000800067c                RCC_IRQHandler
                0x000000000800067c                DMA1_Channel1_IRQHandler
                0x000000000800067c                Default_Handler
                0x000000000800067c                EXTI15_10_IRQHandler
                0x000000000800067c                TIM7_IRQHandler
                0x000000000800067c                TIM5_IRQHandler
                0x000000000800067c                EXTI9_5_IRQHandler
                0x000000000800067c                TIM9_IRQHandler
                0x000000000800067c                TAMPER_STAMP_IRQHandler
                0x000000000800067c                RTC_WKUP_IRQHandler
                0x000000000800067c                SPI2_IRQHandler
                0x000000000800067c                DMA2_Channel5_IRQHandler
                0x000000000800067c                DMA1_Channel5_IRQHandler
                0x000000000800067c                USB_LP_IRQHandler
                0x000000000800067c                EXTI4_IRQHandler
                0x000000000800067c                DMA1_Channel3_IRQHandler
                0x000000000800067c                COMP_IRQHandler
                0x000000000800067c                WWDG_IRQHandler
                0x000000000800067c                TIM2_IRQHandler
                0x000000000800067c                DAC_IRQHandler
                0x000000000800067c                EXTI1_IRQHandler
                0x000000000800067c                TIM11_IRQHandler
                0x000000000800067c                I2C2_ER_IRQHandler
                0x000000000800067c                DMA1_Channel2_IRQHandler
                0x000000000800067c                FLASH_IRQHandler
                0x000000000800067c                USART1_IRQHandler
                0x000000000800067c                SPI3_IRQHandler
                0x000000000800067c                I2C1_ER_IRQHandler
                0x000000000800067c                DMA2_Channel3_IRQHandler
 .text.HAL_Init
                0x000000000800067e       0x30 ./Drivers/STM32L1xx_HAL_Driver/Src/stm32l1xx_hal.o
                0x000000000800067e                HAL_Init
 *fill*         0x00000000080006ae        0x2 
 .text.HAL_InitTick
                0x00000000080006b0       0x74 ./Drivers/STM32L1xx_HAL_Driver/Src/stm32l1xx_hal.o
                0x00000000080006b0                HAL_InitTick
 .text.HAL_IncTick
                0x0000000008000724       0x24 ./Drivers/STM32L1xx_HAL_Driver/Src/stm32l1xx_hal.o
                0x0000000008000724                HAL_IncTick
 .text.HAL_GetTick
                0x0000000008000748       0x14 ./Drivers/STM32L1xx_HAL_Driver/Src/stm32l1xx_hal.o
                0x0000000008000748                HAL_GetTick
 .text.HAL_Delay
                0x000000000800075c       0x44 ./Drivers/STM32L1xx_HAL_Driver/Src/stm32l1xx_hal.o
                0x000000000800075c                HAL_Delay
 .text.__NVIC_SetPriorityGrouping
                0x00000000080007a0       0x48 ./Drivers/STM32L1xx_HAL_Driver/Src/stm32l1xx_hal_cortex.o
 .text.__NVIC_GetPriorityGrouping
                0x00000000080007e8       0x1c ./Drivers/STM32L1xx_HAL_Driver/Src/stm32l1xx_hal_cortex.o
 .text.__NVIC_EnableIRQ
                0x0000000008000804       0x38 ./Drivers/STM32L1xx_HAL_Driver/Src/stm32l1xx_hal_cortex.o
 .text.__NVIC_SetPriority
                0x000000000800083c       0x54 ./Drivers/STM32L1xx_HAL_Driver/Src/stm32l1xx_hal_cortex.o
 .text.NVIC_EncodePriority
                0x0000000008000890       0x64 ./Drivers/STM32L1xx_HAL_Driver/Src/stm32l1xx_hal_cortex.o
 .text.SysTick_Config
                0x00000000080008f4       0x44 ./Drivers/STM32L1xx_HAL_Driver/Src/stm32l1xx_hal_cortex.o
 .text.HAL_NVIC_SetPriorityGrouping
                0x0000000008000938       0x16 ./Drivers/STM32L1xx_HAL_Driver/Src/stm32l1xx_hal_cortex.o
                0x0000000008000938                HAL_NVIC_SetPriorityGrouping
 .text.HAL_NVIC_SetPriority
                0x000000000800094e       0x38 ./Drivers/STM32L1xx_HAL_Driver/Src/stm32l1xx_hal_cortex.o
                0x000000000800094e                HAL_NVIC_SetPriority
 .text.HAL_NVIC_EnableIRQ
                0x0000000008000986       0x1c ./Drivers/STM32L1xx_HAL_Driver/Src/stm32l1xx_hal_cortex.o
                0x0000000008000986                HAL_NVIC_EnableIRQ
 .text.HAL_SYSTICK_Config
                0x00000000080009a2       0x18 ./Drivers/STM32L1xx_HAL_Driver/Src/stm32l1xx_hal_cortex.o
                0x00000000080009a2                HAL_SYSTICK_Config
 .text.HAL_SYSTICK_IRQHandler
                0x00000000080009ba        0xc ./Drivers/STM32L1xx_HAL_Driver/Src/stm32l1xx_hal_cortex.o
                0x00000000080009ba                HAL_SYSTICK_IRQHandler
 .text.HAL_SYSTICK_Callback
                0x00000000080009c6        0xc ./Drivers/STM32L1xx_HAL_Driver/Src/stm32l1xx_hal_cortex.o
                0x00000000080009c6                HAL_SYSTICK_Callback
 .text.HAL_DMA_Abort
                0x00000000080009d2       0x7a ./Drivers/STM32L1xx_HAL_Driver/Src/stm32l1xx_hal_dma.o
                0x00000000080009d2                HAL_DMA_Abort
 .text.HAL_DMA_Abort_IT
                0x0000000008000a4c       0x82 ./Drivers/STM32L1xx_HAL_Driver/Src/stm32l1xx_hal_dma.o
                0x0000000008000a4c                HAL_DMA_Abort_IT
 *fill*         0x0000000008000ace        0x2 
 .text.HAL_GPIO_Init
                0x0000000008000ad0      0x320 ./Drivers/STM32L1xx_HAL_Driver/Src/stm32l1xx_hal_gpio.o
                0x0000000008000ad0                HAL_GPIO_Init
 .text.HAL_GPIO_ReadPin
                0x0000000008000df0       0x2e ./Drivers/STM32L1xx_HAL_Driver/Src/stm32l1xx_hal_gpio.o
                0x0000000008000df0                HAL_GPIO_ReadPin
 .text.HAL_GPIO_WritePin
                0x0000000008000e1e       0x30 ./Drivers/STM32L1xx_HAL_Driver/Src/stm32l1xx_hal_gpio.o
                0x0000000008000e1e                HAL_GPIO_WritePin
 *fill*         0x0000000008000e4e        0x2 
 .text.HAL_RCC_OscConfig
                0x0000000008000e50      0x660 ./Drivers/STM32L1xx_HAL_Driver/Src/stm32l1xx_hal_rcc.o
                0x0000000008000e50                HAL_RCC_OscConfig
 .text.HAL_RCC_ClockConfig
                0x00000000080014b0      0x268 ./Drivers/STM32L1xx_HAL_Driver/Src/stm32l1xx_hal_rcc.o
                0x00000000080014b0                HAL_RCC_ClockConfig
 .text.HAL_RCC_GetSysClockFreq
                0x0000000008001718      0x17c ./Drivers/STM32L1xx_HAL_Driver/Src/stm32l1xx_hal_rcc.o
                0x0000000008001718                HAL_RCC_GetSysClockFreq
 .text.HAL_RCC_GetHCLKFreq
                0x0000000008001894       0x14 ./Drivers/STM32L1xx_HAL_Driver/Src/stm32l1xx_hal_rcc.o
                0x0000000008001894                HAL_RCC_GetHCLKFreq
 .text.HAL_RCC_GetPCLK1Freq
                0x00000000080018a8       0x28 ./Drivers/STM32L1xx_HAL_Driver/Src/stm32l1xx_hal_rcc.o
                0x00000000080018a8                HAL_RCC_GetPCLK1Freq
 .text.HAL_RCC_GetPCLK2Freq
                0x00000000080018d0       0x28 ./Drivers/STM32L1xx_HAL_Driver/Src/stm32l1xx_hal_rcc.o
                0x00000000080018d0                HAL_RCC_GetPCLK2Freq
 .text.RCC_SetFlashLatencyFromMSIRange
                0x00000000080018f8       0xc0 ./Drivers/STM32L1xx_HAL_Driver/Src/stm32l1xx_hal_rcc.o
 .text.HAL_UART_Init
                0x00000000080019b8       0xa0 ./Drivers/STM32L1xx_HAL_Driver/Src/stm32l1xx_hal_uart.o
                0x00000000080019b8                HAL_UART_Init
 .text.HAL_UART_Transmit
                0x0000000008001a58      0x106 ./Drivers/STM32L1xx_HAL_Driver/Src/stm32l1xx_hal_uart.o
                0x0000000008001a58                HAL_UART_Transmit
 .text.HAL_UART_Receive_IT
                0x0000000008001b5e       0x4a ./Drivers/STM32L1xx_HAL_Driver/Src/stm32l1xx_hal_uart.o
                0x0000000008001b5e                HAL_UART_Receive_IT
 .text.HAL_UART_IRQHandler
                0x0000000008001ba8      0x524 ./Drivers/STM32L1xx_HAL_Driver/Src/stm32l1xx_hal_uart.o
                0x0000000008001ba8                HAL_UART_IRQHandler
 .text.HAL_UART_TxCpltCallback
                0x00000000080020cc       0x12 ./Drivers/STM32L1xx_HAL_Driver/Src/stm32l1xx_hal_uart.o
                0x00000000080020cc                HAL_UART_TxCpltCallback
 .text.HAL_UART_RxCpltCallback
                0x00000000080020de       0x12 ./Drivers/STM32L1xx_HAL_Driver/Src/stm32l1xx_hal_uart.o
                0x00000000080020de                HAL_UART_RxCpltCallback
 .text.HAL_UART_ErrorCallback
                0x00000000080020f0       0x12 ./Drivers/STM32L1xx_HAL_Driver/Src/stm32l1xx_hal_uart.o
                0x00000000080020f0                HAL_UART_ErrorCallback
 .text.HAL_UARTEx_RxEventCallback
                0x0000000008002102       0x16 ./Drivers/STM32L1xx_HAL_Driver/Src/stm32l1xx_hal_uart.o
                0x0000000008002102                HAL_UARTEx_RxEventCallback
 .text.UART_WaitOnFlagUntilTimeout
                0x0000000008002118       0xdc ./Drivers/STM32L1xx_HAL_Driver/Src/stm32l1xx_hal_uart.o
 .text.UART_Start_Receive_IT
                0x00000000080021f4       0x72 ./Drivers/STM32L1xx_HAL_Driver/Src/stm32l1xx_hal_uart.o
                0x00000000080021f4                UART_Start_Receive_IT
 .text.UART_EndRxTransfer
                0x0000000008002266       0xc4 ./Drivers/STM32L1xx_HAL_Driver/Src/stm32l1xx_hal_uart.o
 .text.UART_DMAAbortOnError
                0x000000000800232a       0x28 ./Drivers/STM32L1xx_HAL_Driver/Src/stm32l1xx_hal_uart.o
 .text.UART_Transmit_IT
                0x0000000008002352       0x9e ./Drivers/STM32L1xx_HAL_Driver/Src/stm32l1xx_hal_uart.o
 .text.UART_EndTransmit_IT
                0x00000000080023f0       0x30 ./Drivers/STM32L1xx_HAL_Driver/Src/stm32l1xx_hal_uart.o
 .text.UART_Receive_IT
                0x0000000008002420      0x17c ./Drivers/STM32L1xx_HAL_Driver/Src/stm32l1xx_hal_uart.o
 .text.UART_SetConfig
                0x000000000800259c      0x1c8 ./Drivers/STM32L1xx_HAL_Driver/Src/stm32l1xx_hal_uart.o
 .text.TM1637_ClkHigh
                0x0000000008002764       0x18 ./User/TM1637/TM1637.o
                0x0000000008002764                TM1637_ClkHigh
 .text.TM1637_ClkLow
                0x000000000800277c       0x18 ./User/TM1637/TM1637.o
                0x000000000800277c                TM1637_ClkLow
 .text.TM1637_DataHigh
                0x0000000008002794       0x18 ./User/TM1637/TM1637.o
                0x0000000008002794                TM1637_DataHigh
 .text.TM1637_DataLow
                0x00000000080027ac       0x18 ./User/TM1637/TM1637.o
                0x00000000080027ac                TM1637_DataLow
 .text.TM1637_Display_4_char
                0x00000000080027c4       0xa8 ./User/TM1637/TM1637.o
                0x00000000080027c4                TM1637_Display_4_char
 .text.TM1637_SetBrightness
                0x000000000800286c       0x2a ./User/TM1637/TM1637.o
                0x000000000800286c                TM1637_SetBrightness
 .text.TM1637_Start
                0x0000000008002896       0x1a ./User/TM1637/TM1637.o
                0x0000000008002896                TM1637_Start
 .text.TM1637_Stop
                0x00000000080028b0       0x2a ./User/TM1637/TM1637.o
                0x00000000080028b0                TM1637_Stop
 .text.TM1637_ReadResult
                0x00000000080028da       0x20 ./User/TM1637/TM1637.o
                0x00000000080028da                TM1637_ReadResult
 .text.TM1637_WriteByte
                0x00000000080028fa       0x54 ./User/TM1637/TM1637.o
                0x00000000080028fa                TM1637_WriteByte
 .text.TM1637_DelayUsec
                0x000000000800294e       0x36 ./User/TM1637/TM1637.o
                0x000000000800294e                TM1637_DelayUsec
 .text.GPIO_sensor_init
                0x0000000008002984       0xe4 ./User/board/board.o
                0x0000000008002984                GPIO_sensor_init
 .text.get_current_level
                0x0000000008002a68      0x16c ./User/board/board.o
                0x0000000008002a68                get_current_level
 .text.board_init
                0x0000000008002bd4       0x40 ./User/board/board.o
                0x0000000008002bd4                board_init
 .text.SystemClock_Config
                0x0000000008002c14       0x9c ./User/board/board.o
                0x0000000008002c14                SystemClock_Config
 .text.MX_UART4_Init
                0x0000000008002cb0       0x54 ./User/board/board.o
 .text.MX_USART2_UART_Init
                0x0000000008002d04       0x54 ./User/board/board.o
 .text.MX_GPIO_Init
                0x0000000008002d58       0x84 ./User/board/board.o
 .text.Error_Handler
                0x0000000008002ddc        0xa ./User/board/board.o
                0x0000000008002ddc                Error_Handler
 *fill*         0x0000000008002de6        0x2 
 .text.main     0x0000000008002de8      0x1d8 ./User/main.o
                0x0000000008002de8                main
 .text.SysTick_Handler
                0x0000000008002fc0      0x338 ./User/main.o
                0x0000000008002fc0                SysTick_Handler
 .text.USART2_IRQHandler
                0x00000000080032f8       0x58 ./User/main.o
                0x00000000080032f8                USART2_IRQHandler
 .text.UART4_IRQHandler
                0x0000000008003350       0x80 ./User/main.o
                0x0000000008003350                UART4_IRQHandler
 .text.send_msg_to_linux
                0x00000000080033d0       0x40 ./User/main.o
                0x00000000080033d0                send_msg_to_linux
 .text.blink_led_delay
                0x0000000008003410      0x22c ./User/main.o
                0x0000000008003410                blink_led_delay
 .text.elevator_process_force
                0x000000000800363c       0x60 ./User/main.o
                0x000000000800363c                elevator_process_force
 .text.show_display
                0x000000000800369c      0x160 ./User/main.o
                0x000000000800369c                show_display
 .text.matrix_init
                0x00000000080037fc      0x104 ./User/matric_button/lkv_matrix_button.o
                0x00000000080037fc                matrix_init
 .text.get_row  0x0000000008003900       0x98 ./User/matric_button/lkv_matrix_button.o
                0x0000000008003900                get_row
 .text.set_colum
                0x0000000008003998      0x110 ./User/matric_button/lkv_matrix_button.o
                0x0000000008003998                set_colum
 .text.get_char_user
                0x0000000008003aa8      0x104 ./User/matric_button/lkv_matrix_button.o
                0x0000000008003aa8                get_char_user
 .text.lkv_stepmotor_coil_setval
                0x0000000008003bac       0x60 ./User/step_motor/step_motor.o
                0x0000000008003bac                lkv_stepmotor_coil_setval
 .text.lkv_stepmotor_run_up
                0x0000000008003c0c       0xfc ./User/step_motor/step_motor.o
                0x0000000008003c0c                lkv_stepmotor_run_up
 .text.lkv_stepmotor_run_down
                0x0000000008003d08       0xfc ./User/step_motor/step_motor.o
                0x0000000008003d08                lkv_stepmotor_run_down
 .text.lkv_stepmotor_gpio_init
                0x0000000008003e04       0xa8 ./User/step_motor/step_motor.o
                0x0000000008003e04                lkv_stepmotor_gpio_init
 .text.lkv_stepmotor_process
                0x0000000008003eac       0x6c ./User/step_motor/step_motor.o
                0x0000000008003eac                lkv_stepmotor_process
 .text.memset   0x0000000008003f18       0x10 /opt/st/stm32cubeide_1.14.0/plugins/com.st.stm32cube.ide.mcu.externaltools.gnu-tools-for-stm32.11.3.rel1.linux64_1.1.100.202309141235/tools/bin/../lib/gcc/arm-none-eabi/11.3.1/../../../../arm-none-eabi/lib/thumb/v7-m/nofp/libc_nano.a(libc_a-memset.o)
                0x0000000008003f18                memset
 .text.__libc_init_array
                0x0000000008003f28       0x48 /opt/st/stm32cubeide_1.14.0/plugins/com.st.stm32cube.ide.mcu.externaltools.gnu-tools-for-stm32.11.3.rel1.linux64_1.1.100.202309141235/tools/bin/../lib/gcc/arm-none-eabi/11.3.1/../../../../arm-none-eabi/lib/thumb/v7-m/nofp/libc_nano.a(libc_a-init.o)
                0x0000000008003f28                __libc_init_array
 *(.glue_7)
 .glue_7        0x0000000008003f70        0x0 linker stubs
 *(.glue_7t)
 .glue_7t       0x0000000008003f70        0x0 linker stubs
 *(.eh_frame)
 .eh_frame      0x0000000008003f70        0x0 /opt/st/stm32cubeide_1.14.0/plugins/com.st.stm32cube.ide.mcu.externaltools.gnu-tools-for-stm32.11.3.rel1.linux64_1.1.100.202309141235/tools/bin/../lib/gcc/arm-none-eabi/11.3.1/thumb/v7-m/nofp/crtbegin.o
 *(.init)
 .init          0x0000000008003f70        0x4 /opt/st/stm32cubeide_1.14.0/plugins/com.st.stm32cube.ide.mcu.externaltools.gnu-tools-for-stm32.11.3.rel1.linux64_1.1.100.202309141235/tools/bin/../lib/gcc/arm-none-eabi/11.3.1/thumb/v7-m/nofp/crti.o
                0x0000000008003f70                _init
 .init          0x0000000008003f74        0x8 /opt/st/stm32cubeide_1.14.0/plugins/com.st.stm32cube.ide.mcu.externaltools.gnu-tools-for-stm32.11.3.rel1.linux64_1.1.100.202309141235/tools/bin/../lib/gcc/arm-none-eabi/11.3.1/thumb/v7-m/nofp/crtn.o
 *(.fini)
 .fini          0x0000000008003f7c        0x4 /opt/st/stm32cubeide_1.14.0/plugins/com.st.stm32cube.ide.mcu.externaltools.gnu-tools-for-stm32.11.3.rel1.linux64_1.1.100.202309141235/tools/bin/../lib/gcc/arm-none-eabi/11.3.1/thumb/v7-m/nofp/crti.o
                0x0000000008003f7c                _fini
 .fini          0x0000000008003f80        0x8 /opt/st/stm32cubeide_1.14.0/plugins/com.st.stm32cube.ide.mcu.externaltools.gnu-tools-for-stm32.11.3.rel1.linux64_1.1.100.202309141235/tools/bin/../lib/gcc/arm-none-eabi/11.3.1/thumb/v7-m/nofp/crtn.o
                0x0000000008003f88                . = ALIGN (0x4)
                0x0000000008003f88                _etext = .

.vfp11_veneer   0x0000000008003f88        0x0
 .vfp11_veneer  0x0000000008003f88        0x0 linker stubs

.v4_bx          0x0000000008003f88        0x0
 .v4_bx         0x0000000008003f88        0x0 linker stubs

.iplt           0x0000000008003f88        0x0
 .iplt          0x0000000008003f88        0x0 /opt/st/stm32cubeide_1.14.0/plugins/com.st.stm32cube.ide.mcu.externaltools.gnu-tools-for-stm32.11.3.rel1.linux64_1.1.100.202309141235/tools/bin/../lib/gcc/arm-none-eabi/11.3.1/thumb/v7-m/nofp/crtbegin.o

.rodata         0x0000000008003f88       0x44
                0x0000000008003f88                . = ALIGN (0x4)
 *(.rodata)
 *(.rodata*)
 .rodata.PLLMulTable
                0x0000000008003f88        0x9 ./Core/Src/system_stm32l1xx.o
                0x0000000008003f88                PLLMulTable
 *fill*         0x0000000008003f91        0x3 
 .rodata.AHBPrescTable
                0x0000000008003f94       0x10 ./Core/Src/system_stm32l1xx.o
                0x0000000008003f94                AHBPrescTable
 .rodata.APBPrescTable
                0x0000000008003fa4        0x8 ./Core/Src/system_stm32l1xx.o
                0x0000000008003fa4                APBPrescTable
 .rodata.segmentMap
                0x0000000008003fac       0x1f ./User/TM1637/TM1637.o
                0x0000000008003fac                segmentMap
                0x0000000008003fcc                . = ALIGN (0x4)
 *fill*         0x0000000008003fcb        0x1 

.ARM.extab      0x0000000008003fcc        0x0
                0x0000000008003fcc                . = ALIGN (0x4)
 *(.ARM.extab* .gnu.linkonce.armextab.*)
                0x0000000008003fcc                . = ALIGN (0x4)

.ARM            0x0000000008003fcc        0x8
                0x0000000008003fcc                . = ALIGN (0x4)
                0x0000000008003fcc                __exidx_start = .
 *(.ARM.exidx*)
 .ARM.exidx     0x0000000008003fcc        0x8 /opt/st/stm32cubeide_1.14.0/plugins/com.st.stm32cube.ide.mcu.externaltools.gnu-tools-for-stm32.11.3.rel1.linux64_1.1.100.202309141235/tools/bin/../lib/gcc/arm-none-eabi/11.3.1/thumb/v7-m/nofp/libgcc.a(_udivmoddi4.o)
                0x0000000008003fd4                __exidx_end = .
                0x0000000008003fd4                . = ALIGN (0x4)

.rel.dyn        0x0000000008003fd4        0x0
 .rel.iplt      0x0000000008003fd4        0x0 /opt/st/stm32cubeide_1.14.0/plugins/com.st.stm32cube.ide.mcu.externaltools.gnu-tools-for-stm32.11.3.rel1.linux64_1.1.100.202309141235/tools/bin/../lib/gcc/arm-none-eabi/11.3.1/thumb/v7-m/nofp/crtbegin.o

.preinit_array  0x0000000008003fd4        0x0
                0x0000000008003fd4                . = ALIGN (0x4)
                0x0000000008003fd4                PROVIDE (__preinit_array_start = .)
 *(.preinit_array*)
                0x0000000008003fd4                PROVIDE (__preinit_array_end = .)
                0x0000000008003fd4                . = ALIGN (0x4)

.init_array     0x0000000008003fd4        0x4
                0x0000000008003fd4                . = ALIGN (0x4)
                0x0000000008003fd4                PROVIDE (__init_array_start = .)
 *(SORT_BY_NAME(.init_array.*))
 *(.init_array*)
 .init_array    0x0000000008003fd4        0x4 /opt/st/stm32cubeide_1.14.0/plugins/com.st.stm32cube.ide.mcu.externaltools.gnu-tools-for-stm32.11.3.rel1.linux64_1.1.100.202309141235/tools/bin/../lib/gcc/arm-none-eabi/11.3.1/thumb/v7-m/nofp/crtbegin.o
                0x0000000008003fd8                PROVIDE (__init_array_end = .)
                0x0000000008003fd8                . = ALIGN (0x4)

.fini_array     0x0000000008003fd8        0x4
                0x0000000008003fd8                . = ALIGN (0x4)
                [!provide]                        PROVIDE (__fini_array_start = .)
 *(SORT_BY_NAME(.fini_array.*))
 *(.fini_array*)
 .fini_array    0x0000000008003fd8        0x4 /opt/st/stm32cubeide_1.14.0/plugins/com.st.stm32cube.ide.mcu.externaltools.gnu-tools-for-stm32.11.3.rel1.linux64_1.1.100.202309141235/tools/bin/../lib/gcc/arm-none-eabi/11.3.1/thumb/v7-m/nofp/crtbegin.o
                [!provide]                        PROVIDE (__fini_array_end = .)
                0x0000000008003fdc                . = ALIGN (0x4)
                0x0000000008003fdc                _sidata = LOADADDR (.data)

.data           0x0000000020000000        0xc load address 0x0000000008003fdc
                0x0000000020000000                . = ALIGN (0x4)
                0x0000000020000000                _sdata = .
 *(.data)
 *(.data*)
 .data.SystemCoreClock
                0x0000000020000000        0x4 ./Core/Src/system_stm32l1xx.o
                0x0000000020000000                SystemCoreClock
 .data.uwTickPrio
                0x0000000020000004        0x4 ./Drivers/STM32L1xx_HAL_Driver/Src/stm32l1xx_hal.o
                0x0000000020000004                uwTickPrio
 .data.uwTickFreq
                0x0000000020000008        0x4 ./Drivers/STM32L1xx_HAL_Driver/Src/stm32l1xx_hal.o
                0x0000000020000008                uwTickFreq
 *(.RamFunc)
 *(.RamFunc*)
                0x000000002000000c                . = ALIGN (0x4)
                0x000000002000000c                _edata = .

.igot.plt       0x000000002000000c        0x0 load address 0x0000000008003fe8
 .igot.plt      0x000000002000000c        0x0 /opt/st/stm32cubeide_1.14.0/plugins/com.st.stm32cube.ide.mcu.externaltools.gnu-tools-for-stm32.11.3.rel1.linux64_1.1.100.202309141235/tools/bin/../lib/gcc/arm-none-eabi/11.3.1/thumb/v7-m/nofp/crtbegin.o
                0x000000002000000c                . = ALIGN (0x4)

.bss            0x000000002000000c      0x4f0 load address 0x0000000008003fe8
                0x000000002000000c                _sbss = .
                0x000000002000000c                __bss_start__ = _sbss
 *(.bss)
 .bss           0x000000002000000c       0x1c /opt/st/stm32cubeide_1.14.0/plugins/com.st.stm32cube.ide.mcu.externaltools.gnu-tools-for-stm32.11.3.rel1.linux64_1.1.100.202309141235/tools/bin/../lib/gcc/arm-none-eabi/11.3.1/thumb/v7-m/nofp/crtbegin.o
 *(.bss*)
 .bss.uwTick    0x0000000020000028        0x4 ./Drivers/STM32L1xx_HAL_Driver/Src/stm32l1xx_hal.o
                0x0000000020000028                uwTick
 .bss.huart4    0x000000002000002c       0x48 ./User/board/board.o
                0x000000002000002c                huart4
 .bss.huart2    0x0000000020000074       0x48 ./User/board/board.o
                0x0000000020000074                huart2
 .bss.ss_arr    0x00000000200000bc        0x6 ./User/board/board.o
                0x00000000200000bc                ss_arr
 .bss.user_char
                0x00000000200000c2        0x1 ./User/main.o
                0x00000000200000c2                user_char
 .bss.status_cabin
                0x00000000200000c3        0x1 ./User/main.o
                0x00000000200000c3                status_cabin
 .bss.mqtt_index
                0x00000000200000c4        0x1 ./User/main.o
                0x00000000200000c4                mqtt_index
 .bss.is_new_linux_msg
                0x00000000200000c5        0x1 ./User/main.o
                0x00000000200000c5                is_new_linux_msg
 *fill*         0x00000000200000c6        0x2 
 .bss.wait_timeot
                0x00000000200000c8        0x4 ./User/main.o
                0x00000000200000c8                wait_timeot
 .bss.current_level
                0x00000000200000cc        0x1 ./User/main.o
                0x00000000200000cc                current_level
 .bss.target_level_next_time
                0x00000000200000cd        0x1 ./User/main.o
                0x00000000200000cd                target_level_next_time
 .bss.target_level
                0x00000000200000ce        0x1 ./User/main.o
                0x00000000200000ce                target_level
 *fill*         0x00000000200000cf        0x1 
 .bss.buff_mqtt_slave
                0x00000000200000d0       0x20 ./User/main.o
                0x00000000200000d0                buff_mqtt_slave
 .bss.g_sys_time
                0x00000000200000f0        0x4 ./User/main.o
                0x00000000200000f0                g_sys_time
 .bss.buff_rx   0x00000000200000f4        0x1 ./User/main.o
                0x00000000200000f4                buff_rx
 .bss.buff_rx_mqtt
                0x00000000200000f5        0x1 ./User/main.o
                0x00000000200000f5                buff_rx_mqtt
 *fill*         0x00000000200000f6        0x2 
 .bss.ring_buffer
                0x00000000200000f8      0x400 ./User/main.o
                0x00000000200000f8                ring_buffer
 .bss.front_index
                0x00000000200004f8        0x2 ./User/main.o
                0x00000000200004f8                front_index
 *(COMMON)
                0x00000000200004fc                . = ALIGN (0x4)
 *fill*         0x00000000200004fa        0x2 
                0x00000000200004fc                _ebss = .
                0x00000000200004fc                __bss_end__ = _ebss

._user_heap_stack
                0x00000000200004fc      0x604 load address 0x0000000008003fe8
                0x0000000020000500                . = ALIGN (0x8)
 *fill*         0x00000000200004fc        0x4 
                [!provide]                        PROVIDE (end = .)
                0x0000000020000500                PROVIDE (_end = .)
                0x0000000020000700                . = (. + _Min_Heap_Size)
 *fill*         0x0000000020000500      0x200 
                0x0000000020000b00                . = (. + _Min_Stack_Size)
 *fill*         0x0000000020000700      0x400 
                0x0000000020000b00                . = ALIGN (0x8)

/DISCARD/
 libc.a(*)
 libm.a(*)
 libgcc.a(*)

.ARM.attributes
                0x0000000000000000       0x29
 *(.ARM.attributes)
 .ARM.attributes
                0x0000000000000000       0x1d /opt/st/stm32cubeide_1.14.0/plugins/com.st.stm32cube.ide.mcu.externaltools.gnu-tools-for-stm32.11.3.rel1.linux64_1.1.100.202309141235/tools/bin/../lib/gcc/arm-none-eabi/11.3.1/thumb/v7-m/nofp/crti.o
 .ARM.attributes
                0x000000000000001d       0x2d /opt/st/stm32cubeide_1.14.0/plugins/com.st.stm32cube.ide.mcu.externaltools.gnu-tools-for-stm32.11.3.rel1.linux64_1.1.100.202309141235/tools/bin/../lib/gcc/arm-none-eabi/11.3.1/thumb/v7-m/nofp/crtbegin.o
 .ARM.attributes
                0x000000000000004a       0x2d ./Core/Src/stm32l1xx_hal_msp.o
 .ARM.attributes
                0x0000000000000077       0x2d ./Core/Src/stm32l1xx_it.o
 .ARM.attributes
                0x00000000000000a4       0x2d ./Core/Src/system_stm32l1xx.o
 .ARM.attributes
                0x00000000000000d1       0x21 ./Core/Startup/startup_stm32l152retx.o
 .ARM.attributes
                0x00000000000000f2       0x2d ./Drivers/STM32L1xx_HAL_Driver/Src/stm32l1xx_hal.o
 .ARM.attributes
                0x000000000000011f       0x2d ./Drivers/STM32L1xx_HAL_Driver/Src/stm32l1xx_hal_cortex.o
 .ARM.attributes
                0x000000000000014c       0x2d ./Drivers/STM32L1xx_HAL_Driver/Src/stm32l1xx_hal_dma.o
 .ARM.attributes
                0x0000000000000179       0x2d ./Drivers/STM32L1xx_HAL_Driver/Src/stm32l1xx_hal_gpio.o
 .ARM.attributes
                0x00000000000001a6       0x2d ./Drivers/STM32L1xx_HAL_Driver/Src/stm32l1xx_hal_rcc.o
 .ARM.attributes
                0x00000000000001d3       0x2d ./Drivers/STM32L1xx_HAL_Driver/Src/stm32l1xx_hal_uart.o
 .ARM.attributes
                0x0000000000000200       0x2d ./User/TM1637/TM1637.o
 .ARM.attributes
                0x000000000000022d       0x2d ./User/board/board.o
 .ARM.attributes
                0x000000000000025a       0x2d ./User/main.o
 .ARM.attributes
                0x0000000000000287       0x2d ./User/matric_button/lkv_matrix_button.o
 .ARM.attributes
                0x00000000000002b4       0x2d ./User/step_motor/step_motor.o
 .ARM.attributes
                0x00000000000002e1       0x2d /opt/st/stm32cubeide_1.14.0/plugins/com.st.stm32cube.ide.mcu.externaltools.gnu-tools-for-stm32.11.3.rel1.linux64_1.1.100.202309141235/tools/bin/../lib/gcc/arm-none-eabi/11.3.1/../../../../arm-none-eabi/lib/thumb/v7-m/nofp/libc_nano.a(libc_a-memset.o)
 .ARM.attributes
                0x000000000000030e       0x2d /opt/st/stm32cubeide_1.14.0/plugins/com.st.stm32cube.ide.mcu.externaltools.gnu-tools-for-stm32.11.3.rel1.linux64_1.1.100.202309141235/tools/bin/../lib/gcc/arm-none-eabi/11.3.1/../../../../arm-none-eabi/lib/thumb/v7-m/nofp/libc_nano.a(libc_a-init.o)
 .ARM.attributes
                0x000000000000033b       0x1d /opt/st/stm32cubeide_1.14.0/plugins/com.st.stm32cube.ide.mcu.externaltools.gnu-tools-for-stm32.11.3.rel1.linux64_1.1.100.202309141235/tools/bin/../lib/gcc/arm-none-eabi/11.3.1/thumb/v7-m/nofp/libgcc.a(_aeabi_uldivmod.o)
 .ARM.attributes
                0x0000000000000358       0x2d /opt/st/stm32cubeide_1.14.0/plugins/com.st.stm32cube.ide.mcu.externaltools.gnu-tools-for-stm32.11.3.rel1.linux64_1.1.100.202309141235/tools/bin/../lib/gcc/arm-none-eabi/11.3.1/thumb/v7-m/nofp/libgcc.a(_udivmoddi4.o)
 .ARM.attributes
                0x0000000000000385       0x1d /opt/st/stm32cubeide_1.14.0/plugins/com.st.stm32cube.ide.mcu.externaltools.gnu-tools-for-stm32.11.3.rel1.linux64_1.1.100.202309141235/tools/bin/../lib/gcc/arm-none-eabi/11.3.1/thumb/v7-m/nofp/libgcc.a(_dvmd_tls.o)
 .ARM.attributes
                0x00000000000003a2       0x1d /opt/st/stm32cubeide_1.14.0/plugins/com.st.stm32cube.ide.mcu.externaltools.gnu-tools-for-stm32.11.3.rel1.linux64_1.1.100.202309141235/tools/bin/../lib/gcc/arm-none-eabi/11.3.1/thumb/v7-m/nofp/crtn.o
OUTPUT(bms_l152.elf elf32-littlearm)
LOAD linker stubs
LOAD /opt/st/stm32cubeide_1.14.0/plugins/com.st.stm32cube.ide.mcu.externaltools.gnu-tools-for-stm32.11.3.rel1.linux64_1.1.100.202309141235/tools/bin/../lib/gcc/arm-none-eabi/11.3.1/../../../../arm-none-eabi/lib/thumb/v7-m/nofp/libc.a
LOAD /opt/st/stm32cubeide_1.14.0/plugins/com.st.stm32cube.ide.mcu.externaltools.gnu-tools-for-stm32.11.3.rel1.linux64_1.1.100.202309141235/tools/bin/../lib/gcc/arm-none-eabi/11.3.1/../../../../arm-none-eabi/lib/thumb/v7-m/nofp/libm.a
LOAD /opt/st/stm32cubeide_1.14.0/plugins/com.st.stm32cube.ide.mcu.externaltools.gnu-tools-for-stm32.11.3.rel1.linux64_1.1.100.202309141235/tools/bin/../lib/gcc/arm-none-eabi/11.3.1/thumb/v7-m/nofp/libgcc.a

.comment        0x0000000000000000       0x43
 .comment       0x0000000000000000       0x43 /opt/st/stm32cubeide_1.14.0/plugins/com.st.stm32cube.ide.mcu.externaltools.gnu-tools-for-stm32.11.3.rel1.linux64_1.1.100.202309141235/tools/bin/../lib/gcc/arm-none-eabi/11.3.1/thumb/v7-m/nofp/crtbegin.o
                                         0x44 (size before relaxing)
 .comment       0x0000000000000043       0x44 ./Core/Src/stm32l1xx_hal_msp.o
 .comment       0x0000000000000043       0x44 ./Core/Src/stm32l1xx_it.o
 .comment       0x0000000000000043       0x44 ./Core/Src/system_stm32l1xx.o
 .comment       0x0000000000000043       0x44 ./Drivers/STM32L1xx_HAL_Driver/Src/stm32l1xx_hal.o
 .comment       0x0000000000000043       0x44 ./Drivers/STM32L1xx_HAL_Driver/Src/stm32l1xx_hal_cortex.o
 .comment       0x0000000000000043       0x44 ./Drivers/STM32L1xx_HAL_Driver/Src/stm32l1xx_hal_dma.o
 .comment       0x0000000000000043       0x44 ./Drivers/STM32L1xx_HAL_Driver/Src/stm32l1xx_hal_gpio.o
 .comment       0x0000000000000043       0x44 ./Drivers/STM32L1xx_HAL_Driver/Src/stm32l1xx_hal_rcc.o
 .comment       0x0000000000000043       0x44 ./Drivers/STM32L1xx_HAL_Driver/Src/stm32l1xx_hal_uart.o
 .comment       0x0000000000000043       0x44 ./User/TM1637/TM1637.o
 .comment       0x0000000000000043       0x44 ./User/board/board.o
 .comment       0x0000000000000043       0x44 ./User/main.o
 .comment       0x0000000000000043       0x44 ./User/matric_button/lkv_matrix_button.o
 .comment       0x0000000000000043       0x44 ./User/step_motor/step_motor.o

.debug_info     0x0000000000000000     0x91fe
 .debug_info    0x0000000000000000      0xa13 ./Core/Src/stm32l1xx_hal_msp.o
 .debug_info    0x0000000000000a13       0xf8 ./Core/Src/stm32l1xx_it.o
 .debug_info    0x0000000000000b0b      0x27c ./Core/Src/system_stm32l1xx.o
 .debug_info    0x0000000000000d87       0x23 ./Core/Startup/startup_stm32l152retx.o
 .debug_info    0x0000000000000daa      0x6ef ./Drivers/STM32L1xx_HAL_Driver/Src/stm32l1xx_hal.o
 .debug_info    0x0000000000001499      0xcb0 ./Drivers/STM32L1xx_HAL_Driver/Src/stm32l1xx_hal_cortex.o
 .debug_info    0x0000000000002149      0x6c7 ./Drivers/STM32L1xx_HAL_Driver/Src/stm32l1xx_hal_dma.o
 .debug_info    0x0000000000002810      0x5b2 ./Drivers/STM32L1xx_HAL_Driver/Src/stm32l1xx_hal_gpio.o
 .debug_info    0x0000000000002dc2      0x991 ./Drivers/STM32L1xx_HAL_Driver/Src/stm32l1xx_hal_rcc.o
 .debug_info    0x0000000000003753     0x2faa ./Drivers/STM32L1xx_HAL_Driver/Src/stm32l1xx_hal_uart.o
 .debug_info    0x00000000000066fd      0x415 ./User/TM1637/TM1637.o
 .debug_info    0x0000000000006b12      0xc2e ./User/board/board.o
 .debug_info    0x0000000000007740     0x10b9 ./User/main.o
 .debug_info    0x00000000000087f9      0x478 ./User/matric_button/lkv_matrix_button.o
 .debug_info    0x0000000000008c71      0x58d ./User/step_motor/step_motor.o

.debug_abbrev   0x0000000000000000     0x1cfc
 .debug_abbrev  0x0000000000000000      0x1b2 ./Core/Src/stm32l1xx_hal_msp.o
 .debug_abbrev  0x00000000000001b2       0x47 ./Core/Src/stm32l1xx_it.o
 .debug_abbrev  0x00000000000001f9      0x11c ./Core/Src/system_stm32l1xx.o
 .debug_abbrev  0x0000000000000315       0x12 ./Core/Startup/startup_stm32l152retx.o
 .debug_abbrev  0x0000000000000327      0x275 ./Drivers/STM32L1xx_HAL_Driver/Src/stm32l1xx_hal.o
 .debug_abbrev  0x000000000000059c      0x327 ./Drivers/STM32L1xx_HAL_Driver/Src/stm32l1xx_hal_cortex.o
 .debug_abbrev  0x00000000000008c3      0x201 ./Drivers/STM32L1xx_HAL_Driver/Src/stm32l1xx_hal_dma.o
 .debug_abbrev  0x0000000000000ac4      0x1d4 ./Drivers/STM32L1xx_HAL_Driver/Src/stm32l1xx_hal_gpio.o
 .debug_abbrev  0x0000000000000c98      0x2b8 ./Drivers/STM32L1xx_HAL_Driver/Src/stm32l1xx_hal_rcc.o
 .debug_abbrev  0x0000000000000f50      0x2f7 ./Drivers/STM32L1xx_HAL_Driver/Src/stm32l1xx_hal_uart.o
 .debug_abbrev  0x0000000000001247      0x1a3 ./User/TM1637/TM1637.o
 .debug_abbrev  0x00000000000013ea      0x282 ./User/board/board.o
 .debug_abbrev  0x000000000000166c      0x31b ./User/main.o
 .debug_abbrev  0x0000000000001987      0x1e2 ./User/matric_button/lkv_matrix_button.o
 .debug_abbrev  0x0000000000001b69      0x193 ./User/step_motor/step_motor.o

.debug_aranges  0x0000000000000000      0x818
 .debug_aranges
                0x0000000000000000       0x30 ./Core/Src/stm32l1xx_hal_msp.o
 .debug_aranges
                0x0000000000000030       0x58 ./Core/Src/stm32l1xx_it.o
 .debug_aranges
                0x0000000000000088       0x28 ./Core/Src/system_stm32l1xx.o
 .debug_aranges
                0x00000000000000b0       0x28 ./Core/Startup/startup_stm32l152retx.o
 .debug_aranges
                0x00000000000000d8       0xe0 ./Drivers/STM32L1xx_HAL_Driver/Src/stm32l1xx_hal.o
 .debug_aranges
                0x00000000000001b8      0x118 ./Drivers/STM32L1xx_HAL_Driver/Src/stm32l1xx_hal_cortex.o
 .debug_aranges
                0x00000000000002d0       0x80 ./Drivers/STM32L1xx_HAL_Driver/Src/stm32l1xx_hal_dma.o
 .debug_aranges
                0x0000000000000350       0x58 ./Drivers/STM32L1xx_HAL_Driver/Src/stm32l1xx_hal_gpio.o
 .debug_aranges
                0x00000000000003a8       0x90 ./Drivers/STM32L1xx_HAL_Driver/Src/stm32l1xx_hal_rcc.o
 .debug_aranges
                0x0000000000000438      0x208 ./Drivers/STM32L1xx_HAL_Driver/Src/stm32l1xx_hal_uart.o
 .debug_aranges
                0x0000000000000640       0x88 ./User/TM1637/TM1637.o
 .debug_aranges
                0x00000000000006c8       0x60 ./User/board/board.o
 .debug_aranges
                0x0000000000000728       0x70 ./User/main.o
 .debug_aranges
                0x0000000000000798       0x40 ./User/matric_button/lkv_matrix_button.o
 .debug_aranges
                0x00000000000007d8       0x40 ./User/step_motor/step_motor.o

.debug_rnglists
                0x0000000000000000      0x62b
 .debug_rnglists
                0x0000000000000000       0x20 ./Core/Src/stm32l1xx_hal_msp.o
 .debug_rnglists
                0x0000000000000020       0x3d ./Core/Src/stm32l1xx_it.o
 .debug_rnglists
                0x000000000000005d       0x1a ./Core/Src/system_stm32l1xx.o
 .debug_rnglists
                0x0000000000000077       0x19 ./Core/Startup/startup_stm32l152retx.o
 .debug_rnglists
                0x0000000000000090       0xa3 ./Drivers/STM32L1xx_HAL_Driver/Src/stm32l1xx_hal.o
 .debug_rnglists
                0x0000000000000133       0xce ./Drivers/STM32L1xx_HAL_Driver/Src/stm32l1xx_hal_cortex.o
 .debug_rnglists
                0x0000000000000201       0x64 ./Drivers/STM32L1xx_HAL_Driver/Src/stm32l1xx_hal_dma.o
 .debug_rnglists
                0x0000000000000265       0x3f ./Drivers/STM32L1xx_HAL_Driver/Src/stm32l1xx_hal_gpio.o
 .debug_rnglists
                0x00000000000002a4       0x6d ./Drivers/STM32L1xx_HAL_Driver/Src/stm32l1xx_hal_rcc.o
 .debug_rnglists
                0x0000000000000311      0x1bc ./Drivers/STM32L1xx_HAL_Driver/Src/stm32l1xx_hal_uart.o
 .debug_rnglists
                0x00000000000004cd       0x63 ./User/TM1637/TM1637.o
 .debug_rnglists
                0x0000000000000530       0x47 ./User/board/board.o
 .debug_rnglists
                0x0000000000000577       0x56 ./User/main.o
 .debug_rnglists
                0x00000000000005cd       0x30 ./User/matric_button/lkv_matrix_button.o
 .debug_rnglists
                0x00000000000005fd       0x2e ./User/step_motor/step_motor.o

.debug_macro    0x0000000000000000    0x151a4
 .debug_macro   0x0000000000000000      0x1b4 ./Core/Src/stm32l1xx_hal_msp.o
 .debug_macro   0x00000000000001b4      0xa9c ./Core/Src/stm32l1xx_hal_msp.o
 .debug_macro   0x0000000000000c50      0x109 ./Core/Src/stm32l1xx_hal_msp.o
 .debug_macro   0x0000000000000d59       0x2e ./Core/Src/stm32l1xx_hal_msp.o
 .debug_macro   0x0000000000000d87       0x22 ./Core/Src/stm32l1xx_hal_msp.o
 .debug_macro   0x0000000000000da9       0x22 ./Core/Src/stm32l1xx_hal_msp.o
 .debug_macro   0x0000000000000dcb       0x8e ./Core/Src/stm32l1xx_hal_msp.o
 .debug_macro   0x0000000000000e59       0x51 ./Core/Src/stm32l1xx_hal_msp.o
 .debug_macro   0x0000000000000eaa      0x103 ./Core/Src/stm32l1xx_hal_msp.o
 .debug_macro   0x0000000000000fad       0x6a ./Core/Src/stm32l1xx_hal_msp.o
 .debug_macro   0x0000000000001017      0x1df ./Core/Src/stm32l1xx_hal_msp.o
 .debug_macro   0x00000000000011f6       0x1c ./Core/Src/stm32l1xx_hal_msp.o
 .debug_macro   0x0000000000001212       0x22 ./Core/Src/stm32l1xx_hal_msp.o
 .debug_macro   0x0000000000001234       0xbd ./Core/Src/stm32l1xx_hal_msp.o
 .debug_macro   0x00000000000012f1      0xe49 ./Core/Src/stm32l1xx_hal_msp.o
 .debug_macro   0x000000000000213a      0x11f ./Core/Src/stm32l1xx_hal_msp.o
 .debug_macro   0x0000000000002259     0xb56a ./Core/Src/stm32l1xx_hal_msp.o
 .debug_macro   0x000000000000d7c3       0x6d ./Core/Src/stm32l1xx_hal_msp.o
 .debug_macro   0x000000000000d830     0x34cc ./Core/Src/stm32l1xx_hal_msp.o
 .debug_macro   0x0000000000010cfc      0x174 ./Core/Src/stm32l1xx_hal_msp.o
 .debug_macro   0x0000000000010e70       0x5b ./Core/Src/stm32l1xx_hal_msp.o
 .debug_macro   0x0000000000010ecb      0xe37 ./Core/Src/stm32l1xx_hal_msp.o
 .debug_macro   0x0000000000011d02      0x35b ./Core/Src/stm32l1xx_hal_msp.o
 .debug_macro   0x000000000001205d      0x1b8 ./Core/Src/stm32l1xx_hal_msp.o
 .debug_macro   0x0000000000012215       0xc5 ./Core/Src/stm32l1xx_hal_msp.o
 .debug_macro   0x00000000000122da      0x21e ./Core/Src/stm32l1xx_hal_msp.o
 .debug_macro   0x00000000000124f8      0x236 ./Core/Src/stm32l1xx_hal_msp.o
 .debug_macro   0x000000000001272e      0x115 ./Core/Src/stm32l1xx_hal_msp.o
 .debug_macro   0x0000000000012843      0x567 ./Core/Src/stm32l1xx_hal_msp.o
 .debug_macro   0x0000000000012daa      0x1e9 ./Core/Src/stm32l1xx_hal_msp.o
 .debug_macro   0x0000000000012f93       0x22 ./Core/Src/stm32l1xx_hal_msp.o
 .debug_macro   0x0000000000012fb5      0x2aa ./Core/Src/stm32l1xx_hal_msp.o
 .debug_macro   0x000000000001325f      0x170 ./Core/Src/stm32l1xx_hal_msp.o
 .debug_macro   0x00000000000133cf      0x492 ./Core/Src/stm32l1xx_hal_msp.o
 .debug_macro   0x0000000000013861       0x28 ./Core/Src/stm32l1xx_hal_msp.o
 .debug_macro   0x0000000000013889      0x1be ./Core/Src/stm32l1xx_it.o
 .debug_macro   0x0000000000013a47      0x19b ./Core/Src/system_stm32l1xx.o
 .debug_macro   0x0000000000013be2      0x1bf ./Drivers/STM32L1xx_HAL_Driver/Src/stm32l1xx_hal.o
 .debug_macro   0x0000000000013da1      0x19b ./Drivers/STM32L1xx_HAL_Driver/Src/stm32l1xx_hal_cortex.o
 .debug_macro   0x0000000000013f3c      0x19b ./Drivers/STM32L1xx_HAL_Driver/Src/stm32l1xx_hal_dma.o
 .debug_macro   0x00000000000140d7      0x1a2 ./Drivers/STM32L1xx_HAL_Driver/Src/stm32l1xx_hal_gpio.o
 .debug_macro   0x0000000000014279      0x1ad ./Drivers/STM32L1xx_HAL_Driver/Src/stm32l1xx_hal_rcc.o
 .debug_macro   0x0000000000014426      0x19c ./Drivers/STM32L1xx_HAL_Driver/Src/stm32l1xx_hal_uart.o
 .debug_macro   0x00000000000145c2      0x1be ./User/TM1637/TM1637.o
 .debug_macro   0x0000000000014780      0x235 ./User/board/board.o
 .debug_macro   0x00000000000149b5       0x1c ./User/board/board.o
 .debug_macro   0x00000000000149d1      0x32b ./User/main.o
 .debug_macro   0x0000000000014cfc       0x22 ./User/main.o
 .debug_macro   0x0000000000014d1e       0x61 ./User/main.o
 .debug_macro   0x0000000000014d7f       0x10 ./User/main.o
 .debug_macro   0x0000000000014d8f       0x20 ./User/main.o
 .debug_macro   0x0000000000014daf       0x1c ./User/main.o
 .debug_macro   0x0000000000014dcb       0x1c ./User/main.o
 .debug_macro   0x0000000000014de7       0x22 ./User/main.o
 .debug_macro   0x0000000000014e09      0x1a5 ./User/matric_button/lkv_matrix_button.o
 .debug_macro   0x0000000000014fae      0x1da ./User/step_motor/step_motor.o
 .debug_macro   0x0000000000015188       0x1c ./User/step_motor/step_motor.o

.debug_line     0x0000000000000000     0xa787
 .debug_line    0x0000000000000000      0x70b ./Core/Src/stm32l1xx_hal_msp.o
 .debug_line    0x000000000000070b      0x72f ./Core/Src/stm32l1xx_it.o
 .debug_line    0x0000000000000e3a      0x6e9 ./Core/Src/system_stm32l1xx.o
 .debug_line    0x0000000000001523       0x79 ./Core/Startup/startup_stm32l152retx.o
 .debug_line    0x000000000000159c      0x90c ./Drivers/STM32L1xx_HAL_Driver/Src/stm32l1xx_hal.o
 .debug_line    0x0000000000001ea8      0xbd9 ./Drivers/STM32L1xx_HAL_Driver/Src/stm32l1xx_hal_cortex.o
 .debug_line    0x0000000000002a81      0xb95 ./Drivers/STM32L1xx_HAL_Driver/Src/stm32l1xx_hal_dma.o
 .debug_line    0x0000000000003616      0x984 ./Drivers/STM32L1xx_HAL_Driver/Src/stm32l1xx_hal_gpio.o
 .debug_line    0x0000000000003f9a      0xe13 ./Drivers/STM32L1xx_HAL_Driver/Src/stm32l1xx_hal_rcc.o
 .debug_line    0x0000000000004dad     0x283b ./Drivers/STM32L1xx_HAL_Driver/Src/stm32l1xx_hal_uart.o
 .debug_line    0x00000000000075e8      0x8e9 ./User/TM1637/TM1637.o
 .debug_line    0x0000000000007ed1      0x8fa ./User/board/board.o
 .debug_line    0x00000000000087cb      0xdec ./User/main.o
 .debug_line    0x00000000000095b7      0x94e ./User/matric_button/lkv_matrix_button.o
 .debug_line    0x0000000000009f05      0x882 ./User/step_motor/step_motor.o

.debug_str      0x0000000000000000    0x84afa
 .debug_str     0x0000000000000000    0x7f323 ./Core/Src/stm32l1xx_hal_msp.o
                                      0x7f5fd (size before relaxing)
 .debug_str     0x000000000007f323       0xad ./Core/Src/stm32l1xx_it.o
                                      0x7edb1 (size before relaxing)
 .debug_str     0x000000000007f3d0       0x99 ./Core/Src/system_stm32l1xx.o
                                      0x7ed97 (size before relaxing)
 .debug_str     0x000000000007f469       0x69 ./Core/Startup/startup_stm32l152retx.o
 .debug_str     0x000000000007f4d2      0x368 ./Drivers/STM32L1xx_HAL_Driver/Src/stm32l1xx_hal.o
                                      0x7f4bc (size before relaxing)
 .debug_str     0x000000000007f83a      0x3b3 ./Drivers/STM32L1xx_HAL_Driver/Src/stm32l1xx_hal_cortex.o
                                      0x7f596 (size before relaxing)
 .debug_str     0x000000000007fbed      0x257 ./Drivers/STM32L1xx_HAL_Driver/Src/stm32l1xx_hal_dma.o
                                      0x7f11c (size before relaxing)
 .debug_str     0x000000000007fe44      0x152 ./Drivers/STM32L1xx_HAL_Driver/Src/stm32l1xx_hal_gpio.o
                                      0x7ef2a (size before relaxing)
 .debug_str     0x000000000007ff96      0x3e6 ./Drivers/STM32L1xx_HAL_Driver/Src/stm32l1xx_hal_rcc.o
                                      0x7f253 (size before relaxing)
 .debug_str     0x000000000008037c      0x631 ./Drivers/STM32L1xx_HAL_Driver/Src/stm32l1xx_hal_uart.o
                                      0x7f7fc (size before relaxing)
 .debug_str     0x00000000000809ad      0x14d ./User/TM1637/TM1637.o
                                      0x7eef9 (size before relaxing)
 .debug_str     0x0000000000080afa      0x38f ./User/board/board.o
                                      0x7f7a8 (size before relaxing)
 .debug_str     0x0000000000080e89     0x3ac0 ./User/main.o
                                      0x82e5a (size before relaxing)
 .debug_str     0x0000000000084949       0x52 ./User/matric_button/lkv_matrix_button.o
                                      0x7ee71 (size before relaxing)
 .debug_str     0x000000000008499b      0x15f ./User/step_motor/step_motor.o
                                      0x7efbc (size before relaxing)

.debug_frame    0x0000000000000000     0x1ef4
 .debug_frame   0x0000000000000000       0x80 ./Core/Src/stm32l1xx_hal_msp.o
 .debug_frame   0x0000000000000080       0xe8 ./Core/Src/stm32l1xx_it.o
 .debug_frame   0x0000000000000168       0x58 ./Core/Src/system_stm32l1xx.o
 .debug_frame   0x00000000000001c0      0x33c ./Drivers/STM32L1xx_HAL_Driver/Src/stm32l1xx_hal.o
 .debug_frame   0x00000000000004fc      0x498 ./Drivers/STM32L1xx_HAL_Driver/Src/stm32l1xx_hal_cortex.o
 .debug_frame   0x0000000000000994      0x204 ./Drivers/STM32L1xx_HAL_Driver/Src/stm32l1xx_hal_dma.o
 .debug_frame   0x0000000000000b98      0x14c ./Drivers/STM32L1xx_HAL_Driver/Src/stm32l1xx_hal_gpio.o
 .debug_frame   0x0000000000000ce4      0x224 ./Drivers/STM32L1xx_HAL_Driver/Src/stm32l1xx_hal_rcc.o
 .debug_frame   0x0000000000000f08      0x944 ./Drivers/STM32L1xx_HAL_Driver/Src/stm32l1xx_hal_uart.o
 .debug_frame   0x000000000000184c      0x1cc ./User/TM1637/TM1637.o
 .debug_frame   0x0000000000001a18      0x128 ./User/board/board.o
 .debug_frame   0x0000000000001b40      0x184 ./User/main.o
 .debug_frame   0x0000000000001cc4       0xbc ./User/matric_button/lkv_matrix_button.o
 .debug_frame   0x0000000000001d80       0xc8 ./User/step_motor/step_motor.o
 .debug_frame   0x0000000000001e48       0x20 /opt/st/stm32cubeide_1.14.0/plugins/com.st.stm32cube.ide.mcu.externaltools.gnu-tools-for-stm32.11.3.rel1.linux64_1.1.100.202309141235/tools/bin/../lib/gcc/arm-none-eabi/11.3.1/../../../../arm-none-eabi/lib/thumb/v7-m/nofp/libc_nano.a(libc_a-memset.o)
 .debug_frame   0x0000000000001e68       0x2c /opt/st/stm32cubeide_1.14.0/plugins/com.st.stm32cube.ide.mcu.externaltools.gnu-tools-for-stm32.11.3.rel1.linux64_1.1.100.202309141235/tools/bin/../lib/gcc/arm-none-eabi/11.3.1/../../../../arm-none-eabi/lib/thumb/v7-m/nofp/libc_nano.a(libc_a-init.o)
 .debug_frame   0x0000000000001e94       0x2c /opt/st/stm32cubeide_1.14.0/plugins/com.st.stm32cube.ide.mcu.externaltools.gnu-tools-for-stm32.11.3.rel1.linux64_1.1.100.202309141235/tools/bin/../lib/gcc/arm-none-eabi/11.3.1/thumb/v7-m/nofp/libgcc.a(_aeabi_uldivmod.o)
 .debug_frame   0x0000000000001ec0       0x34 /opt/st/stm32cubeide_1.14.0/plugins/com.st.stm32cube.ide.mcu.externaltools.gnu-tools-for-stm32.11.3.rel1.linux64_1.1.100.202309141235/tools/bin/../lib/gcc/arm-none-eabi/11.3.1/thumb/v7-m/nofp/libgcc.a(_udivmoddi4.o)

.debug_line_str
                0x0000000000000000       0x5d
 .debug_line_str
                0x0000000000000000       0x5d ./Core/Startup/startup_stm32l152retx.o
                                         0x75 (size before relaxing)
