Archive member included to satisfy reference by file (symbol)

/opt/st/stm32cubeide_1.14.0/plugins/com.st.stm32cube.ide.mcu.externaltools.gnu-tools-for-stm32.11.3.rel1.linux64_1.1.100.202309141235/tools/bin/../lib/gcc/arm-none-eabi/11.3.1/../../../../arm-none-eabi/lib/thumb/v7-m/nofp/libc_nano.a(libc_a-exit.o)
                              /opt/st/stm32cubeide_1.14.0/plugins/com.st.stm32cube.ide.mcu.externaltools.gnu-tools-for-stm32.11.3.rel1.linux64_1.1.100.202309141235/tools/bin/../lib/gcc/arm-none-eabi/11.3.1/../../../../arm-none-eabi/lib/thumb/v7-m/nofp/crt0.o (exit)
/opt/st/stm32cubeide_1.14.0/plugins/com.st.stm32cube.ide.mcu.externaltools.gnu-tools-for-stm32.11.3.rel1.linux64_1.1.100.202309141235/tools/bin/../lib/gcc/arm-none-eabi/11.3.1/../../../../arm-none-eabi/lib/thumb/v7-m/nofp/libc_nano.a(libc_a-findfp.o)
                              /opt/st/stm32cubeide_1.14.0/plugins/com.st.stm32cube.ide.mcu.externaltools.gnu-tools-for-stm32.11.3.rel1.linux64_1.1.100.202309141235/tools/bin/../lib/gcc/arm-none-eabi/11.3.1/../../../../arm-none-eabi/lib/thumb/v7-m/nofp/libc_nano.a(libc_a-exit.o) (__stdio_exit_handler)
/opt/st/stm32cubeide_1.14.0/plugins/com.st.stm32cube.ide.mcu.externaltools.gnu-tools-for-stm32.11.3.rel1.linux64_1.1.100.202309141235/tools/bin/../lib/gcc/arm-none-eabi/11.3.1/../../../../arm-none-eabi/lib/thumb/v7-m/nofp/libc_nano.a(libc_a-fwalk.o)
                              /opt/st/stm32cubeide_1.14.0/plugins/com.st.stm32cube.ide.mcu.externaltools.gnu-tools-for-stm32.11.3.rel1.linux64_1.1.100.202309141235/tools/bin/../lib/gcc/arm-none-eabi/11.3.1/../../../../arm-none-eabi/lib/thumb/v7-m/nofp/libc_nano.a(libc_a-findfp.o) (_fwalk_sglue)
/opt/st/stm32cubeide_1.14.0/plugins/com.st.stm32cube.ide.mcu.externaltools.gnu-tools-for-stm32.11.3.rel1.linux64_1.1.100.202309141235/tools/bin/../lib/gcc/arm-none-eabi/11.3.1/../../../../arm-none-eabi/lib/thumb/v7-m/nofp/libc_nano.a(libc_a-stdio.o)
                              /opt/st/stm32cubeide_1.14.0/plugins/com.st.stm32cube.ide.mcu.externaltools.gnu-tools-for-stm32.11.3.rel1.linux64_1.1.100.202309141235/tools/bin/../lib/gcc/arm-none-eabi/11.3.1/../../../../arm-none-eabi/lib/thumb/v7-m/nofp/libc_nano.a(libc_a-findfp.o) (__sread)
/opt/st/stm32cubeide_1.14.0/plugins/com.st.stm32cube.ide.mcu.externaltools.gnu-tools-for-stm32.11.3.rel1.linux64_1.1.100.202309141235/tools/bin/../lib/gcc/arm-none-eabi/11.3.1/../../../../arm-none-eabi/lib/thumb/v7-m/nofp/libc_nano.a(libc_a-memcmp.o)
                              ./User/modbus_rtu_server/nanomodbus.o (memcmp)
/opt/st/stm32cubeide_1.14.0/plugins/com.st.stm32cube.ide.mcu.externaltools.gnu-tools-for-stm32.11.3.rel1.linux64_1.1.100.202309141235/tools/bin/../lib/gcc/arm-none-eabi/11.3.1/../../../../arm-none-eabi/lib/thumb/v7-m/nofp/libc_nano.a(libc_a-memset.o)
                              /opt/st/stm32cubeide_1.14.0/plugins/com.st.stm32cube.ide.mcu.externaltools.gnu-tools-for-stm32.11.3.rel1.linux64_1.1.100.202309141235/tools/bin/../lib/gcc/arm-none-eabi/11.3.1/../../../../arm-none-eabi/lib/thumb/v7-m/nofp/crt0.o (memset)
/opt/st/stm32cubeide_1.14.0/plugins/com.st.stm32cube.ide.mcu.externaltools.gnu-tools-for-stm32.11.3.rel1.linux64_1.1.100.202309141235/tools/bin/../lib/gcc/arm-none-eabi/11.3.1/../../../../arm-none-eabi/lib/thumb/v7-m/nofp/libc_nano.a(libc_a-closer.o)
                              /opt/st/stm32cubeide_1.14.0/plugins/com.st.stm32cube.ide.mcu.externaltools.gnu-tools-for-stm32.11.3.rel1.linux64_1.1.100.202309141235/tools/bin/../lib/gcc/arm-none-eabi/11.3.1/../../../../arm-none-eabi/lib/thumb/v7-m/nofp/libc_nano.a(libc_a-stdio.o) (_close_r)
/opt/st/stm32cubeide_1.14.0/plugins/com.st.stm32cube.ide.mcu.externaltools.gnu-tools-for-stm32.11.3.rel1.linux64_1.1.100.202309141235/tools/bin/../lib/gcc/arm-none-eabi/11.3.1/../../../../arm-none-eabi/lib/thumb/v7-m/nofp/libc_nano.a(libc_a-reent.o)
                              /opt/st/stm32cubeide_1.14.0/plugins/com.st.stm32cube.ide.mcu.externaltools.gnu-tools-for-stm32.11.3.rel1.linux64_1.1.100.202309141235/tools/bin/../lib/gcc/arm-none-eabi/11.3.1/../../../../arm-none-eabi/lib/thumb/v7-m/nofp/libc_nano.a(libc_a-closer.o) (errno)
/opt/st/stm32cubeide_1.14.0/plugins/com.st.stm32cube.ide.mcu.externaltools.gnu-tools-for-stm32.11.3.rel1.linux64_1.1.100.202309141235/tools/bin/../lib/gcc/arm-none-eabi/11.3.1/../../../../arm-none-eabi/lib/thumb/v7-m/nofp/libc_nano.a(libc_a-impure.o)
                              /opt/st/stm32cubeide_1.14.0/plugins/com.st.stm32cube.ide.mcu.externaltools.gnu-tools-for-stm32.11.3.rel1.linux64_1.1.100.202309141235/tools/bin/../lib/gcc/arm-none-eabi/11.3.1/../../../../arm-none-eabi/lib/thumb/v7-m/nofp/libc_nano.a(libc_a-reent.o) (_impure_ptr)
/opt/st/stm32cubeide_1.14.0/plugins/com.st.stm32cube.ide.mcu.externaltools.gnu-tools-for-stm32.11.3.rel1.linux64_1.1.100.202309141235/tools/bin/../lib/gcc/arm-none-eabi/11.3.1/../../../../arm-none-eabi/lib/thumb/v7-m/nofp/libc_nano.a(libc_a-lseekr.o)
[...]
Memory Configuration

Name             Origin             Length             Attributes
RAM              0x0000000020000000 0x0000000000014000 xrw
FLASH            0x0000000008000000 0x0000000000080000 xr
*default*        0x0000000000000000 0xffffffffffffffff

Linker script and memory map

LOAD /opt/st/stm32cubeide_1.14.0/plugins/com.st.stm32cube.ide.mcu.externaltools.gnu-tools-for-stm32.11.3.rel1.linux64_1.1.100.202309141235/tools/bin/../lib/gcc/arm-none-eabi/11.3.1/thumb/v7-m/nofp/crti.o
LOAD /opt/st/stm32cubeide_1.14.0/plugins/com.st.stm32cube.ide.mcu.externaltools.gnu-tools-for-stm32.11.3.rel1.linux64_1.1.100.202309141235/tools/bin/../lib/gcc/arm-none-eabi/11.3.1/thumb/v7-m/nofp/crtbegin.o
LOAD /opt/st/stm32cubeide_1.14.0/plugins/com.st.stm32cube.ide.mcu.externaltools.gnu-tools-for-stm32.11.3.rel1.linux64_1.1.100.202309141235/tools/bin/../lib/gcc/arm-none-eabi/11.3.1/../../../../arm-none-eabi/lib/thumb/v7-m/nofp/crt0.o
LOAD ./Core/Src/stm32l1xx_hal_msp.o
LOAD ./Core/Src/stm32l1xx_it.o
LOAD ./Core/Src/syscalls.o
LOAD ./Core/Src/sysmem.o
LOAD ./Core/Src/system_stm32l1xx.o
LOAD ./Core/Startup/startup_stm32l152retx.o
LOAD ./Drivers/STM32L1xx_HAL_Driver/Src/stm32l1xx_hal.o
LOAD ./Drivers/STM32L1xx_HAL_Driver/Src/stm32l1xx_hal_cortex.o
LOAD ./Drivers/STM32L1xx_HAL_Driver/Src/stm32l1xx_hal_dma.o
LOAD ./Drivers/STM32L1xx_HAL_Driver/Src/stm32l1xx_hal_exti.o
LOAD ./Drivers/STM32L1xx_HAL_Driver/Src/stm32l1xx_hal_flash.o
LOAD ./Drivers/STM32L1xx_HAL_Driver/Src/stm32l1xx_hal_flash_ex.o
LOAD ./Drivers/STM32L1xx_HAL_Driver/Src/stm32l1xx_hal_flash_ramfunc.o
LOAD ./Drivers/STM32L1xx_HAL_Driver/Src/stm32l1xx_hal_gpio.o
LOAD ./Drivers/STM32L1xx_HAL_Driver/Src/stm32l1xx_hal_pwr.o
LOAD ./Drivers/STM32L1xx_HAL_Driver/Src/stm32l1xx_hal_pwr_ex.o
LOAD ./Drivers/STM32L1xx_HAL_Driver/Src/stm32l1xx_hal_rcc.o
LOAD ./Drivers/STM32L1xx_HAL_Driver/Src/stm32l1xx_hal_rcc_ex.o
LOAD ./Drivers/STM32L1xx_HAL_Driver/Src/stm32l1xx_hal_uart.o
LOAD ./User/TM1637/TM1637.o
LOAD ./User/board/board.o
LOAD ./User/main.o
LOAD ./User/matric_button/lkv_matrix_button.o
LOAD ./User/modbus_rtu_server/modbus_server.o
LOAD ./User/modbus_rtu_server/nanomodbus.o
LOAD ./User/step_motor/step_motor.o
START GROUP
LOAD /opt/st/stm32cubeide_1.14.0/plugins/com.st.stm32cube.ide.mcu.externaltools.gnu-tools-for-stm32.11.3.rel1.linux64_1.1.100.202309141235/tools/bin/../lib/gcc/arm-none-eabi/11.3.1/../../../../arm-none-eabi/lib/thumb/v7-m/nofp/libc_nano.a
LOAD /opt/st/stm32cubeide_1.14.0/plugins/com.st.stm32cube.ide.mcu.externaltools.gnu-tools-for-stm32.11.3.rel1.linux64_1.1.100.202309141235/tools/bin/../lib/gcc/arm-none-eabi/11.3.1/../../../../arm-none-eabi/lib/thumb/v7-m/nofp/libm.a
END GROUP
START GROUP
LOAD /opt/st/stm32cubeide_1.14.0/plugins/com.st.stm32cube.ide.mcu.externaltools.gnu-tools-for-stm32.11.3.rel1.linux64_1.1.100.202309141235/tools/bin/../lib/gcc/arm-none-eabi/11.3.1/thumb/v7-m/nofp/libgcc.a
LOAD /opt/st/stm32cubeide_1.14.0/plugins/com.st.stm32cube.ide.mcu.externaltools.gnu-tools-for-stm32.11.3.rel1.linux64_1.1.100.202309141235/tools/bin/../lib/gcc/arm-none-eabi/11.3.1/../../../../arm-none-eabi/lib/thumb/v7-m/nofp/libc_nano.a
END GROUP
START GROUP
LOAD /opt/st/stm32cubeide_1.14.0/plugins/com.st.stm32cube.ide.mcu.externaltools.gnu-tools-for-stm32.11.3.rel1.linux64_1.1.100.202309141235/tools/bin/../lib/gcc/arm-none-eabi/11.3.1/thumb/v7-m/nofp/libgcc.a
LOAD /opt/st/stm32cubeide_1.14.0/plugins/com.st.stm32cube.ide.mcu.externaltools.gnu-tools-for-stm32.11.3.rel1.linux64_1.1.100.202309141235/tools/bin/../lib/gcc/arm-none-eabi/11.3.1/../../../../arm-none-eabi/lib/thumb/v7-m/nofp/libc_nano.a
LOAD /opt/st/stm32cubeide_1.14.0/plugins/com.st.stm32cube.ide.mcu.externaltools.gnu-tools-for-stm32.11.3.rel1.linux64_1.1.100.202309141235/tools/bin/../lib/gcc/arm-none-eabi/11.3.1/../../../../arm-none-eabi/lib/thumb/v7-m/nofp/libnosys.a
END GROUP
START GROUP
LOAD /opt/st/stm32cubeide_1.14.0/plugins/com.st.stm32cube.ide.mcu.externaltools.gnu-tools-for-stm32.11.3.rel1.linux64_1.1.100.202309141235/tools/bin/../lib/gcc/arm-none-eabi/11.3.1/thumb/v7-m/nofp/libgcc.a
LOAD /opt/st/stm32cubeide_1.14.0/plugins/com.st.stm32cube.ide.mcu.externaltools.gnu-tools-for-stm32.11.3.rel1.linux64_1.1.100.202309141235/tools/bin/../lib/gcc/arm-none-eabi/11.3.1/../../../../arm-none-eabi/lib/thumb/v7-m/nofp/libc_nano.a
LOAD /opt/st/stm32cubeide_1.14.0/plugins/com.st.stm32cube.ide.mcu.externaltools.gnu-tools-for-stm32.11.3.rel1.linux64_1.1.100.202309141235/tools/bin/../lib/gcc/arm-none-eabi/11.3.1/../../../../arm-none-eabi/lib/thumb/v7-m/nofp/libnosys.a
END GROUP
LOAD /opt/st/stm32cubeide_1.14.0/plugins/com.st.stm32cube.ide.mcu.externaltools.gnu-tools-for-stm32.11.3.rel1.linux64_1.1.100.202309141235/tools/bin/../lib/gcc/arm-none-eabi/11.3.1/thumb/v7-m/nofp/crtend.o
LOAD /opt/st/stm32cubeide_1.14.0/plugins/com.st.stm32cube.ide.mcu.externaltools.gnu-tools-for-stm32.11.3.rel1.linux64_1.1.100.202309141235/tools/bin/../lib/gcc/arm-none-eabi/11.3.1/thumb/v7-m/nofp/crtn.o
                0x0000000020014000                _estack = (ORIGIN (RAM) + LENGTH (RAM))
                0x0000000000000200                _Min_Heap_Size = 0x200
                0x0000000000000400                _Min_Stack_Size = 0x400

.isr_vector     0x0000000008000000      0x13c
                0x0000000008000000                . = ALIGN (0x4)
 *(.isr_vector)
 .isr_vector    0x0000000008000000      0x13c ./Core/Startup/startup_stm32l152retx.o
                0x0000000008000000                g_pfnVectors
                0x000000000800013c                . = ALIGN (0x4)

.text           0x000000000800013c     0x4784
                0x000000000800013c                . = ALIGN (0x4)
 *(.text)
 .text          0x000000000800013c       0x40 /opt/st/stm32cubeide_1.14.0/plugins/com.st.stm32cube.ide.mcu.externaltools.gnu-tools-for-stm32.11.3.rel1.linux64_1.1.100.202309141235/tools/bin/../lib/gcc/arm-none-eabi/11.3.1/thumb/v7-m/nofp/crtbegin.o
 .text          0x000000000800017c       0x30 /opt/st/stm32cubeide_1.14.0/plugins/com.st.stm32cube.ide.mcu.externaltools.gnu-tools-for-stm32.11.3.rel1.linux64_1.1.100.202309141235/tools/bin/../lib/gcc/arm-none-eabi/11.3.1/thumb/v7-m/nofp/libgcc.a(_aeabi_uldivmod.o)
                0x000000000800017c                __aeabi_uldivmod
 .text          0x00000000080001ac      0x2cc /opt/st/stm32cubeide_1.14.0/plugins/com.st.stm32cube.ide.mcu.externaltools.gnu-tools-for-stm32.11.3.rel1.linux64_1.1.100.202309141235/tools/bin/../lib/gcc/arm-none-eabi/11.3.1/thumb/v7-m/nofp/libgcc.a(_udivmoddi4.o)
                0x00000000080001ac                __udivmoddi4
 .text          0x0000000008000478        0x4 /opt/st/stm32cubeide_1.14.0/plugins/com.st.stm32cube.ide.mcu.externaltools.gnu-tools-for-stm32.11.3.rel1.linux64_1.1.100.202309141235/tools/bin/../lib/gcc/arm-none-eabi/11.3.1/thumb/v7-m/nofp/libgcc.a(_dvmd_tls.o)
                0x0000000008000478                __aeabi_ldiv0
                0x0000000008000478                __aeabi_idiv0
 *(.text*)
 .text.HAL_MspInit
                0x000000000800047c       0x5c ./Core/Src/stm32l1xx_hal_msp.o
                0x000000000800047c                HAL_MspInit
 .text.HAL_UART_MspInit
                0x00000000080004d8      0x10c ./Core/Src/stm32l1xx_hal_msp.o
                0x00000000080004d8                HAL_UART_MspInit
 .text.NMI_Handler
                0x00000000080005e4        0x6 ./Core/Src/stm32l1xx_it.o
                0x00000000080005e4                NMI_Handler
 .text.HardFault_Handler
                0x00000000080005ea        0x6 ./Core/Src/stm32l1xx_it.o
                0x00000000080005ea                HardFault_Handler
 .text.MemManage_Handler
                0x00000000080005f0        0x6 ./Core/Src/stm32l1xx_it.o
                0x00000000080005f0                MemManage_Handler
 .text.BusFault_Handler
                0x00000000080005f6        0x6 ./Core/Src/stm32l1xx_it.o
                0x00000000080005f6                BusFault_Handler
 .text.UsageFault_Handler
                0x00000000080005fc        0x6 ./Core/Src/stm32l1xx_it.o
                0x00000000080005fc                UsageFault_Handler
 .text.SVC_Handler
                0x0000000008000602        0xc ./Core/Src/stm32l1xx_it.o
                0x0000000008000602                SVC_Handler
 .text.DebugMon_Handler
                0x000000000800060e        0xc ./Core/Src/stm32l1xx_it.o
                0x000000000800060e                DebugMon_Handler
 .text.PendSV_Handler
                0x000000000800061a        0xc ./Core/Src/stm32l1xx_it.o
                0x000000000800061a                PendSV_Handler
 .text.SystemInit
                0x0000000008000626        0xc ./Core/Src/system_stm32l1xx.o
                0x0000000008000626                SystemInit
 *fill*         0x0000000008000632        0x2 
 .text.Reset_Handler
                0x0000000008000634       0x48 ./Core/Startup/startup_stm32l152retx.o
                0x0000000008000634                Reset_Handler
 .text.Default_Handler
                0x000000000800067c        0x2 ./Core/Startup/startup_stm32l152retx.o
                0x000000000800067c                RTC_Alarm_IRQHandler
                0x000000000800067c                EXTI2_IRQHandler
                0x000000000800067c                COMP_ACQ_IRQHandler
                0x000000000800067c                TIM10_IRQHandler
                0x000000000800067c                USB_HP_IRQHandler
                0x000000000800067c                TIM6_IRQHandler
                0x000000000800067c                PVD_IRQHandler
                0x000000000800067c                EXTI3_IRQHandler
                0x000000000800067c                EXTI0_IRQHandler
                0x000000000800067c                I2C2_EV_IRQHandler
                0x000000000800067c                SPI1_IRQHandler
                0x000000000800067c                USB_FS_WKUP_IRQHandler
                0x000000000800067c                DMA2_Channel2_IRQHandler
                0x000000000800067c                DMA1_Channel4_IRQHandler
                0x000000000800067c                ADC1_IRQHandler
                0x000000000800067c                USART3_IRQHandler
                0x000000000800067c                DMA1_Channel7_IRQHandler
                0x000000000800067c                LCD_IRQHandler
                0x000000000800067c                UART5_IRQHandler
                0x000000000800067c                TIM4_IRQHandler
                0x000000000800067c                DMA2_Channel1_IRQHandler
                0x000000000800067c                I2C1_EV_IRQHandler
                0x000000000800067c                DMA1_Channel6_IRQHandler
                0x000000000800067c                DMA2_Channel4_IRQHandler
                0x000000000800067c                TIM3_IRQHandler
                0x000000000800067c                RCC_IRQHandler
                0x000000000800067c                DMA1_Channel1_IRQHandler
                0x000000000800067c                Default_Handler
                0x000000000800067c                EXTI15_10_IRQHandler
                0x000000000800067c                TIM7_IRQHandler
                0x000000000800067c                TIM5_IRQHandler
                0x000000000800067c                EXTI9_5_IRQHandler
                0x000000000800067c                TIM9_IRQHandler
                0x000000000800067c                TAMPER_STAMP_IRQHandler
                0x000000000800067c                RTC_WKUP_IRQHandler
                0x000000000800067c                SPI2_IRQHandler
                0x000000000800067c                DMA2_Channel5_IRQHandler
                0x000000000800067c                DMA1_Channel5_IRQHandler
                0x000000000800067c                USB_LP_IRQHandler
                0x000000000800067c                EXTI4_IRQHandler
                0x000000000800067c                DMA1_Channel3_IRQHandler
                0x000000000800067c                COMP_IRQHandler
                0x000000000800067c                WWDG_IRQHandler
                0x000000000800067c                TIM2_IRQHandler
                0x000000000800067c                DAC_IRQHandler
                0x000000000800067c                EXTI1_IRQHandler
                0x000000000800067c                TIM11_IRQHandler
                0x000000000800067c                I2C2_ER_IRQHandler
                0x000000000800067c                DMA1_Channel2_IRQHandler
                0x000000000800067c                FLASH_IRQHandler
                0x000000000800067c                USART1_IRQHandler
                0x000000000800067c                SPI3_IRQHandler
                0x000000000800067c                I2C1_ER_IRQHandler
                0x000000000800067c                DMA2_Channel3_IRQHandler
 .text.HAL_Init
                0x000000000800067e       0x30 ./Drivers/STM32L1xx_HAL_Driver/Src/stm32l1xx_hal.o
                0x000000000800067e                HAL_Init
 *fill*         0x00000000080006ae        0x2 
 .text.HAL_InitTick
                0x00000000080006b0       0x74 ./Drivers/STM32L1xx_HAL_Driver/Src/stm32l1xx_hal.o
                0x00000000080006b0                HAL_InitTick
 .text.HAL_IncTick
                0x0000000008000724       0x24 ./Drivers/STM32L1xx_HAL_Driver/Src/stm32l1xx_hal.o
                0x0000000008000724                HAL_IncTick
 .text.HAL_GetTick
                0x0000000008000748       0x14 ./Drivers/STM32L1xx_HAL_Driver/Src/stm32l1xx_hal.o
                0x0000000008000748                HAL_GetTick
 .text.__NVIC_SetPriorityGrouping
                0x000000000800075c       0x48 ./Drivers/STM32L1xx_HAL_Driver/Src/stm32l1xx_hal_cortex.o
 .text.__NVIC_GetPriorityGrouping
                0x00000000080007a4       0x1c ./Drivers/STM32L1xx_HAL_Driver/Src/stm32l1xx_hal_cortex.o
 .text.__NVIC_EnableIRQ
                0x00000000080007c0       0x38 ./Drivers/STM32L1xx_HAL_Driver/Src/stm32l1xx_hal_cortex.o
 .text.__NVIC_SetPriority
                0x00000000080007f8       0x54 ./Drivers/STM32L1xx_HAL_Driver/Src/stm32l1xx_hal_cortex.o
 .text.NVIC_EncodePriority
                0x000000000800084c       0x64 ./Drivers/STM32L1xx_HAL_Driver/Src/stm32l1xx_hal_cortex.o
 .text.SysTick_Config
                0x00000000080008b0       0x44 ./Drivers/STM32L1xx_HAL_Driver/Src/stm32l1xx_hal_cortex.o
 .text.HAL_NVIC_SetPriorityGrouping
                0x00000000080008f4       0x16 ./Drivers/STM32L1xx_HAL_Driver/Src/stm32l1xx_hal_cortex.o
                0x00000000080008f4                HAL_NVIC_SetPriorityGrouping
 .text.HAL_NVIC_SetPriority
                0x000000000800090a       0x38 ./Drivers/STM32L1xx_HAL_Driver/Src/stm32l1xx_hal_cortex.o
                0x000000000800090a                HAL_NVIC_SetPriority
 .text.HAL_NVIC_EnableIRQ
                0x0000000008000942       0x1c ./Drivers/STM32L1xx_HAL_Driver/Src/stm32l1xx_hal_cortex.o
                0x0000000008000942                HAL_NVIC_EnableIRQ
 .text.HAL_SYSTICK_Config
                0x000000000800095e       0x18 ./Drivers/STM32L1xx_HAL_Driver/Src/stm32l1xx_hal_cortex.o
                0x000000000800095e                HAL_SYSTICK_Config
 .text.HAL_SYSTICK_IRQHandler
                0x0000000008000976        0xc ./Drivers/STM32L1xx_HAL_Driver/Src/stm32l1xx_hal_cortex.o
                0x0000000008000976                HAL_SYSTICK_IRQHandler
 .text.HAL_SYSTICK_Callback
                0x0000000008000982        0xc ./Drivers/STM32L1xx_HAL_Driver/Src/stm32l1xx_hal_cortex.o
                0x0000000008000982                HAL_SYSTICK_Callback
 .text.HAL_DMA_Abort
                0x000000000800098e       0x7a ./Drivers/STM32L1xx_HAL_Driver/Src/stm32l1xx_hal_dma.o
                0x000000000800098e                HAL_DMA_Abort
 .text.HAL_DMA_Abort_IT
                0x0000000008000a08       0x82 ./Drivers/STM32L1xx_HAL_Driver/Src/stm32l1xx_hal_dma.o
                0x0000000008000a08                HAL_DMA_Abort_IT
 *fill*         0x0000000008000a8a        0x2 
 .text.HAL_GPIO_Init
                0x0000000008000a8c      0x320 ./Drivers/STM32L1xx_HAL_Driver/Src/stm32l1xx_hal_gpio.o
                0x0000000008000a8c                HAL_GPIO_Init
 .text.HAL_GPIO_ReadPin
                0x0000000008000dac       0x2e ./Drivers/STM32L1xx_HAL_Driver/Src/stm32l1xx_hal_gpio.o
                0x0000000008000dac                HAL_GPIO_ReadPin
 .text.HAL_GPIO_WritePin
                0x0000000008000dda       0x30 ./Drivers/STM32L1xx_HAL_Driver/Src/stm32l1xx_hal_gpio.o
                0x0000000008000dda                HAL_GPIO_WritePin
 *fill*         0x0000000008000e0a        0x2 
 .text.HAL_RCC_OscConfig
                0x0000000008000e0c      0x660 ./Drivers/STM32L1xx_HAL_Driver/Src/stm32l1xx_hal_rcc.o
                0x0000000008000e0c                HAL_RCC_OscConfig
 .text.HAL_RCC_ClockConfig
                0x000000000800146c      0x268 ./Drivers/STM32L1xx_HAL_Driver/Src/stm32l1xx_hal_rcc.o
                0x000000000800146c                HAL_RCC_ClockConfig
 .text.HAL_RCC_GetSysClockFreq
                0x00000000080016d4      0x17c ./Drivers/STM32L1xx_HAL_Driver/Src/stm32l1xx_hal_rcc.o
                0x00000000080016d4                HAL_RCC_GetSysClockFreq
 .text.HAL_RCC_GetHCLKFreq
                0x0000000008001850       0x14 ./Drivers/STM32L1xx_HAL_Driver/Src/stm32l1xx_hal_rcc.o
                0x0000000008001850                HAL_RCC_GetHCLKFreq
 .text.HAL_RCC_GetPCLK1Freq
                0x0000000008001864       0x28 ./Drivers/STM32L1xx_HAL_Driver/Src/stm32l1xx_hal_rcc.o
                0x0000000008001864                HAL_RCC_GetPCLK1Freq
 .text.HAL_RCC_GetPCLK2Freq
                0x000000000800188c       0x28 ./Drivers/STM32L1xx_HAL_Driver/Src/stm32l1xx_hal_rcc.o
                0x000000000800188c                HAL_RCC_GetPCLK2Freq
 .text.RCC_SetFlashLatencyFromMSIRange
                0x00000000080018b4       0xc0 ./Drivers/STM32L1xx_HAL_Driver/Src/stm32l1xx_hal_rcc.o
 .text.HAL_UART_Init
                0x0000000008001974       0xa0 ./Drivers/STM32L1xx_HAL_Driver/Src/stm32l1xx_hal_uart.o
                0x0000000008001974                HAL_UART_Init
 .text.HAL_UART_Transmit
                0x0000000008001a14      0x106 ./Drivers/STM32L1xx_HAL_Driver/Src/stm32l1xx_hal_uart.o
                0x0000000008001a14                HAL_UART_Transmit
 .text.HAL_UART_Receive_IT
                0x0000000008001b1a       0x4a ./Drivers/STM32L1xx_HAL_Driver/Src/stm32l1xx_hal_uart.o
                0x0000000008001b1a                HAL_UART_Receive_IT
 .text.HAL_UART_IRQHandler
                0x0000000008001b64      0x524 ./Drivers/STM32L1xx_HAL_Driver/Src/stm32l1xx_hal_uart.o
                0x0000000008001b64                HAL_UART_IRQHandler
 .text.HAL_UART_TxCpltCallback
                0x0000000008002088       0x12 ./Drivers/STM32L1xx_HAL_Driver/Src/stm32l1xx_hal_uart.o
                0x0000000008002088                HAL_UART_TxCpltCallback
 .text.HAL_UART_RxCpltCallback
                0x000000000800209a       0x12 ./Drivers/STM32L1xx_HAL_Driver/Src/stm32l1xx_hal_uart.o
                0x000000000800209a                HAL_UART_RxCpltCallback
 .text.HAL_UART_ErrorCallback
                0x00000000080020ac       0x12 ./Drivers/STM32L1xx_HAL_Driver/Src/stm32l1xx_hal_uart.o
                0x00000000080020ac                HAL_UART_ErrorCallback
 .text.HAL_UARTEx_RxEventCallback
                0x00000000080020be       0x16 ./Drivers/STM32L1xx_HAL_Driver/Src/stm32l1xx_hal_uart.o
                0x00000000080020be                HAL_UARTEx_RxEventCallback
 .text.UART_WaitOnFlagUntilTimeout
                0x00000000080020d4       0xdc ./Drivers/STM32L1xx_HAL_Driver/Src/stm32l1xx_hal_uart.o
 .text.UART_Start_Receive_IT
                0x00000000080021b0       0x72 ./Drivers/STM32L1xx_HAL_Driver/Src/stm32l1xx_hal_uart.o
                0x00000000080021b0                UART_Start_Receive_IT
 .text.UART_EndRxTransfer
                0x0000000008002222       0xc4 ./Drivers/STM32L1xx_HAL_Driver/Src/stm32l1xx_hal_uart.o
 .text.UART_DMAAbortOnError
                0x00000000080022e6       0x28 ./Drivers/STM32L1xx_HAL_Driver/Src/stm32l1xx_hal_uart.o
 .text.UART_Transmit_IT
                0x000000000800230e       0x9e ./Drivers/STM32L1xx_HAL_Driver/Src/stm32l1xx_hal_uart.o
 .text.UART_EndTransmit_IT
                0x00000000080023ac       0x30 ./Drivers/STM32L1xx_HAL_Driver/Src/stm32l1xx_hal_uart.o
 .text.UART_Receive_IT
                0x00000000080023dc      0x17c ./Drivers/STM32L1xx_HAL_Driver/Src/stm32l1xx_hal_uart.o
 .text.UART_SetConfig
                0x0000000008002558      0x1c8 ./Drivers/STM32L1xx_HAL_Driver/Src/stm32l1xx_hal_uart.o
 .text.TM1637_ClkHigh
                0x0000000008002720       0x18 ./User/TM1637/TM1637.o
                0x0000000008002720                TM1637_ClkHigh
 .text.TM1637_ClkLow
                0x0000000008002738       0x18 ./User/TM1637/TM1637.o
                0x0000000008002738                TM1637_ClkLow
 .text.TM1637_DataHigh
                0x0000000008002750       0x18 ./User/TM1637/TM1637.o
                0x0000000008002750                TM1637_DataHigh
 .text.TM1637_DataLow
                0x0000000008002768       0x18 ./User/TM1637/TM1637.o
                0x0000000008002768                TM1637_DataLow
 .text.TM1637_Display_4_char
                0x0000000008002780       0xa8 ./User/TM1637/TM1637.o
                0x0000000008002780                TM1637_Display_4_char
 .text.TM1637_SetBrightness
                0x0000000008002828       0x2a ./User/TM1637/TM1637.o
                0x0000000008002828                TM1637_SetBrightness
 .text.TM1637_Start
                0x0000000008002852       0x1a ./User/TM1637/TM1637.o
                0x0000000008002852                TM1637_Start
 .text.TM1637_Stop
                0x000000000800286c       0x2a ./User/TM1637/TM1637.o
                0x000000000800286c                TM1637_Stop
 .text.TM1637_ReadResult
                0x0000000008002896       0x20 ./User/TM1637/TM1637.o
                0x0000000008002896                TM1637_ReadResult
 .text.TM1637_WriteByte
                0x00000000080028b6       0x54 ./User/TM1637/TM1637.o
                0x00000000080028b6                TM1637_WriteByte
 .text.TM1637_DelayUsec
                0x000000000800290a       0x36 ./User/TM1637/TM1637.o
                0x000000000800290a                TM1637_DelayUsec
 .text.GPIO_sensor_init
                0x0000000008002940       0xe4 ./User/board/board.o
                0x0000000008002940                GPIO_sensor_init
 .text.get_current_level
                0x0000000008002a24      0x16c ./User/board/board.o
                0x0000000008002a24                get_current_level
 .text.board_init
                0x0000000008002b90       0x40 ./User/board/board.o
                0x0000000008002b90                board_init
 .text.SystemClock_Config
                0x0000000008002bd0       0x9c ./User/board/board.o
                0x0000000008002bd0                SystemClock_Config
 .text.MX_UART4_Init
                0x0000000008002c6c       0x54 ./User/board/board.o
 .text.MX_USART2_UART_Init
                0x0000000008002cc0       0x54 ./User/board/board.o
 .text.MX_GPIO_Init
                0x0000000008002d14       0x84 ./User/board/board.o
 .text.Error_Handler
                0x0000000008002d98        0xa ./User/board/board.o
                0x0000000008002d98                Error_Handler
 *fill*         0x0000000008002da2        0x2 
 .text.HAL_Delay
                0x0000000008002da4       0x5c ./User/main.o
                0x0000000008002da4                HAL_Delay
 .text.main     0x0000000008002e00      0x27c ./User/main.o
                0x0000000008002e00                main
 .text.SysTick_Handler
                0x000000000800307c      0x3a8 ./User/main.o
                0x000000000800307c                SysTick_Handler
 .text.USART2_IRQHandler
                0x0000000008003424       0x58 ./User/main.o
                0x0000000008003424                USART2_IRQHandler
 .text.UART4_IRQHandler
                0x000000000800347c       0x80 ./User/main.o
                0x000000000800347c                UART4_IRQHandler
 .text.send_msg_to_linux
                0x00000000080034fc       0x40 ./User/main.o
                0x00000000080034fc                send_msg_to_linux
 .text.blink_led_delay
                0x000000000800353c      0x1bc ./User/main.o
                0x000000000800353c                blink_led_delay
 .text.modbus_sever_init
                0x00000000080036f8       0xa4 ./User/main.o
                0x00000000080036f8                modbus_sever_init
 .text.elevator_process_force
                0x000000000800379c       0x70 ./User/main.o
                0x000000000800379c                elevator_process_force
 .text.linux_msg_prosess
                0x000000000800380c      0x220 ./User/main.o
                0x000000000800380c                linux_msg_prosess
 .text.show_display
                0x0000000008003a2c      0x19c ./User/main.o
                0x0000000008003a2c                show_display
 .text.matrix_init
                0x0000000008003bc8      0x104 ./User/matric_button/lkv_matrix_button.o
                0x0000000008003bc8                matrix_init
 .text.get_row  0x0000000008003ccc       0x98 ./User/matric_button/lkv_matrix_button.o
                0x0000000008003ccc                get_row
 .text.set_colum
                0x0000000008003d64      0x110 ./User/matric_button/lkv_matrix_button.o
                0x0000000008003d64                set_colum
 .text.get_char_user
                0x0000000008003e74      0x104 ./User/matric_button/lkv_matrix_button.o
                0x0000000008003e74                get_char_user
 .text.read_serial
                0x0000000008003f78       0xe4 ./User/modbus_rtu_server/modbus_server.o
                0x0000000008003f78                read_serial
 .text.write_serial
                0x000000000800405c       0x2c ./User/modbus_rtu_server/modbus_server.o
                0x000000000800405c                write_serial
 .text.onError  0x0000000008004088        0xc ./User/modbus_rtu_server/modbus_server.o
                0x0000000008004088                onError
 .text.handle_read_coils
                0x0000000008004094       0xe8 ./User/modbus_rtu_server/modbus_server.o
                0x0000000008004094                handle_read_coils
 .text.handle_write_multiple_coils
                0x000000000800417c       0xe4 ./User/modbus_rtu_server/modbus_server.o
                0x000000000800417c                handle_write_multiple_coils
 .text.handler_read_holding_registers
                0x0000000008004260       0x60 ./User/modbus_rtu_server/modbus_server.o
                0x0000000008004260                handler_read_holding_registers
 .text.handle_write_multiple_registers
                0x00000000080042c0       0x60 ./User/modbus_rtu_server/modbus_server.o
                0x00000000080042c0                handle_write_multiple_registers
 .text.handle_write_single_registers
                0x0000000008004320       0x38 ./User/modbus_rtu_server/modbus_server.o
                0x0000000008004320                handle_write_single_registers
 .text.handler_read_input_registers
                0x0000000008004358       0x60 ./User/modbus_rtu_server/modbus_server.o
                0x0000000008004358                handler_read_input_registers
 .text.nmbs_create
                0x00000000080043b8       0x88 ./User/modbus_rtu_server/nanomodbus.o
                0x00000000080043b8                nmbs_create
 .text.nmbs_set_read_timeout
                0x0000000008004440       0x1c ./User/modbus_rtu_server/nanomodbus.o
                0x0000000008004440                nmbs_set_read_timeout
 .text.nmbs_set_byte_timeout
                0x000000000800445c       0x1c ./User/modbus_rtu_server/nanomodbus.o
                0x000000000800445c                nmbs_set_byte_timeout
 .text.nmbs_server_create
                0x0000000008004478       0x6a ./User/modbus_rtu_server/nanomodbus.o
                0x0000000008004478                nmbs_server_create
 *fill*         0x00000000080044e2        0x2 
 .text.lkv_stepmotor_coil_setval
                0x00000000080044e4       0x60 ./User/step_motor/step_motor.o
                0x00000000080044e4                lkv_stepmotor_coil_setval
 .text.lkv_stepmotor_run_up
                0x0000000008004544       0xfc ./User/step_motor/step_motor.o
                0x0000000008004544                lkv_stepmotor_run_up
 .text.lkv_stepmotor_run_down
                0x0000000008004640       0xfc ./User/step_motor/step_motor.o
                0x0000000008004640                lkv_stepmotor_run_down
 .text.lkv_stepmotor_gpio_init
                0x000000000800473c       0xa8 ./User/step_motor/step_motor.o
                0x000000000800473c                lkv_stepmotor_gpio_init
 .text.lkv_stepmotor_process
                0x00000000080047e4       0x6c ./User/step_motor/step_motor.o
                0x00000000080047e4                lkv_stepmotor_process
 .text.memset   0x0000000008004850       0x10 /opt/st/stm32cubeide_1.14.0/plugins/com.st.stm32cube.ide.mcu.externaltools.gnu-tools-for-stm32.11.3.rel1.linux64_1.1.100.202309141235/tools/bin/../lib/gcc/arm-none-eabi/11.3.1/../../../../arm-none-eabi/lib/thumb/v7-m/nofp/libc_nano.a(libc_a-memset.o)
                0x0000000008004850                memset
 .text.__libc_init_array
                0x0000000008004860       0x48 /opt/st/stm32cubeide_1.14.0/plugins/com.st.stm32cube.ide.mcu.externaltools.gnu-tools-for-stm32.11.3.rel1.linux64_1.1.100.202309141235/tools/bin/../lib/gcc/arm-none-eabi/11.3.1/../../../../arm-none-eabi/lib/thumb/v7-m/nofp/libc_nano.a(libc_a-init.o)
                0x0000000008004860                __libc_init_array
 *(.glue_7)
 .glue_7        0x00000000080048a8        0x0 linker stubs
 *(.glue_7t)
 .glue_7t       0x00000000080048a8        0x0 linker stubs
 *(.eh_frame)
 .eh_frame      0x00000000080048a8        0x0 /opt/st/stm32cubeide_1.14.0/plugins/com.st.stm32cube.ide.mcu.externaltools.gnu-tools-for-stm32.11.3.rel1.linux64_1.1.100.202309141235/tools/bin/../lib/gcc/arm-none-eabi/11.3.1/thumb/v7-m/nofp/crtbegin.o
 *(.init)
 .init          0x00000000080048a8        0x4 /opt/st/stm32cubeide_1.14.0/plugins/com.st.stm32cube.ide.mcu.externaltools.gnu-tools-for-stm32.11.3.rel1.linux64_1.1.100.202309141235/tools/bin/../lib/gcc/arm-none-eabi/11.3.1/thumb/v7-m/nofp/crti.o
                0x00000000080048a8                _init
 .init          0x00000000080048ac        0x8 /opt/st/stm32cubeide_1.14.0/plugins/com.st.stm32cube.ide.mcu.externaltools.gnu-tools-for-stm32.11.3.rel1.linux64_1.1.100.202309141235/tools/bin/../lib/gcc/arm-none-eabi/11.3.1/thumb/v7-m/nofp/crtn.o
 *(.fini)
 .fini          0x00000000080048b4        0x4 /opt/st/stm32cubeide_1.14.0/plugins/com.st.stm32cube.ide.mcu.externaltools.gnu-tools-for-stm32.11.3.rel1.linux64_1.1.100.202309141235/tools/bin/../lib/gcc/arm-none-eabi/11.3.1/thumb/v7-m/nofp/crti.o
                0x00000000080048b4                _fini
 .fini          0x00000000080048b8        0x8 /opt/st/stm32cubeide_1.14.0/plugins/com.st.stm32cube.ide.mcu.externaltools.gnu-tools-for-stm32.11.3.rel1.linux64_1.1.100.202309141235/tools/bin/../lib/gcc/arm-none-eabi/11.3.1/thumb/v7-m/nofp/crtn.o
                0x00000000080048c0                . = ALIGN (0x4)
                0x00000000080048c0                _etext = .

.vfp11_veneer   0x00000000080048c0        0x0
 .vfp11_veneer  0x00000000080048c0        0x0 linker stubs

.v4_bx          0x00000000080048c0        0x0
 .v4_bx         0x00000000080048c0        0x0 linker stubs

.iplt           0x00000000080048c0        0x0
 .iplt          0x00000000080048c0        0x0 /opt/st/stm32cubeide_1.14.0/plugins/com.st.stm32cube.ide.mcu.externaltools.gnu-tools-for-stm32.11.3.rel1.linux64_1.1.100.202309141235/tools/bin/../lib/gcc/arm-none-eabi/11.3.1/thumb/v7-m/nofp/crtbegin.o

.rodata         0x00000000080048c0       0x44
                0x00000000080048c0                . = ALIGN (0x4)
 *(.rodata)
 *(.rodata*)
 .rodata.PLLMulTable
                0x00000000080048c0        0x9 ./Core/Src/system_stm32l1xx.o
                0x00000000080048c0                PLLMulTable
 *fill*         0x00000000080048c9        0x3 
 .rodata.AHBPrescTable
                0x00000000080048cc       0x10 ./Core/Src/system_stm32l1xx.o
                0x00000000080048cc                AHBPrescTable
 .rodata.APBPrescTable
                0x00000000080048dc        0x8 ./Core/Src/system_stm32l1xx.o
                0x00000000080048dc                APBPrescTable
 .rodata.segmentMap
                0x00000000080048e4       0x20 ./User/TM1637/TM1637.o
                0x00000000080048e4                segmentMap
                0x0000000008004904                . = ALIGN (0x4)

.ARM.extab      0x0000000008004904        0x0
                0x0000000008004904                . = ALIGN (0x4)
 *(.ARM.extab* .gnu.linkonce.armextab.*)
                0x0000000008004904                . = ALIGN (0x4)

.ARM            0x0000000008004904        0x8
                0x0000000008004904                . = ALIGN (0x4)
                0x0000000008004904                __exidx_start = .
 *(.ARM.exidx*)
 .ARM.exidx     0x0000000008004904        0x8 /opt/st/stm32cubeide_1.14.0/plugins/com.st.stm32cube.ide.mcu.externaltools.gnu-tools-for-stm32.11.3.rel1.linux64_1.1.100.202309141235/tools/bin/../lib/gcc/arm-none-eabi/11.3.1/thumb/v7-m/nofp/libgcc.a(_udivmoddi4.o)
                0x000000000800490c                __exidx_end = .
                0x000000000800490c                . = ALIGN (0x4)

.rel.dyn        0x000000000800490c        0x0
 .rel.iplt      0x000000000800490c        0x0 /opt/st/stm32cubeide_1.14.0/plugins/com.st.stm32cube.ide.mcu.externaltools.gnu-tools-for-stm32.11.3.rel1.linux64_1.1.100.202309141235/tools/bin/../lib/gcc/arm-none-eabi/11.3.1/thumb/v7-m/nofp/crtbegin.o

.preinit_array  0x000000000800490c        0x0
                0x000000000800490c                . = ALIGN (0x4)
                0x000000000800490c                PROVIDE (__preinit_array_start = .)
 *(.preinit_array*)
                0x000000000800490c                PROVIDE (__preinit_array_end = .)
                0x000000000800490c                . = ALIGN (0x4)

.init_array     0x000000000800490c        0x4
                0x000000000800490c                . = ALIGN (0x4)
                0x000000000800490c                PROVIDE (__init_array_start = .)
 *(SORT_BY_NAME(.init_array.*))
 *(.init_array*)
 .init_array    0x000000000800490c        0x4 /opt/st/stm32cubeide_1.14.0/plugins/com.st.stm32cube.ide.mcu.externaltools.gnu-tools-for-stm32.11.3.rel1.linux64_1.1.100.202309141235/tools/bin/../lib/gcc/arm-none-eabi/11.3.1/thumb/v7-m/nofp/crtbegin.o
                0x0000000008004910                PROVIDE (__init_array_end = .)
                0x0000000008004910                . = ALIGN (0x4)

.fini_array     0x0000000008004910        0x4
                0x0000000008004910                . = ALIGN (0x4)
                [!provide]                        PROVIDE (__fini_array_start = .)
 *(SORT_BY_NAME(.fini_array.*))
 *(.fini_array*)
 .fini_array    0x0000000008004910        0x4 /opt/st/stm32cubeide_1.14.0/plugins/com.st.stm32cube.ide.mcu.externaltools.gnu-tools-for-stm32.11.3.rel1.linux64_1.1.100.202309141235/tools/bin/../lib/gcc/arm-none-eabi/11.3.1/thumb/v7-m/nofp/crtbegin.o
                [!provide]                        PROVIDE (__fini_array_end = .)
                0x0000000008004914                . = ALIGN (0x4)
                0x0000000008004914                _sidata = LOADADDR (.data)

.data           0x0000000020000000       0x34 load address 0x0000000008004914
                0x0000000020000000                . = ALIGN (0x4)
                0x0000000020000000                _sdata = .
 *(.data)
 *(.data*)
 .data.SystemCoreClock
                0x0000000020000000        0x4 ./Core/Src/system_stm32l1xx.o
                0x0000000020000000                SystemCoreClock
 .data.uwTickPrio
                0x0000000020000004        0x4 ./Drivers/STM32L1xx_HAL_Driver/Src/stm32l1xx_hal.o
                0x0000000020000004                uwTickPrio
 .data.uwTickFreq
                0x0000000020000008        0x4 ./Drivers/STM32L1xx_HAL_Driver/Src/stm32l1xx_hal.o
                0x0000000020000008                uwTickFreq
 .data.server_holding_registers
                0x000000002000000c       0x14 ./User/modbus_rtu_server/modbus_server.o
                0x000000002000000c                server_holding_registers
 .data.server_input_registers
                0x0000000020000020       0x14 ./User/modbus_rtu_server/modbus_server.o
                0x0000000020000020                server_input_registers
 *(.RamFunc)
 *(.RamFunc*)
                0x0000000020000034                . = ALIGN (0x4)
                0x0000000020000034                _edata = .

.igot.plt       0x0000000020000034        0x0 load address 0x0000000008004948
 .igot.plt      0x0000000020000034        0x0 /opt/st/stm32cubeide_1.14.0/plugins/com.st.stm32cube.ide.mcu.externaltools.gnu-tools-for-stm32.11.3.rel1.linux64_1.1.100.202309141235/tools/bin/../lib/gcc/arm-none-eabi/11.3.1/thumb/v7-m/nofp/crtbegin.o
                0x0000000020000034                . = ALIGN (0x4)

.bss            0x0000000020000034      0x77c load address 0x0000000008004948
                0x0000000020000034                _sbss = .
                0x0000000020000034                __bss_start__ = _sbss
 *(.bss)
 .bss           0x0000000020000034       0x1c /opt/st/stm32cubeide_1.14.0/plugins/com.st.stm32cube.ide.mcu.externaltools.gnu-tools-for-stm32.11.3.rel1.linux64_1.1.100.202309141235/tools/bin/../lib/gcc/arm-none-eabi/11.3.1/thumb/v7-m/nofp/crtbegin.o
 *(.bss*)
 .bss.uwTick    0x0000000020000050        0x4 ./Drivers/STM32L1xx_HAL_Driver/Src/stm32l1xx_hal.o
                0x0000000020000050                uwTick
 .bss.huart4    0x0000000020000054       0x48 ./User/board/board.o
                0x0000000020000054                huart4
 .bss.huart2    0x000000002000009c       0x48 ./User/board/board.o
                0x000000002000009c                huart2
 .bss.ss_arr    0x00000000200000e4        0x6 ./User/board/board.o
                0x00000000200000e4                ss_arr
 *fill*         0x00000000200000ea        0x2 
 .bss.nmbs      0x00000000200000ec      0x154 ./User/main.o
                0x00000000200000ec                nmbs
 .bss.platform_conf
                0x0000000020000240       0x10 ./User/main.o
                0x0000000020000240                platform_conf
 .bss.callbacks
                0x0000000020000250       0x2c ./User/main.o
                0x0000000020000250                callbacks
 .bss.user_char
                0x000000002000027c        0x1 ./User/main.o
                0x000000002000027c                user_char
 .bss.status_cabin
                0x000000002000027d        0x1 ./User/main.o
                0x000000002000027d                status_cabin
 .bss.mqtt_index
                0x000000002000027e        0x1 ./User/main.o
                0x000000002000027e                mqtt_index
 .bss.is_new_linux_msg
                0x000000002000027f        0x1 ./User/main.o
                0x000000002000027f                is_new_linux_msg
 .bss.wait_timeot
                0x0000000020000280        0x4 ./User/main.o
                0x0000000020000280                wait_timeot
 .bss.is_fire   0x0000000020000284        0x1 ./User/main.o
                0x0000000020000284                is_fire
 .bss.current_level
                0x0000000020000285        0x1 ./User/main.o
                0x0000000020000285                current_level
 .bss.target_level_next_time
                0x0000000020000286        0x1 ./User/main.o
                0x0000000020000286                target_level_next_time
 .bss.target_level
                0x0000000020000287        0x1 ./User/main.o
                0x0000000020000287                target_level
 .bss.buff_mqtt_slave
                0x0000000020000288       0x20 ./User/main.o
                0x0000000020000288                buff_mqtt_slave
 .bss.g_sys_time
                0x00000000200002a8        0x4 ./User/main.o
                0x00000000200002a8                g_sys_time
 .bss.buff_rx   0x00000000200002ac        0x1 ./User/main.o
                0x00000000200002ac                buff_rx
 .bss.buff_rx_mqtt
                0x00000000200002ad        0x1 ./User/main.o
                0x00000000200002ad                buff_rx_mqtt
 *fill*         0x00000000200002ae        0x2 
 .bss.ring_buffer
                0x00000000200002b0      0x400 ./User/main.o
                0x00000000200002b0                ring_buffer
 .bss.front_index
                0x00000000200006b0        0x2 ./User/main.o
                0x00000000200006b0                front_index
 .bss.rear_index
                0x00000000200006b2        0x2 ./User/main.o
                0x00000000200006b2                rear_index
 .bss.server_coils
                0x00000000200006b4       0xfa ./User/modbus_rtu_server/modbus_server.o
                0x00000000200006b4                server_coils
 *(COMMON)
                0x00000000200007b0                . = ALIGN (0x4)
 *fill*         0x00000000200007ae        0x2 
                0x00000000200007b0                _ebss = .
                0x00000000200007b0                __bss_end__ = _ebss

._user_heap_stack
                0x00000000200007b0      0x600 load address 0x0000000008004948
                0x00000000200007b0                . = ALIGN (0x8)
                [!provide]                        PROVIDE (end = .)
                0x00000000200007b0                PROVIDE (_end = .)
                0x00000000200009b0                . = (. + _Min_Heap_Size)
 *fill*         0x00000000200007b0      0x200 
                0x0000000020000db0                . = (. + _Min_Stack_Size)
 *fill*         0x00000000200009b0      0x400 
                0x0000000020000db0                . = ALIGN (0x8)

/DISCARD/
 libc.a(*)
 libm.a(*)
 libgcc.a(*)

.ARM.attributes
                0x0000000000000000       0x29
 *(.ARM.attributes)
 .ARM.attributes
                0x0000000000000000       0x1d /opt/st/stm32cubeide_1.14.0/plugins/com.st.stm32cube.ide.mcu.externaltools.gnu-tools-for-stm32.11.3.rel1.linux64_1.1.100.202309141235/tools/bin/../lib/gcc/arm-none-eabi/11.3.1/thumb/v7-m/nofp/crti.o
 .ARM.attributes
                0x000000000000001d       0x2d /opt/st/stm32cubeide_1.14.0/plugins/com.st.stm32cube.ide.mcu.externaltools.gnu-tools-for-stm32.11.3.rel1.linux64_1.1.100.202309141235/tools/bin/../lib/gcc/arm-none-eabi/11.3.1/thumb/v7-m/nofp/crtbegin.o
 .ARM.attributes
                0x000000000000004a       0x2d ./Core/Src/stm32l1xx_hal_msp.o
 .ARM.attributes
                0x0000000000000077       0x2d ./Core/Src/stm32l1xx_it.o
 .ARM.attributes
                0x00000000000000a4       0x2d ./Core/Src/system_stm32l1xx.o
 .ARM.attributes
                0x00000000000000d1       0x21 ./Core/Startup/startup_stm32l152retx.o
 .ARM.attributes
                0x00000000000000f2       0x2d ./Drivers/STM32L1xx_HAL_Driver/Src/stm32l1xx_hal.o
 .ARM.attributes
                0x000000000000011f       0x2d ./Drivers/STM32L1xx_HAL_Driver/Src/stm32l1xx_hal_cortex.o
 .ARM.attributes
                0x000000000000014c       0x2d ./Drivers/STM32L1xx_HAL_Driver/Src/stm32l1xx_hal_dma.o
 .ARM.attributes
                0x0000000000000179       0x2d ./Drivers/STM32L1xx_HAL_Driver/Src/stm32l1xx_hal_gpio.o
 .ARM.attributes
                0x00000000000001a6       0x2d ./Drivers/STM32L1xx_HAL_Driver/Src/stm32l1xx_hal_rcc.o
 .ARM.attributes
                0x00000000000001d3       0x2d ./Drivers/STM32L1xx_HAL_Driver/Src/stm32l1xx_hal_uart.o
 .ARM.attributes
                0x0000000000000200       0x2d ./User/TM1637/TM1637.o
 .ARM.attributes
                0x000000000000022d       0x2d ./User/board/board.o
 .ARM.attributes
                0x000000000000025a       0x2d ./User/main.o
 .ARM.attributes
                0x0000000000000287       0x2d ./User/matric_button/lkv_matrix_button.o
 .ARM.attributes
                0x00000000000002b4       0x2d ./User/modbus_rtu_server/modbus_server.o
 .ARM.attributes
                0x00000000000002e1       0x2d ./User/modbus_rtu_server/nanomodbus.o
 .ARM.attributes
                0x000000000000030e       0x2d ./User/step_motor/step_motor.o
 .ARM.attributes
                0x000000000000033b       0x2d /opt/st/stm32cubeide_1.14.0/plugins/com.st.stm32cube.ide.mcu.externaltools.gnu-tools-for-stm32.11.3.rel1.linux64_1.1.100.202309141235/tools/bin/../lib/gcc/arm-none-eabi/11.3.1/../../../../arm-none-eabi/lib/thumb/v7-m/nofp/libc_nano.a(libc_a-memset.o)
 .ARM.attributes
                0x0000000000000368       0x2d /opt/st/stm32cubeide_1.14.0/plugins/com.st.stm32cube.ide.mcu.externaltools.gnu-tools-for-stm32.11.3.rel1.linux64_1.1.100.202309141235/tools/bin/../lib/gcc/arm-none-eabi/11.3.1/../../../../arm-none-eabi/lib/thumb/v7-m/nofp/libc_nano.a(libc_a-init.o)
 .ARM.attributes
                0x0000000000000395       0x1d /opt/st/stm32cubeide_1.14.0/plugins/com.st.stm32cube.ide.mcu.externaltools.gnu-tools-for-stm32.11.3.rel1.linux64_1.1.100.202309141235/tools/bin/../lib/gcc/arm-none-eabi/11.3.1/thumb/v7-m/nofp/libgcc.a(_aeabi_uldivmod.o)
 .ARM.attributes
                0x00000000000003b2       0x2d /opt/st/stm32cubeide_1.14.0/plugins/com.st.stm32cube.ide.mcu.externaltools.gnu-tools-for-stm32.11.3.rel1.linux64_1.1.100.202309141235/tools/bin/../lib/gcc/arm-none-eabi/11.3.1/thumb/v7-m/nofp/libgcc.a(_udivmoddi4.o)
 .ARM.attributes
                0x00000000000003df       0x1d /opt/st/stm32cubeide_1.14.0/plugins/com.st.stm32cube.ide.mcu.externaltools.gnu-tools-for-stm32.11.3.rel1.linux64_1.1.100.202309141235/tools/bin/../lib/gcc/arm-none-eabi/11.3.1/thumb/v7-m/nofp/libgcc.a(_dvmd_tls.o)
 .ARM.attributes
                0x00000000000003fc       0x1d /opt/st/stm32cubeide_1.14.0/plugins/com.st.stm32cube.ide.mcu.externaltools.gnu-tools-for-stm32.11.3.rel1.linux64_1.1.100.202309141235/tools/bin/../lib/gcc/arm-none-eabi/11.3.1/thumb/v7-m/nofp/crtn.o
OUTPUT(Project_bms_elevator_control.elf elf32-littlearm)
LOAD linker stubs
LOAD /opt/st/stm32cubeide_1.14.0/plugins/com.st.stm32cube.ide.mcu.externaltools.gnu-tools-for-stm32.11.3.rel1.linux64_1.1.100.202309141235/tools/bin/../lib/gcc/arm-none-eabi/11.3.1/../../../../arm-none-eabi/lib/thumb/v7-m/nofp/libc.a
LOAD /opt/st/stm32cubeide_1.14.0/plugins/com.st.stm32cube.ide.mcu.externaltools.gnu-tools-for-stm32.11.3.rel1.linux64_1.1.100.202309141235/tools/bin/../lib/gcc/arm-none-eabi/11.3.1/../../../../arm-none-eabi/lib/thumb/v7-m/nofp/libm.a
LOAD /opt/st/stm32cubeide_1.14.0/plugins/com.st.stm32cube.ide.mcu.externaltools.gnu-tools-for-stm32.11.3.rel1.linux64_1.1.100.202309141235/tools/bin/../lib/gcc/arm-none-eabi/11.3.1/thumb/v7-m/nofp/libgcc.a

.comment        0x0000000000000000       0x43
 .comment       0x0000000000000000       0x43 /opt/st/stm32cubeide_1.14.0/plugins/com.st.stm32cube.ide.mcu.externaltools.gnu-tools-for-stm32.11.3.rel1.linux64_1.1.100.202309141235/tools/bin/../lib/gcc/arm-none-eabi/11.3.1/thumb/v7-m/nofp/crtbegin.o
                                         0x44 (size before relaxing)
 .comment       0x0000000000000043       0x44 ./Core/Src/stm32l1xx_hal_msp.o
 .comment       0x0000000000000043       0x44 ./Core/Src/stm32l1xx_it.o
 .comment       0x0000000000000043       0x44 ./Core/Src/system_stm32l1xx.o
 .comment       0x0000000000000043       0x44 ./Drivers/STM32L1xx_HAL_Driver/Src/stm32l1xx_hal.o
 .comment       0x0000000000000043       0x44 ./Drivers/STM32L1xx_HAL_Driver/Src/stm32l1xx_hal_cortex.o
 .comment       0x0000000000000043       0x44 ./Drivers/STM32L1xx_HAL_Driver/Src/stm32l1xx_hal_dma.o
 .comment       0x0000000000000043       0x44 ./Drivers/STM32L1xx_HAL_Driver/Src/stm32l1xx_hal_gpio.o
 .comment       0x0000000000000043       0x44 ./Drivers/STM32L1xx_HAL_Driver/Src/stm32l1xx_hal_rcc.o
 .comment       0x0000000000000043       0x44 ./Drivers/STM32L1xx_HAL_Driver/Src/stm32l1xx_hal_uart.o
 .comment       0x0000000000000043       0x44 ./User/TM1637/TM1637.o
 .comment       0x0000000000000043       0x44 ./User/board/board.o
 .comment       0x0000000000000043       0x44 ./User/main.o
 .comment       0x0000000000000043       0x44 ./User/matric_button/lkv_matrix_button.o
 .comment       0x0000000000000043       0x44 ./User/modbus_rtu_server/modbus_server.o
 .comment       0x0000000000000043       0x44 ./User/modbus_rtu_server/nanomodbus.o
 .comment       0x0000000000000043       0x44 ./User/step_motor/step_motor.o

.debug_info     0x0000000000000000     0xbda2
 .debug_info    0x0000000000000000      0xa13 ./Core/Src/stm32l1xx_hal_msp.o
 .debug_info    0x0000000000000a13       0xf8 ./Core/Src/stm32l1xx_it.o
 .debug_info    0x0000000000000b0b      0x27c ./Core/Src/system_stm32l1xx.o
 .debug_info    0x0000000000000d87       0x23 ./Core/Startup/startup_stm32l152retx.o
 .debug_info    0x0000000000000daa      0x6ef ./Drivers/STM32L1xx_HAL_Driver/Src/stm32l1xx_hal.o
 .debug_info    0x0000000000001499      0xcb0 ./Drivers/STM32L1xx_HAL_Driver/Src/stm32l1xx_hal_cortex.o
 .debug_info    0x0000000000002149      0x6c7 ./Drivers/STM32L1xx_HAL_Driver/Src/stm32l1xx_hal_dma.o
 .debug_info    0x0000000000002810      0x5b2 ./Drivers/STM32L1xx_HAL_Driver/Src/stm32l1xx_hal_gpio.o
 .debug_info    0x0000000000002dc2      0x991 ./Drivers/STM32L1xx_HAL_Driver/Src/stm32l1xx_hal_rcc.o
 .debug_info    0x0000000000003753     0x2faa ./Drivers/STM32L1xx_HAL_Driver/Src/stm32l1xx_hal_uart.o
 .debug_info    0x00000000000066fd      0x415 ./User/TM1637/TM1637.o
 .debug_info    0x0000000000006b12      0xc2e ./User/board/board.o
 .debug_info    0x0000000000007740     0x10f8 ./User/main.o
 .debug_info    0x0000000000008838      0x478 ./User/matric_button/lkv_matrix_button.o
 .debug_info    0x0000000000008cb0      0xa9e ./User/modbus_rtu_server/modbus_server.o
 .debug_info    0x000000000000974e     0x20c7 ./User/modbus_rtu_server/nanomodbus.o
 .debug_info    0x000000000000b815      0x58d ./User/step_motor/step_motor.o

.debug_abbrev   0x0000000000000000     0x2316
 .debug_abbrev  0x0000000000000000      0x1b2 ./Core/Src/stm32l1xx_hal_msp.o
 .debug_abbrev  0x00000000000001b2       0x47 ./Core/Src/stm32l1xx_it.o
 .debug_abbrev  0x00000000000001f9      0x11c ./Core/Src/system_stm32l1xx.o
 .debug_abbrev  0x0000000000000315       0x12 ./Core/Startup/startup_stm32l152retx.o
 .debug_abbrev  0x0000000000000327      0x275 ./Drivers/STM32L1xx_HAL_Driver/Src/stm32l1xx_hal.o
 .debug_abbrev  0x000000000000059c      0x327 ./Drivers/STM32L1xx_HAL_Driver/Src/stm32l1xx_hal_cortex.o
 .debug_abbrev  0x00000000000008c3      0x201 ./Drivers/STM32L1xx_HAL_Driver/Src/stm32l1xx_hal_dma.o
 .debug_abbrev  0x0000000000000ac4      0x1d4 ./Drivers/STM32L1xx_HAL_Driver/Src/stm32l1xx_hal_gpio.o
 .debug_abbrev  0x0000000000000c98      0x2b8 ./Drivers/STM32L1xx_HAL_Driver/Src/stm32l1xx_hal_rcc.o
 .debug_abbrev  0x0000000000000f50      0x2f7 ./Drivers/STM32L1xx_HAL_Driver/Src/stm32l1xx_hal_uart.o
 .debug_abbrev  0x0000000000001247      0x1a3 ./User/TM1637/TM1637.o
 .debug_abbrev  0x00000000000013ea      0x282 ./User/board/board.o
 .debug_abbrev  0x000000000000166c      0x385 ./User/main.o
 .debug_abbrev  0x00000000000019f1      0x1e2 ./User/matric_button/lkv_matrix_button.o
 .debug_abbrev  0x0000000000001bd3      0x24f ./User/modbus_rtu_server/modbus_server.o
 .debug_abbrev  0x0000000000001e22      0x361 ./User/modbus_rtu_server/nanomodbus.o
 .debug_abbrev  0x0000000000002183      0x193 ./User/step_motor/step_motor.o

.debug_aranges  0x0000000000000000      0xad0
 .debug_aranges
                0x0000000000000000       0x30 ./Core/Src/stm32l1xx_hal_msp.o
 .debug_aranges
                0x0000000000000030       0x58 ./Core/Src/stm32l1xx_it.o
 .debug_aranges
                0x0000000000000088       0x28 ./Core/Src/system_stm32l1xx.o
 .debug_aranges
                0x00000000000000b0       0x28 ./Core/Startup/startup_stm32l152retx.o
 .debug_aranges
                0x00000000000000d8       0xe0 ./Drivers/STM32L1xx_HAL_Driver/Src/stm32l1xx_hal.o
 .debug_aranges
                0x00000000000001b8      0x118 ./Drivers/STM32L1xx_HAL_Driver/Src/stm32l1xx_hal_cortex.o
 .debug_aranges
                0x00000000000002d0       0x80 ./Drivers/STM32L1xx_HAL_Driver/Src/stm32l1xx_hal_dma.o
 .debug_aranges
                0x0000000000000350       0x58 ./Drivers/STM32L1xx_HAL_Driver/Src/stm32l1xx_hal_gpio.o
 .debug_aranges
                0x00000000000003a8       0x90 ./Drivers/STM32L1xx_HAL_Driver/Src/stm32l1xx_hal_rcc.o
 .debug_aranges
                0x0000000000000438      0x208 ./Drivers/STM32L1xx_HAL_Driver/Src/stm32l1xx_hal_uart.o
 .debug_aranges
                0x0000000000000640       0x88 ./User/TM1637/TM1637.o
 .debug_aranges
                0x00000000000006c8       0x60 ./User/board/board.o
 .debug_aranges
                0x0000000000000728       0x78 ./User/main.o
 .debug_aranges
                0x00000000000007a0       0x40 ./User/matric_button/lkv_matrix_button.o
 .debug_aranges
                0x00000000000007e0       0x60 ./User/modbus_rtu_server/modbus_server.o
 .debug_aranges
                0x0000000000000840      0x250 ./User/modbus_rtu_server/nanomodbus.o
 .debug_aranges
                0x0000000000000a90       0x40 ./User/step_motor/step_motor.o

.debug_rnglists
                0x0000000000000000      0x86b
 .debug_rnglists
                0x0000000000000000       0x20 ./Core/Src/stm32l1xx_hal_msp.o
 .debug_rnglists
                0x0000000000000020       0x3d ./Core/Src/stm32l1xx_it.o
 .debug_rnglists
                0x000000000000005d       0x1a ./Core/Src/system_stm32l1xx.o
 .debug_rnglists
                0x0000000000000077       0x19 ./Core/Startup/startup_stm32l152retx.o
 .debug_rnglists
                0x0000000000000090       0xa3 ./Drivers/STM32L1xx_HAL_Driver/Src/stm32l1xx_hal.o
 .debug_rnglists
                0x0000000000000133       0xce ./Drivers/STM32L1xx_HAL_Driver/Src/stm32l1xx_hal_cortex.o
 .debug_rnglists
                0x0000000000000201       0x64 ./Drivers/STM32L1xx_HAL_Driver/Src/stm32l1xx_hal_dma.o
 .debug_rnglists
                0x0000000000000265       0x3f ./Drivers/STM32L1xx_HAL_Driver/Src/stm32l1xx_hal_gpio.o
 .debug_rnglists
                0x00000000000002a4       0x6d ./Drivers/STM32L1xx_HAL_Driver/Src/stm32l1xx_hal_rcc.o
 .debug_rnglists
                0x0000000000000311      0x1bc ./Drivers/STM32L1xx_HAL_Driver/Src/stm32l1xx_hal_uart.o
 .debug_rnglists
                0x00000000000004cd       0x63 ./User/TM1637/TM1637.o
 .debug_rnglists
                0x0000000000000530       0x47 ./User/board/board.o
 .debug_rnglists
                0x0000000000000577       0x79 ./User/main.o
 .debug_rnglists
                0x00000000000005f0       0x30 ./User/matric_button/lkv_matrix_button.o
 .debug_rnglists
                0x0000000000000620       0x46 ./User/modbus_rtu_server/modbus_server.o
 .debug_rnglists
                0x0000000000000666      0x1d7 ./User/modbus_rtu_server/nanomodbus.o
 .debug_rnglists
                0x000000000000083d       0x2e ./User/step_motor/step_motor.o

.debug_macro    0x0000000000000000    0x155b3
 .debug_macro   0x0000000000000000      0x1b4 ./Core/Src/stm32l1xx_hal_msp.o
 .debug_macro   0x00000000000001b4      0xa9c ./Core/Src/stm32l1xx_hal_msp.o
 .debug_macro   0x0000000000000c50      0x109 ./Core/Src/stm32l1xx_hal_msp.o
 .debug_macro   0x0000000000000d59       0x2e ./Core/Src/stm32l1xx_hal_msp.o
 .debug_macro   0x0000000000000d87       0x22 ./Core/Src/stm32l1xx_hal_msp.o
 .debug_macro   0x0000000000000da9       0x22 ./Core/Src/stm32l1xx_hal_msp.o
 .debug_macro   0x0000000000000dcb       0x8e ./Core/Src/stm32l1xx_hal_msp.o
 .debug_macro   0x0000000000000e59       0x51 ./Core/Src/stm32l1xx_hal_msp.o
 .debug_macro   0x0000000000000eaa      0x103 ./Core/Src/stm32l1xx_hal_msp.o
 .debug_macro   0x0000000000000fad       0x6a ./Core/Src/stm32l1xx_hal_msp.o
 .debug_macro   0x0000000000001017      0x1df ./Core/Src/stm32l1xx_hal_msp.o
 .debug_macro   0x00000000000011f6       0x1c ./Core/Src/stm32l1xx_hal_msp.o
 .debug_macro   0x0000000000001212       0x22 ./Core/Src/stm32l1xx_hal_msp.o
 .debug_macro   0x0000000000001234       0xbd ./Core/Src/stm32l1xx_hal_msp.o
 .debug_macro   0x00000000000012f1      0xe49 ./Core/Src/stm32l1xx_hal_msp.o
 .debug_macro   0x000000000000213a      0x11f ./Core/Src/stm32l1xx_hal_msp.o
 .debug_macro   0x0000000000002259     0xb56a ./Core/Src/stm32l1xx_hal_msp.o
 .debug_macro   0x000000000000d7c3       0x6d ./Core/Src/stm32l1xx_hal_msp.o
 .debug_macro   0x000000000000d830     0x34cc ./Core/Src/stm32l1xx_hal_msp.o
 .debug_macro   0x0000000000010cfc      0x174 ./Core/Src/stm32l1xx_hal_msp.o
 .debug_macro   0x0000000000010e70       0x5b ./Core/Src/stm32l1xx_hal_msp.o
 .debug_macro   0x0000000000010ecb      0xe37 ./Core/Src/stm32l1xx_hal_msp.o
 .debug_macro   0x0000000000011d02      0x35b ./Core/Src/stm32l1xx_hal_msp.o
 .debug_macro   0x000000000001205d      0x1b8 ./Core/Src/stm32l1xx_hal_msp.o
 .debug_macro   0x0000000000012215       0xc5 ./Core/Src/stm32l1xx_hal_msp.o
 .debug_macro   0x00000000000122da      0x21e ./Core/Src/stm32l1xx_hal_msp.o
 .debug_macro   0x00000000000124f8      0x236 ./Core/Src/stm32l1xx_hal_msp.o
 .debug_macro   0x000000000001272e      0x115 ./Core/Src/stm32l1xx_hal_msp.o
 .debug_macro   0x0000000000012843      0x567 ./Core/Src/stm32l1xx_hal_msp.o
 .debug_macro   0x0000000000012daa      0x1e9 ./Core/Src/stm32l1xx_hal_msp.o
 .debug_macro   0x0000000000012f93       0x22 ./Core/Src/stm32l1xx_hal_msp.o
 .debug_macro   0x0000000000012fb5      0x2aa ./Core/Src/stm32l1xx_hal_msp.o
 .debug_macro   0x000000000001325f      0x170 ./Core/Src/stm32l1xx_hal_msp.o
 .debug_macro   0x00000000000133cf      0x492 ./Core/Src/stm32l1xx_hal_msp.o
 .debug_macro   0x0000000000013861       0x28 ./Core/Src/stm32l1xx_hal_msp.o
 .debug_macro   0x0000000000013889      0x1be ./Core/Src/stm32l1xx_it.o
 .debug_macro   0x0000000000013a47      0x19b ./Core/Src/system_stm32l1xx.o
 .debug_macro   0x0000000000013be2      0x1bf ./Drivers/STM32L1xx_HAL_Driver/Src/stm32l1xx_hal.o
 .debug_macro   0x0000000000013da1      0x19b ./Drivers/STM32L1xx_HAL_Driver/Src/stm32l1xx_hal_cortex.o
 .debug_macro   0x0000000000013f3c      0x19b ./Drivers/STM32L1xx_HAL_Driver/Src/stm32l1xx_hal_dma.o
 .debug_macro   0x00000000000140d7      0x1a2 ./Drivers/STM32L1xx_HAL_Driver/Src/stm32l1xx_hal_gpio.o
 .debug_macro   0x0000000000014279      0x1ad ./Drivers/STM32L1xx_HAL_Driver/Src/stm32l1xx_hal_rcc.o
 .debug_macro   0x0000000000014426      0x19c ./Drivers/STM32L1xx_HAL_Driver/Src/stm32l1xx_hal_uart.o
 .debug_macro   0x00000000000145c2      0x1be ./User/TM1637/TM1637.o
 .debug_macro   0x0000000000014780      0x235 ./User/board/board.o
 .debug_macro   0x00000000000149b5       0x1c ./User/board/board.o
 .debug_macro   0x00000000000149d1      0x33d ./User/main.o
 .debug_macro   0x0000000000014d0e       0x22 ./User/main.o
 .debug_macro   0x0000000000014d30       0x61 ./User/main.o
 .debug_macro   0x0000000000014d91       0x10 ./User/main.o
 .debug_macro   0x0000000000014da1       0x20 ./User/main.o
 .debug_macro   0x0000000000014dc1       0x1c ./User/main.o
 .debug_macro   0x0000000000014ddd       0x1c ./User/main.o
 .debug_macro   0x0000000000014df9       0x22 ./User/main.o
 .debug_macro   0x0000000000014e1b      0x1a5 ./User/matric_button/lkv_matrix_button.o
 .debug_macro   0x0000000000014fc0      0x2a9 ./User/modbus_rtu_server/modbus_server.o
 .debug_macro   0x0000000000015269      0x154 ./User/modbus_rtu_server/nanomodbus.o
 .debug_macro   0x00000000000153bd      0x1da ./User/step_motor/step_motor.o
 .debug_macro   0x0000000000015597       0x1c ./User/step_motor/step_motor.o

.debug_line     0x0000000000000000     0xcf6b
 .debug_line    0x0000000000000000      0x70b ./Core/Src/stm32l1xx_hal_msp.o
 .debug_line    0x000000000000070b      0x72f ./Core/Src/stm32l1xx_it.o
 .debug_line    0x0000000000000e3a      0x6e9 ./Core/Src/system_stm32l1xx.o
 .debug_line    0x0000000000001523       0x79 ./Core/Startup/startup_stm32l152retx.o
 .debug_line    0x000000000000159c      0x90c ./Drivers/STM32L1xx_HAL_Driver/Src/stm32l1xx_hal.o
 .debug_line    0x0000000000001ea8      0xbd9 ./Drivers/STM32L1xx_HAL_Driver/Src/stm32l1xx_hal_cortex.o
 .debug_line    0x0000000000002a81      0xb95 ./Drivers/STM32L1xx_HAL_Driver/Src/stm32l1xx_hal_dma.o
 .debug_line    0x0000000000003616      0x984 ./Drivers/STM32L1xx_HAL_Driver/Src/stm32l1xx_hal_gpio.o
 .debug_line    0x0000000000003f9a      0xe13 ./Drivers/STM32L1xx_HAL_Driver/Src/stm32l1xx_hal_rcc.o
 .debug_line    0x0000000000004dad     0x283b ./Drivers/STM32L1xx_HAL_Driver/Src/stm32l1xx_hal_uart.o
 .debug_line    0x00000000000075e8      0x8e9 ./User/TM1637/TM1637.o
 .debug_line    0x0000000000007ed1      0x8fa ./User/board/board.o
 .debug_line    0x00000000000087cb      0xf57 ./User/main.o
 .debug_line    0x0000000000009722      0x94e ./User/matric_button/lkv_matrix_button.o
 .debug_line    0x000000000000a070      0xadd ./User/modbus_rtu_server/modbus_server.o
 .debug_line    0x000000000000ab4d     0x1b9c ./User/modbus_rtu_server/nanomodbus.o
 .debug_line    0x000000000000c6e9      0x882 ./User/step_motor/step_motor.o

.debug_str      0x0000000000000000    0x852b9
 .debug_str     0x0000000000000000    0x7f323 ./Core/Src/stm32l1xx_hal_msp.o
                                      0x7f5fd (size before relaxing)
 .debug_str     0x000000000007f323       0xad ./Core/Src/stm32l1xx_it.o
                                      0x7edb1 (size before relaxing)
 .debug_str     0x000000000007f3d0       0x99 ./Core/Src/system_stm32l1xx.o
                                      0x7ed97 (size before relaxing)
 .debug_str     0x000000000007f469       0x34 ./Core/Startup/startup_stm32l152retx.o
                                         0x71 (size before relaxing)
 .debug_str     0x000000000007f49d      0x368 ./Drivers/STM32L1xx_HAL_Driver/Src/stm32l1xx_hal.o
                                      0x7f4bc (size before relaxing)
 .debug_str     0x000000000007f805      0x3b3 ./Drivers/STM32L1xx_HAL_Driver/Src/stm32l1xx_hal_cortex.o
                                      0x7f596 (size before relaxing)
 .debug_str     0x000000000007fbb8      0x257 ./Drivers/STM32L1xx_HAL_Driver/Src/stm32l1xx_hal_dma.o
                                      0x7f11c (size before relaxing)
 .debug_str     0x000000000007fe0f      0x152 ./Drivers/STM32L1xx_HAL_Driver/Src/stm32l1xx_hal_gpio.o
                                      0x7ef2a (size before relaxing)
 .debug_str     0x000000000007ff61      0x3e6 ./Drivers/STM32L1xx_HAL_Driver/Src/stm32l1xx_hal_rcc.o
                                      0x7f253 (size before relaxing)
 .debug_str     0x0000000000080347      0x631 ./Drivers/STM32L1xx_HAL_Driver/Src/stm32l1xx_hal_uart.o
                                      0x7f7fc (size before relaxing)
 .debug_str     0x0000000000080978      0x14d ./User/TM1637/TM1637.o
                                      0x7eef9 (size before relaxing)
 .debug_str     0x0000000000080ac5      0x38f ./User/board/board.o
                                      0x7f7a8 (size before relaxing)
 .debug_str     0x0000000000080e54     0x3a83 ./User/main.o
                                      0x82ebd (size before relaxing)
 .debug_str     0x00000000000848d7       0x52 ./User/matric_button/lkv_matrix_button.o
                                      0x7ee71 (size before relaxing)
 .debug_str     0x0000000000084929       0x92 ./User/modbus_rtu_server/modbus_server.o
                                      0x827fe (size before relaxing)
 .debug_str     0x00000000000849bb      0x79f ./User/modbus_rtu_server/nanomodbus.o
                                       0x7f58 (size before relaxing)
 .debug_str     0x000000000008515a      0x15f ./User/step_motor/step_motor.o
                                      0x7efbc (size before relaxing)

.debug_frame    0x0000000000000000     0x2b44
 .debug_frame   0x0000000000000000       0x80 ./Core/Src/stm32l1xx_hal_msp.o
 .debug_frame   0x0000000000000080       0xe8 ./Core/Src/stm32l1xx_it.o
 .debug_frame   0x0000000000000168       0x58 ./Core/Src/system_stm32l1xx.o
 .debug_frame   0x00000000000001c0      0x33c ./Drivers/STM32L1xx_HAL_Driver/Src/stm32l1xx_hal.o
 .debug_frame   0x00000000000004fc      0x498 ./Drivers/STM32L1xx_HAL_Driver/Src/stm32l1xx_hal_cortex.o
 .debug_frame   0x0000000000000994      0x204 ./Drivers/STM32L1xx_HAL_Driver/Src/stm32l1xx_hal_dma.o
 .debug_frame   0x0000000000000b98      0x14c ./Drivers/STM32L1xx_HAL_Driver/Src/stm32l1xx_hal_gpio.o
 .debug_frame   0x0000000000000ce4      0x224 ./Drivers/STM32L1xx_HAL_Driver/Src/stm32l1xx_hal_rcc.o
 .debug_frame   0x0000000000000f08      0x944 ./Drivers/STM32L1xx_HAL_Driver/Src/stm32l1xx_hal_uart.o
 .debug_frame   0x000000000000184c      0x1cc ./User/TM1637/TM1637.o
 .debug_frame   0x0000000000001a18      0x128 ./User/board/board.o
 .debug_frame   0x0000000000001b40      0x1a8 ./User/main.o
 .debug_frame   0x0000000000001ce8       0xbc ./User/matric_button/lkv_matrix_button.o
 .debug_frame   0x0000000000001da4      0x16c ./User/modbus_rtu_server/modbus_server.o
 .debug_frame   0x0000000000001f10      0xac0 ./User/modbus_rtu_server/nanomodbus.o
 .debug_frame   0x00000000000029d0       0xc8 ./User/step_motor/step_motor.o
 .debug_frame   0x0000000000002a98       0x20 /opt/st/stm32cubeide_1.14.0/plugins/com.st.stm32cube.ide.mcu.externaltools.gnu-tools-for-stm32.11.3.rel1.linux64_1.1.100.202309141235/tools/bin/../lib/gcc/arm-none-eabi/11.3.1/../../../../arm-none-eabi/lib/thumb/v7-m/nofp/libc_nano.a(libc_a-memset.o)
 .debug_frame   0x0000000000002ab8       0x2c /opt/st/stm32cubeide_1.14.0/plugins/com.st.stm32cube.ide.mcu.externaltools.gnu-tools-for-stm32.11.3.rel1.linux64_1.1.100.202309141235/tools/bin/../lib/gcc/arm-none-eabi/11.3.1/../../../../arm-none-eabi/lib/thumb/v7-m/nofp/libc_nano.a(libc_a-init.o)
 .debug_frame   0x0000000000002ae4       0x2c /opt/st/stm32cubeide_1.14.0/plugins/com.st.stm32cube.ide.mcu.externaltools.gnu-tools-for-stm32.11.3.rel1.linux64_1.1.100.202309141235/tools/bin/../lib/gcc/arm-none-eabi/11.3.1/thumb/v7-m/nofp/libgcc.a(_aeabi_uldivmod.o)
 .debug_frame   0x0000000000002b10       0x34 /opt/st/stm32cubeide_1.14.0/plugins/com.st.stm32cube.ide.mcu.externaltools.gnu-tools-for-stm32.11.3.rel1.linux64_1.1.100.202309141235/tools/bin/../lib/gcc/arm-none-eabi/11.3.1/thumb/v7-m/nofp/libgcc.a(_udivmoddi4.o)

.debug_line_str
                0x0000000000000000       0x65
 .debug_line_str
                0x0000000000000000       0x65 ./Core/Startup/startup_stm32l152retx.o
                                         0x7d (size before relaxing)
