Archive member included to satisfy reference by file (symbol)

C:/ST/STM32CubeIDE_1.13.1/STM32CubeIDE/plugins/com.st.stm32cube.ide.mcu.externaltools.gnu-tools-for-stm32.11.3.rel1.win32_1.1.0.202305231506/tools/bin/../lib/gcc/arm-none-eabi/11.3.1/../../../../arm-none-eabi/lib/thumb/v7e-m+fp/hard\libc_nano.a(libc_a-exit.o)
                              C:/ST/STM32CubeIDE_1.13.1/STM32CubeIDE/plugins/com.st.stm32cube.ide.mcu.externaltools.gnu-tools-for-stm32.11.3.rel1.win32_1.1.0.202305231506/tools/bin/../lib/gcc/arm-none-eabi/11.3.1/../../../../arm-none-eabi/lib/thumb/v7e-m+fp/hard/crt0.o (exit)
C:/ST/STM32CubeIDE_1.13.1/STM32CubeIDE/plugins/com.st.stm32cube.ide.mcu.externaltools.gnu-tools-for-stm32.11.3.rel1.win32_1.1.0.202305231506/tools/bin/../lib/gcc/arm-none-eabi/11.3.1/../../../../arm-none-eabi/lib/thumb/v7e-m+fp/hard\libc_nano.a(libc_a-findfp.o)
                              C:/ST/STM32CubeIDE_1.13.1/STM32CubeIDE/plugins/com.st.stm32cube.ide.mcu.externaltools.gnu-tools-for-stm32.11.3.rel1.win32_1.1.0.202305231506/tools/bin/../lib/gcc/arm-none-eabi/11.3.1/../../../../arm-none-eabi/lib/thumb/v7e-m+fp/hard\libc_nano.a(libc_a-exit.o) (__stdio_exit_handler)
C:/ST/STM32CubeIDE_1.13.1/STM32CubeIDE/plugins/com.st.stm32cube.ide.mcu.externaltools.gnu-tools-for-stm32.11.3.rel1.win32_1.1.0.202305231506/tools/bin/../lib/gcc/arm-none-eabi/11.3.1/../../../../arm-none-eabi/lib/thumb/v7e-m+fp/hard\libc_nano.a(libc_a-fwalk.o)
                              C:/ST/STM32CubeIDE_1.13.1/STM32CubeIDE/plugins/com.st.stm32cube.ide.mcu.externaltools.gnu-tools-for-stm32.11.3.rel1.win32_1.1.0.202305231506/tools/bin/../lib/gcc/arm-none-eabi/11.3.1/../../../../arm-none-eabi/lib/thumb/v7e-m+fp/hard\libc_nano.a(libc_a-findfp.o) (_fwalk_sglue)
C:/ST/STM32CubeIDE_1.13.1/STM32CubeIDE/plugins/com.st.stm32cube.ide.mcu.externaltools.gnu-tools-for-stm32.11.3.rel1.win32_1.1.0.202305231506/tools/bin/../lib/gcc/arm-none-eabi/11.3.1/../../../../arm-none-eabi/lib/thumb/v7e-m+fp/hard\libc_nano.a(libc_a-snprintf.o)
                              ./User/logger/sm_logger.o (snprintf)
C:/ST/STM32CubeIDE_1.13.1/STM32CubeIDE/plugins/com.st.stm32cube.ide.mcu.externaltools.gnu-tools-for-stm32.11.3.rel1.win32_1.1.0.202305231506/tools/bin/../lib/gcc/arm-none-eabi/11.3.1/../../../../arm-none-eabi/lib/thumb/v7e-m+fp/hard\libc_nano.a(libc_a-stdio.o)
                              C:/ST/STM32CubeIDE_1.13.1/STM32CubeIDE/plugins/com.st.stm32cube.ide.mcu.externaltools.gnu-tools-for-stm32.11.3.rel1.win32_1.1.0.202305231506/tools/bin/../lib/gcc/arm-none-eabi/11.3.1/../../../../arm-none-eabi/lib/thumb/v7e-m+fp/hard\libc_nano.a(libc_a-findfp.o) (__sread)
C:/ST/STM32CubeIDE_1.13.1/STM32CubeIDE/plugins/com.st.stm32cube.ide.mcu.externaltools.gnu-tools-for-stm32.11.3.rel1.win32_1.1.0.202305231506/tools/bin/../lib/gcc/arm-none-eabi/11.3.1/../../../../arm-none-eabi/lib/thumb/v7e-m+fp/hard\libc_nano.a(libc_a-vsnprintf.o)
                              ./User/logger/sm_logger.o (vsnprintf)
C:/ST/STM32CubeIDE_1.13.1/STM32CubeIDE/plugins/com.st.stm32cube.ide.mcu.externaltools.gnu-tools-for-stm32.11.3.rel1.win32_1.1.0.202305231506/tools/bin/../lib/gcc/arm-none-eabi/11.3.1/../../../../arm-none-eabi/lib/thumb/v7e-m+fp/hard\libc_nano.a(libc_a-memcmp.o)
                              ./User/modbus_rtu_server/nanomodbus.o (memcmp)
C:/ST/STM32CubeIDE_1.13.1/STM32CubeIDE/plugins/com.st.stm32cube.ide.mcu.externaltools.gnu-tools-for-stm32.11.3.rel1.win32_1.1.0.202305231506/tools/bin/../lib/gcc/arm-none-eabi/11.3.1/../../../../arm-none-eabi/lib/thumb/v7e-m+fp/hard\libc_nano.a(libc_a-memset.o)
                              C:/ST/STM32CubeIDE_1.13.1/STM32CubeIDE/plugins/com.st.stm32cube.ide.mcu.externaltools.gnu-tools-for-stm32.11.3.rel1.win32_1.1.0.202305231506/tools/bin/../lib/gcc/arm-none-eabi/11.3.1/../../../../arm-none-eabi/lib/thumb/v7e-m+fp/hard/crt0.o (memset)
C:/ST/STM32CubeIDE_1.13.1/STM32CubeIDE/plugins/com.st.stm32cube.ide.mcu.externaltools.gnu-tools-for-stm32.11.3.rel1.win32_1.1.0.202305231506/tools/bin/../lib/gcc/arm-none-eabi/11.3.1/../../../../arm-none-eabi/lib/thumb/v7e-m+fp/hard\libc_nano.a(libc_a-closer.o)
                              C:/ST/STM32CubeIDE_1.13.1/STM32CubeIDE/plugins/com.st.stm32cube.ide.mcu.externaltools.gnu-tools-for-stm32.11.3.rel1.win32_1.1.0.202305231506/tools/bin/../lib/gcc/arm-none-eabi/11.3.1/../../../../arm-none-eabi/lib/thumb/v7e-m+fp/hard\libc_nano.a(libc_a-stdio.o) (_close_r)
C:/ST/STM32CubeIDE_1.13.1/STM32CubeIDE/plugins/com.st.stm32cube.ide.mcu.externaltools.gnu-tools-for-stm32.11.3.rel1.win32_1.1.0.202305231506/tools/bin/../lib/gcc/arm-none-eabi/11.3.1/../../../../arm-none-eabi/lib/thumb/v7e-m+fp/hard\libc_nano.a(libc_a-reent.o)
                              C:/ST/STM32CubeIDE_1.13.1/STM32CubeIDE/plugins/com.st.stm32cube.ide.mcu.externaltools.gnu-tools-for-stm32.11.3.rel1.win32_1.1.0.202305231506/tools/bin/../lib/gcc/arm-none-eabi/11.3.1/../../../../arm-none-eabi/lib/thumb/v7e-m+fp/hard\libc_nano.a(libc_a-closer.o) (errno)
[...]
Memory Configuration

Name             Origin             Length             Attributes
CCMRAM           0x0000000010000000 0x0000000000010000 xrw
RAM              0x0000000020000000 0x0000000000020000 xrw
FLASH            0x0000000008000000 0x0000000000080000 xr
*default*        0x0000000000000000 0xffffffffffffffff

Linker script and memory map

LOAD C:/ST/STM32CubeIDE_1.13.1/STM32CubeIDE/plugins/com.st.stm32cube.ide.mcu.externaltools.gnu-tools-for-stm32.11.3.rel1.win32_1.1.0.202305231506/tools/bin/../lib/gcc/arm-none-eabi/11.3.1/thumb/v7e-m+fp/hard/crti.o
LOAD C:/ST/STM32CubeIDE_1.13.1/STM32CubeIDE/plugins/com.st.stm32cube.ide.mcu.externaltools.gnu-tools-for-stm32.11.3.rel1.win32_1.1.0.202305231506/tools/bin/../lib/gcc/arm-none-eabi/11.3.1/thumb/v7e-m+fp/hard/crtbegin.o
LOAD C:/ST/STM32CubeIDE_1.13.1/STM32CubeIDE/plugins/com.st.stm32cube.ide.mcu.externaltools.gnu-tools-for-stm32.11.3.rel1.win32_1.1.0.202305231506/tools/bin/../lib/gcc/arm-none-eabi/11.3.1/../../../../arm-none-eabi/lib/thumb/v7e-m+fp/hard/crt0.o
LOAD ./Core/Src/stm32f4xx_hal_msp.o
LOAD ./Core/Src/stm32f4xx_it.o
LOAD ./Core/Src/syscalls.o
LOAD ./Core/Src/sysmem.o
LOAD ./Core/Src/system_stm32f4xx.o
LOAD ./Core/Startup/startup_stm32f407vetx.o
LOAD ./Drivers/STM32F4xx_HAL_Driver/Src/stm32f4xx_hal.o
LOAD ./Drivers/STM32F4xx_HAL_Driver/Src/stm32f4xx_hal_cortex.o
LOAD ./Drivers/STM32F4xx_HAL_Driver/Src/stm32f4xx_hal_dma.o
LOAD ./Drivers/STM32F4xx_HAL_Driver/Src/stm32f4xx_hal_dma_ex.o
LOAD ./Drivers/STM32F4xx_HAL_Driver/Src/stm32f4xx_hal_exti.o
LOAD ./Drivers/STM32F4xx_HAL_Driver/Src/stm32f4xx_hal_flash.o
LOAD ./Drivers/STM32F4xx_HAL_Driver/Src/stm32f4xx_hal_flash_ex.o
LOAD ./Drivers/STM32F4xx_HAL_Driver/Src/stm32f4xx_hal_flash_ramfunc.o
LOAD ./Drivers/STM32F4xx_HAL_Driver/Src/stm32f4xx_hal_gpio.o
LOAD ./Drivers/STM32F4xx_HAL_Driver/Src/stm32f4xx_hal_pwr.o
LOAD ./Drivers/STM32F4xx_HAL_Driver/Src/stm32f4xx_hal_pwr_ex.o
LOAD ./Drivers/STM32F4xx_HAL_Driver/Src/stm32f4xx_hal_rcc.o
LOAD ./Drivers/STM32F4xx_HAL_Driver/Src/stm32f4xx_hal_rcc_ex.o
LOAD ./Drivers/STM32F4xx_HAL_Driver/Src/stm32f4xx_hal_spi.o
LOAD ./Drivers/STM32F4xx_HAL_Driver/Src/stm32f4xx_hal_uart.o
LOAD ./User/LCD/lkv_lcd.o
LOAD ./User/board/board.o
LOAD ./User/hc_05_master/hc_05.o
LOAD ./User/logger/sm_logger.o
LOAD ./User/main.o
LOAD ./User/matric_button/lkv_matrix_button.o
LOAD ./User/modbus_rtu_server/modbus_server.o
LOAD ./User/modbus_rtu_server/nanomodbus.o
LOAD ./User/step_motor/step_motor.o
START GROUP
LOAD C:/ST/STM32CubeIDE_1.13.1/STM32CubeIDE/plugins/com.st.stm32cube.ide.mcu.externaltools.gnu-tools-for-stm32.11.3.rel1.win32_1.1.0.202305231506/tools/bin/../lib/gcc/arm-none-eabi/11.3.1/../../../../arm-none-eabi/lib/thumb/v7e-m+fp/hard\libc_nano.a
LOAD C:/ST/STM32CubeIDE_1.13.1/STM32CubeIDE/plugins/com.st.stm32cube.ide.mcu.externaltools.gnu-tools-for-stm32.11.3.rel1.win32_1.1.0.202305231506/tools/bin/../lib/gcc/arm-none-eabi/11.3.1/../../../../arm-none-eabi/lib/thumb/v7e-m+fp/hard\libm.a
END GROUP
START GROUP
LOAD C:/ST/STM32CubeIDE_1.13.1/STM32CubeIDE/plugins/com.st.stm32cube.ide.mcu.externaltools.gnu-tools-for-stm32.11.3.rel1.win32_1.1.0.202305231506/tools/bin/../lib/gcc/arm-none-eabi/11.3.1/thumb/v7e-m+fp/hard\libgcc.a
LOAD C:/ST/STM32CubeIDE_1.13.1/STM32CubeIDE/plugins/com.st.stm32cube.ide.mcu.externaltools.gnu-tools-for-stm32.11.3.rel1.win32_1.1.0.202305231506/tools/bin/../lib/gcc/arm-none-eabi/11.3.1/../../../../arm-none-eabi/lib/thumb/v7e-m+fp/hard\libc_nano.a
END GROUP
START GROUP
LOAD C:/ST/STM32CubeIDE_1.13.1/STM32CubeIDE/plugins/com.st.stm32cube.ide.mcu.externaltools.gnu-tools-for-stm32.11.3.rel1.win32_1.1.0.202305231506/tools/bin/../lib/gcc/arm-none-eabi/11.3.1/thumb/v7e-m+fp/hard\libgcc.a
LOAD C:/ST/STM32CubeIDE_1.13.1/STM32CubeIDE/plugins/com.st.stm32cube.ide.mcu.externaltools.gnu-tools-for-stm32.11.3.rel1.win32_1.1.0.202305231506/tools/bin/../lib/gcc/arm-none-eabi/11.3.1/../../../../arm-none-eabi/lib/thumb/v7e-m+fp/hard\libc_nano.a
LOAD C:/ST/STM32CubeIDE_1.13.1/STM32CubeIDE/plugins/com.st.stm32cube.ide.mcu.externaltools.gnu-tools-for-stm32.11.3.rel1.win32_1.1.0.202305231506/tools/bin/../lib/gcc/arm-none-eabi/11.3.1/../../../../arm-none-eabi/lib/thumb/v7e-m+fp/hard\libnosys.a
END GROUP
START GROUP
LOAD C:/ST/STM32CubeIDE_1.13.1/STM32CubeIDE/plugins/com.st.stm32cube.ide.mcu.externaltools.gnu-tools-for-stm32.11.3.rel1.win32_1.1.0.202305231506/tools/bin/../lib/gcc/arm-none-eabi/11.3.1/thumb/v7e-m+fp/hard\libgcc.a
LOAD C:/ST/STM32CubeIDE_1.13.1/STM32CubeIDE/plugins/com.st.stm32cube.ide.mcu.externaltools.gnu-tools-for-stm32.11.3.rel1.win32_1.1.0.202305231506/tools/bin/../lib/gcc/arm-none-eabi/11.3.1/../../../../arm-none-eabi/lib/thumb/v7e-m+fp/hard\libc_nano.a
LOAD C:/ST/STM32CubeIDE_1.13.1/STM32CubeIDE/plugins/com.st.stm32cube.ide.mcu.externaltools.gnu-tools-for-stm32.11.3.rel1.win32_1.1.0.202305231506/tools/bin/../lib/gcc/arm-none-eabi/11.3.1/../../../../arm-none-eabi/lib/thumb/v7e-m+fp/hard\libnosys.a
END GROUP
LOAD C:/ST/STM32CubeIDE_1.13.1/STM32CubeIDE/plugins/com.st.stm32cube.ide.mcu.externaltools.gnu-tools-for-stm32.11.3.rel1.win32_1.1.0.202305231506/tools/bin/../lib/gcc/arm-none-eabi/11.3.1/thumb/v7e-m+fp/hard/crtend.o
LOAD C:/ST/STM32CubeIDE_1.13.1/STM32CubeIDE/plugins/com.st.stm32cube.ide.mcu.externaltools.gnu-tools-for-stm32.11.3.rel1.win32_1.1.0.202305231506/tools/bin/../lib/gcc/arm-none-eabi/11.3.1/thumb/v7e-m+fp/hard/crtn.o
                0x0000000020020000                _estack = (ORIGIN (RAM) + LENGTH (RAM))
                0x0000000000000200                _Min_Heap_Size = 0x200
                0x0000000000000400                _Min_Stack_Size = 0x400

.isr_vector     0x0000000008000000      0x188
                0x0000000008000000                . = ALIGN (0x4)
 *(.isr_vector)
 .isr_vector    0x0000000008000000      0x188 ./Core/Startup/startup_stm32f407vetx.o
                0x0000000008000000                g_pfnVectors
                0x0000000008000188                . = ALIGN (0x4)

.text           0x0000000008000188     0x5f9c
                0x0000000008000188                . = ALIGN (0x4)
 *(.text)
 .text          0x0000000008000188       0x40 C:/ST/STM32CubeIDE_1.13.1/STM32CubeIDE/plugins/com.st.stm32cube.ide.mcu.externaltools.gnu-tools-for-stm32.11.3.rel1.win32_1.1.0.202305231506/tools/bin/../lib/gcc/arm-none-eabi/11.3.1/thumb/v7e-m+fp/hard/crtbegin.o
 .text          0x00000000080001c8       0x30 C:/ST/STM32CubeIDE_1.13.1/STM32CubeIDE/plugins/com.st.stm32cube.ide.mcu.externaltools.gnu-tools-for-stm32.11.3.rel1.win32_1.1.0.202305231506/tools/bin/../lib/gcc/arm-none-eabi/11.3.1/thumb/v7e-m+fp/hard\libgcc.a(_aeabi_uldivmod.o)
                0x00000000080001c8                __aeabi_uldivmod
 .text          0x00000000080001f8      0x2c8 C:/ST/STM32CubeIDE_1.13.1/STM32CubeIDE/plugins/com.st.stm32cube.ide.mcu.externaltools.gnu-tools-for-stm32.11.3.rel1.win32_1.1.0.202305231506/tools/bin/../lib/gcc/arm-none-eabi/11.3.1/thumb/v7e-m+fp/hard\libgcc.a(_udivmoddi4.o)
                0x00000000080001f8                __udivmoddi4
 .text          0x00000000080004c0        0x4 C:/ST/STM32CubeIDE_1.13.1/STM32CubeIDE/plugins/com.st.stm32cube.ide.mcu.externaltools.gnu-tools-for-stm32.11.3.rel1.win32_1.1.0.202305231506/tools/bin/../lib/gcc/arm-none-eabi/11.3.1/thumb/v7e-m+fp/hard\libgcc.a(_dvmd_tls.o)
                0x00000000080004c0                __aeabi_idiv0
                0x00000000080004c0                __aeabi_ldiv0
 *(.text*)
 .text.HAL_MspInit
                0x00000000080004c4       0x50 ./Core/Src/stm32f4xx_hal_msp.o
                0x00000000080004c4                HAL_MspInit
 .text.HAL_SPI_MspInit
                0x0000000008000514       0x90 ./Core/Src/stm32f4xx_hal_msp.o
                0x0000000008000514                HAL_SPI_MspInit
 .text.HAL_UART_MspInit
                0x00000000080005a4       0xa0 ./Core/Src/stm32f4xx_hal_msp.o
                0x00000000080005a4                HAL_UART_MspInit
 .text.NMI_Handler
                0x0000000008000644        0x6 ./Core/Src/stm32f4xx_it.o
                0x0000000008000644                NMI_Handler
 .text.HardFault_Handler
                0x000000000800064a        0x6 ./Core/Src/stm32f4xx_it.o
                0x000000000800064a                HardFault_Handler
 .text.MemManage_Handler
                0x0000000008000650        0x6 ./Core/Src/stm32f4xx_it.o
                0x0000000008000650                MemManage_Handler
 .text.BusFault_Handler
                0x0000000008000656        0x6 ./Core/Src/stm32f4xx_it.o
                0x0000000008000656                BusFault_Handler
 .text.UsageFault_Handler
                0x000000000800065c        0x6 ./Core/Src/stm32f4xx_it.o
                0x000000000800065c                UsageFault_Handler
 .text.SVC_Handler
                0x0000000008000662        0xe ./Core/Src/stm32f4xx_it.o
                0x0000000008000662                SVC_Handler
 .text.DebugMon_Handler
                0x0000000008000670        0xe ./Core/Src/stm32f4xx_it.o
                0x0000000008000670                DebugMon_Handler
 .text.PendSV_Handler
                0x000000000800067e        0xe ./Core/Src/stm32f4xx_it.o
                0x000000000800067e                PendSV_Handler
 .text.SystemInit
                0x000000000800068c       0x24 ./Core/Src/system_stm32f4xx.o
                0x000000000800068c                SystemInit
 .text.Reset_Handler
                0x00000000080006b0       0x50 ./Core/Startup/startup_stm32f407vetx.o
                0x00000000080006b0                Reset_Handler
 .text.Default_Handler
                0x0000000008000700        0x2 ./Core/Startup/startup_stm32f407vetx.o
                0x0000000008000700                RTC_Alarm_IRQHandler
                0x0000000008000700                HASH_RNG_IRQHandler
                0x0000000008000700                EXTI2_IRQHandler
                0x0000000008000700                TIM8_CC_IRQHandler
                0x0000000008000700                TIM1_CC_IRQHandler
                0x0000000008000700                DMA2_Stream5_IRQHandler
                0x0000000008000700                DMA1_Stream5_IRQHandler
                0x0000000008000700                PVD_IRQHandler
                0x0000000008000700                SDIO_IRQHandler
                0x0000000008000700                TAMP_STAMP_IRQHandler
                0x0000000008000700                CAN2_RX1_IRQHandler
                0x0000000008000700                EXTI3_IRQHandler
                0x0000000008000700                TIM8_TRG_COM_TIM14_IRQHandler
                0x0000000008000700                TIM1_UP_TIM10_IRQHandler
                0x0000000008000700                TIM8_UP_TIM13_IRQHandler
                0x0000000008000700                I2C3_ER_IRQHandler
                0x0000000008000700                I2C2_EV_IRQHandler
                0x0000000008000700                DMA1_Stream2_IRQHandler
                0x0000000008000700                CAN1_RX0_IRQHandler
                0x0000000008000700                FPU_IRQHandler
                0x0000000008000700                OTG_HS_WKUP_IRQHandler
                0x0000000008000700                CAN2_SCE_IRQHandler
                0x0000000008000700                DMA2_Stream2_IRQHandler
                0x0000000008000700                SPI1_IRQHandler
                0x0000000008000700                TIM6_DAC_IRQHandler
                0x0000000008000700                TIM1_BRK_TIM9_IRQHandler
                0x0000000008000700                DCMI_IRQHandler
                0x0000000008000700                CAN2_RX0_IRQHandler
                0x0000000008000700                DMA2_Stream3_IRQHandler
                0x0000000008000700                USART6_IRQHandler
                0x0000000008000700                CAN1_RX1_IRQHandler
                0x0000000008000700                UART5_IRQHandler
                0x0000000008000700                DMA2_Stream0_IRQHandler
                0x0000000008000700                TIM4_IRQHandler
                0x0000000008000700                I2C1_EV_IRQHandler
                0x0000000008000700                DMA1_Stream6_IRQHandler
                0x0000000008000700                DMA1_Stream1_IRQHandler
                0x0000000008000700                UART4_IRQHandler
                0x0000000008000700                TIM3_IRQHandler
                0x0000000008000700                RCC_IRQHandler
                0x0000000008000700                TIM8_BRK_TIM12_IRQHandler
                0x0000000008000700                Default_Handler
                0x0000000008000700                EXTI15_10_IRQHandler
                0x0000000008000700                ADC_IRQHandler
                0x0000000008000700                DMA1_Stream7_IRQHandler
                0x0000000008000700                TIM7_IRQHandler
                0x0000000008000700                CAN2_TX_IRQHandler
                0x0000000008000700                TIM5_IRQHandler
                0x0000000008000700                DMA2_Stream7_IRQHandler
                0x0000000008000700                I2C3_EV_IRQHandler
                0x0000000008000700                EXTI9_5_IRQHandler
                0x0000000008000700                RTC_WKUP_IRQHandler
                0x0000000008000700                ETH_WKUP_IRQHandler
                0x0000000008000700                SPI2_IRQHandler
                0x0000000008000700                OTG_HS_EP1_IN_IRQHandler
                0x0000000008000700                DMA1_Stream0_IRQHandler
                0x0000000008000700                CAN1_TX_IRQHandler
                0x0000000008000700                EXTI4_IRQHandler
                0x0000000008000700                FSMC_IRQHandler
                0x0000000008000700                ETH_IRQHandler
                0x0000000008000700                OTG_HS_EP1_OUT_IRQHandler
                0x0000000008000700                WWDG_IRQHandler
                0x0000000008000700                TIM2_IRQHandler
                0x0000000008000700                OTG_FS_WKUP_IRQHandler
                0x0000000008000700                TIM1_TRG_COM_TIM11_IRQHandler
                0x0000000008000700                OTG_HS_IRQHandler
                0x0000000008000700                EXTI1_IRQHandler
                0x0000000008000700                USART2_IRQHandler
                0x0000000008000700                I2C2_ER_IRQHandler
                0x0000000008000700                DMA2_Stream1_IRQHandler
                0x0000000008000700                CAN1_SCE_IRQHandler
                0x0000000008000700                FLASH_IRQHandler
                0x0000000008000700                DMA2_Stream4_IRQHandler
                0x0000000008000700                USART1_IRQHandler
                0x0000000008000700                OTG_FS_IRQHandler
                0x0000000008000700                SPI3_IRQHandler
                0x0000000008000700                DMA1_Stream4_IRQHandler
                0x0000000008000700                I2C1_ER_IRQHandler
                0x0000000008000700                DMA2_Stream6_IRQHandler
                0x0000000008000700                DMA1_Stream3_IRQHandler
 *fill*         0x0000000008000702        0x2 
 .text.HAL_Init
                0x0000000008000704       0x44 ./Drivers/STM32F4xx_HAL_Driver/Src/stm32f4xx_hal.o
                0x0000000008000704                HAL_Init
 .text.HAL_InitTick
                0x0000000008000748       0x60 ./Drivers/STM32F4xx_HAL_Driver/Src/stm32f4xx_hal.o
                0x0000000008000748                HAL_InitTick
 .text.HAL_IncTick
                0x00000000080007a8       0x28 ./Drivers/STM32F4xx_HAL_Driver/Src/stm32f4xx_hal.o
                0x00000000080007a8                HAL_IncTick
 .text.HAL_GetTick
                0x00000000080007d0       0x18 ./Drivers/STM32F4xx_HAL_Driver/Src/stm32f4xx_hal.o
                0x00000000080007d0                HAL_GetTick
 .text.HAL_Delay
                0x00000000080007e8       0x48 ./Drivers/STM32F4xx_HAL_Driver/Src/stm32f4xx_hal.o
                0x00000000080007e8                HAL_Delay
 .text.__NVIC_SetPriorityGrouping
                0x0000000008000830       0x48 ./Drivers/STM32F4xx_HAL_Driver/Src/stm32f4xx_hal_cortex.o
 .text.__NVIC_GetPriorityGrouping
                0x0000000008000878       0x1c ./Drivers/STM32F4xx_HAL_Driver/Src/stm32f4xx_hal_cortex.o
 .text.__NVIC_EnableIRQ
                0x0000000008000894       0x3c ./Drivers/STM32F4xx_HAL_Driver/Src/stm32f4xx_hal_cortex.o
 .text.__NVIC_SetPriority
                0x00000000080008d0       0x54 ./Drivers/STM32F4xx_HAL_Driver/Src/stm32f4xx_hal_cortex.o
 .text.NVIC_EncodePriority
                0x0000000008000924       0x66 ./Drivers/STM32F4xx_HAL_Driver/Src/stm32f4xx_hal_cortex.o
 *fill*         0x000000000800098a        0x2 
 .text.SysTick_Config
                0x000000000800098c       0x44 ./Drivers/STM32F4xx_HAL_Driver/Src/stm32f4xx_hal_cortex.o
 .text.HAL_NVIC_SetPriorityGrouping
                0x00000000080009d0       0x16 ./Drivers/STM32F4xx_HAL_Driver/Src/stm32f4xx_hal_cortex.o
                0x00000000080009d0                HAL_NVIC_SetPriorityGrouping
 .text.HAL_NVIC_SetPriority
                0x00000000080009e6       0x38 ./Drivers/STM32F4xx_HAL_Driver/Src/stm32f4xx_hal_cortex.o
                0x00000000080009e6                HAL_NVIC_SetPriority
 .text.HAL_NVIC_EnableIRQ
                0x0000000008000a1e       0x1c ./Drivers/STM32F4xx_HAL_Driver/Src/stm32f4xx_hal_cortex.o
                0x0000000008000a1e                HAL_NVIC_EnableIRQ
 .text.HAL_SYSTICK_Config
                0x0000000008000a3a       0x18 ./Drivers/STM32F4xx_HAL_Driver/Src/stm32f4xx_hal_cortex.o
                0x0000000008000a3a                HAL_SYSTICK_Config
 .text.HAL_DMA_Abort
                0x0000000008000a52       0xe0 ./Drivers/STM32F4xx_HAL_Driver/Src/stm32f4xx_hal_dma.o
                0x0000000008000a52                HAL_DMA_Abort
 .text.HAL_DMA_Abort_IT
                0x0000000008000b32       0x44 ./Drivers/STM32F4xx_HAL_Driver/Src/stm32f4xx_hal_dma.o
                0x0000000008000b32                HAL_DMA_Abort_IT
 *fill*         0x0000000008000b76        0x2 
 .text.HAL_GPIO_Init
                0x0000000008000b78      0x338 ./Drivers/STM32F4xx_HAL_Driver/Src/stm32f4xx_hal_gpio.o
                0x0000000008000b78                HAL_GPIO_Init
 .text.HAL_GPIO_WritePin
                0x0000000008000eb0       0x32 ./Drivers/STM32F4xx_HAL_Driver/Src/stm32f4xx_hal_gpio.o
                0x0000000008000eb0                HAL_GPIO_WritePin
 *fill*         0x0000000008000ee2        0x2 
 .text.HAL_GPIO_EXTI_IRQHandler
                0x0000000008000ee4       0x30 ./Drivers/STM32F4xx_HAL_Driver/Src/stm32f4xx_hal_gpio.o
                0x0000000008000ee4                HAL_GPIO_EXTI_IRQHandler
 .text.HAL_GPIO_EXTI_Callback
                0x0000000008000f14       0x16 ./Drivers/STM32F4xx_HAL_Driver/Src/stm32f4xx_hal_gpio.o
                0x0000000008000f14                HAL_GPIO_EXTI_Callback
 *fill*         0x0000000008000f2a        0x2 
 .text.HAL_RCC_OscConfig
                0x0000000008000f2c      0x4f0 ./Drivers/STM32F4xx_HAL_Driver/Src/stm32f4xx_hal_rcc.o
                0x0000000008000f2c                HAL_RCC_OscConfig
 .text.HAL_RCC_ClockConfig
                0x000000000800141c      0x1cc ./Drivers/STM32F4xx_HAL_Driver/Src/stm32f4xx_hal_rcc.o
                0x000000000800141c                HAL_RCC_ClockConfig
 .text.HAL_RCC_GetSysClockFreq
                0x00000000080015e8      0x20c ./Drivers/STM32F4xx_HAL_Driver/Src/stm32f4xx_hal_rcc.o
                0x00000000080015e8                HAL_RCC_GetSysClockFreq
 .text.HAL_RCC_GetHCLKFreq
                0x00000000080017f4       0x18 ./Drivers/STM32F4xx_HAL_Driver/Src/stm32f4xx_hal_rcc.o
                0x00000000080017f4                HAL_RCC_GetHCLKFreq
 .text.HAL_RCC_GetPCLK1Freq
                0x000000000800180c       0x28 ./Drivers/STM32F4xx_HAL_Driver/Src/stm32f4xx_hal_rcc.o
                0x000000000800180c                HAL_RCC_GetPCLK1Freq
 .text.HAL_RCC_GetPCLK2Freq
                0x0000000008001834       0x28 ./Drivers/STM32F4xx_HAL_Driver/Src/stm32f4xx_hal_rcc.o
                0x0000000008001834                HAL_RCC_GetPCLK2Freq
 .text.HAL_SPI_Init
                0x000000000800185c      0x112 ./Drivers/STM32F4xx_HAL_Driver/Src/stm32f4xx_hal_spi.o
                0x000000000800185c                HAL_SPI_Init
 .text.HAL_UART_Init
                0x000000000800196e       0x9a ./Drivers/STM32F4xx_HAL_Driver/Src/stm32f4xx_hal_uart.o
                0x000000000800196e                HAL_UART_Init
 .text.HAL_UART_Transmit
                0x0000000008001a08      0x124 ./Drivers/STM32F4xx_HAL_Driver/Src/stm32f4xx_hal_uart.o
                0x0000000008001a08                HAL_UART_Transmit
 .text.HAL_UART_Receive_IT
                0x0000000008001b2c       0x60 ./Drivers/STM32F4xx_HAL_Driver/Src/stm32f4xx_hal_uart.o
                0x0000000008001b2c                HAL_UART_Receive_IT
 .text.HAL_UART_IRQHandler
                0x0000000008001b8c      0x51c ./Drivers/STM32F4xx_HAL_Driver/Src/stm32f4xx_hal_uart.o
                0x0000000008001b8c                HAL_UART_IRQHandler
 .text.HAL_UART_TxCpltCallback
                0x00000000080020a8       0x14 ./Drivers/STM32F4xx_HAL_Driver/Src/stm32f4xx_hal_uart.o
                0x00000000080020a8                HAL_UART_TxCpltCallback
 .text.HAL_UART_RxCpltCallback
                0x00000000080020bc       0x14 ./Drivers/STM32F4xx_HAL_Driver/Src/stm32f4xx_hal_uart.o
                0x00000000080020bc                HAL_UART_RxCpltCallback
 .text.HAL_UART_ErrorCallback
                0x00000000080020d0       0x14 ./Drivers/STM32F4xx_HAL_Driver/Src/stm32f4xx_hal_uart.o
                0x00000000080020d0                HAL_UART_ErrorCallback
 .text.HAL_UARTEx_RxEventCallback
                0x00000000080020e4       0x18 ./Drivers/STM32F4xx_HAL_Driver/Src/stm32f4xx_hal_uart.o
                0x00000000080020e4                HAL_UARTEx_RxEventCallback
 .text.UART_WaitOnFlagUntilTimeout
                0x00000000080020fc       0xdc ./Drivers/STM32F4xx_HAL_Driver/Src/stm32f4xx_hal_uart.o
 .text.UART_Start_Receive_IT
                0x00000000080021d8       0x7c ./Drivers/STM32F4xx_HAL_Driver/Src/stm32f4xx_hal_uart.o
                0x00000000080021d8                UART_Start_Receive_IT
 .text.UART_EndRxTransfer
                0x0000000008002254       0xc6 ./Drivers/STM32F4xx_HAL_Driver/Src/stm32f4xx_hal_uart.o
 .text.UART_DMAAbortOnError
                0x000000000800231a       0x28 ./Drivers/STM32F4xx_HAL_Driver/Src/stm32f4xx_hal_uart.o
 .text.UART_Transmit_IT
                0x0000000008002342       0xa0 ./Drivers/STM32F4xx_HAL_Driver/Src/stm32f4xx_hal_uart.o
 .text.UART_EndTransmit_IT
                0x00000000080023e2       0x30 ./Drivers/STM32F4xx_HAL_Driver/Src/stm32f4xx_hal_uart.o
 .text.UART_Receive_IT
                0x0000000008002412      0x176 ./Drivers/STM32F4xx_HAL_Driver/Src/stm32f4xx_hal_uart.o
 .text.UART_SetConfig
                0x0000000008002588      0x4e8 ./Drivers/STM32F4xx_HAL_Driver/Src/stm32f4xx_hal_uart.o
 .text.lkv_lcd_init
                0x0000000008002a70      0x134 ./User/LCD/lkv_lcd.o
                0x0000000008002a70                lkv_lcd_init
 .text.lkv_lcd_process
                0x0000000008002ba4       0x4c ./User/LCD/lkv_lcd.o
                0x0000000008002ba4                lkv_lcd_process
 .text.lkv_lcd_enable
                0x0000000008002bf0       0x2c ./User/LCD/lkv_lcd.o
 .text.lkv_lcd_write_data
                0x0000000008002c1c       0x74 ./User/LCD/lkv_lcd.o
 .text.lkv_lcd_send_cmd
                0x0000000008002c90       0x44 ./User/LCD/lkv_lcd.o
 .text.lkv_lcd_send_char
                0x0000000008002cd4       0x44 ./User/LCD/lkv_lcd.o
 .text.lkv_lcd_sends_tring
                0x0000000008002d18       0x2a ./User/LCD/lkv_lcd.o
 .text.lkv_lcd_display_clear
                0x0000000008002d42       0x14 ./User/LCD/lkv_lcd.o
 .text.lkv_lcd_set_cursor
                0x0000000008002d56       0x4c ./User/LCD/lkv_lcd.o
 .text.lkv_ldc_delay
                0x0000000008002da2       0x34 ./User/LCD/lkv_lcd.o
 .text.board_init
                0x0000000008002dd6       0x1c ./User/board/board.o
                0x0000000008002dd6                board_init
 *fill*         0x0000000008002df2        0x2 
 .text.SystemClock_Config
                0x0000000008002df4       0xd0 ./User/board/board.o
                0x0000000008002df4                SystemClock_Config
 .text.MX_SPI1_Init
                0x0000000008002ec4       0x70 ./User/board/board.o
                0x0000000008002ec4                MX_SPI1_Init
 .text.MX_USART3_UART_Init
                0x0000000008002f34       0x60 ./User/board/board.o
                0x0000000008002f34                MX_USART3_UART_Init
 .text.MX_GPIO_Init
                0x0000000008002f94      0x1f8 ./User/board/board.o
                0x0000000008002f94                MX_GPIO_Init
 .text.Error_Handler
                0x000000000800318c        0xa ./User/board/board.o
                0x000000000800318c                Error_Handler
 *fill*         0x0000000008003196        0x2 
 .text.sm_logger_init
                0x0000000008003198       0x2c ./User/logger/sm_logger.o
                0x0000000008003198                sm_logger_init
 .text.sm_bsp_log_output
                0x00000000080031c4       0x14 ./User/main.o
                0x00000000080031c4                sm_bsp_log_output
 .text.main     0x00000000080031d8       0xc4 ./User/main.o
                0x00000000080031d8                main
 .text.SysTick_Handler
                0x000000000800329c       0x1c ./User/main.o
                0x000000000800329c                SysTick_Handler
 .text.EXTI0_IRQHandler
                0x00000000080032b8        0xe ./User/main.o
                0x00000000080032b8                EXTI0_IRQHandler
 *fill*         0x00000000080032c6        0x2 
 .text.USART3_IRQHandler
                0x00000000080032c8       0x58 ./User/main.o
                0x00000000080032c8                USART3_IRQHandler
 .text.read_serial
                0x0000000008003320       0xe4 ./User/modbus_rtu_server/modbus_server.o
                0x0000000008003320                read_serial
 .text.write_serial
                0x0000000008003404       0x2c ./User/modbus_rtu_server/modbus_server.o
                0x0000000008003404                write_serial
 .text.onError  0x0000000008003430        0xe ./User/modbus_rtu_server/modbus_server.o
                0x0000000008003430                onError
 *fill*         0x000000000800343e        0x2 
 .text.handle_read_coils
                0x0000000008003440       0xec ./User/modbus_rtu_server/modbus_server.o
                0x0000000008003440                handle_read_coils
 .text.handle_write_multiple_coils
                0x000000000800352c       0xe8 ./User/modbus_rtu_server/modbus_server.o
                0x000000000800352c                handle_write_multiple_coils
 .text.handler_read_holding_registers
                0x0000000008003614       0x60 ./User/modbus_rtu_server/modbus_server.o
                0x0000000008003614                handler_read_holding_registers
 .text.handle_write_multiple_registers
                0x0000000008003674       0x60 ./User/modbus_rtu_server/modbus_server.o
                0x0000000008003674                handle_write_multiple_registers
 .text.handle_write_single_registers
                0x00000000080036d4       0x3c ./User/modbus_rtu_server/modbus_server.o
                0x00000000080036d4                handle_write_single_registers
 .text.handler_read_input_registers
                0x0000000008003710       0x60 ./User/modbus_rtu_server/modbus_server.o
                0x0000000008003710                handler_read_input_registers
 .text.get_1    0x0000000008003770       0x34 ./User/modbus_rtu_server/nanomodbus.o
 .text.put_1    0x00000000080037a4       0x36 ./User/modbus_rtu_server/nanomodbus.o
 .text.discard_1
                0x00000000080037da       0x24 ./User/modbus_rtu_server/nanomodbus.o
 .text.discard_n
                0x00000000080037fe       0x2a ./User/modbus_rtu_server/nanomodbus.o
 .text.get_2    0x0000000008003828       0x4a ./User/modbus_rtu_server/nanomodbus.o
 .text.put_2    0x0000000008003872       0x4c ./User/modbus_rtu_server/nanomodbus.o
 .text.get_n    0x00000000080038be       0x38 ./User/modbus_rtu_server/nanomodbus.o
 .text.get_regs
                0x00000000080038f6       0x76 ./User/modbus_rtu_server/nanomodbus.o
 .text.swap_regs
                0x000000000800396c       0x54 ./User/modbus_rtu_server/nanomodbus.o
 .text.msg_buf_reset
                0x00000000080039c0       0x1c ./User/modbus_rtu_server/nanomodbus.o
 .text.msg_state_reset
                0x00000000080039dc       0x3e ./User/modbus_rtu_server/nanomodbus.o
 .text.nmbs_create
                0x0000000008003a1a       0x88 ./User/modbus_rtu_server/nanomodbus.o
                0x0000000008003a1a                nmbs_create
 .text.nmbs_set_read_timeout
                0x0000000008003aa2       0x1e ./User/modbus_rtu_server/nanomodbus.o
                0x0000000008003aa2                nmbs_set_read_timeout
 .text.nmbs_set_byte_timeout
                0x0000000008003ac0       0x1e ./User/modbus_rtu_server/nanomodbus.o
                0x0000000008003ac0                nmbs_set_byte_timeout
 .text.nmbs_crc_calc
                0x0000000008003ade       0x7e ./User/modbus_rtu_server/nanomodbus.o
                0x0000000008003ade                nmbs_crc_calc
 .text.recv     0x0000000008003b5c       0x60 ./User/modbus_rtu_server/nanomodbus.o
 .text.send     0x0000000008003bbc       0x58 ./User/modbus_rtu_server/nanomodbus.o
 .text.recv_msg_footer
                0x0000000008003c14       0x62 ./User/modbus_rtu_server/nanomodbus.o
 .text.recv_msg_header
                0x0000000008003c76      0x156 ./User/modbus_rtu_server/nanomodbus.o
 .text.put_msg_header
                0x0000000008003dcc       0x7e ./User/modbus_rtu_server/nanomodbus.o
 .text.send_msg
                0x0000000008003e4a       0x4e ./User/modbus_rtu_server/nanomodbus.o
 .text.recv_req_header
                0x0000000008003e98       0x70 ./User/modbus_rtu_server/nanomodbus.o
 .text.put_res_header
                0x0000000008003f08       0x1e ./User/modbus_rtu_server/nanomodbus.o
 .text.send_exception_msg
                0x0000000008003f26       0x3e ./User/modbus_rtu_server/nanomodbus.o
 .text.recv_res_header
                0x0000000008003f64       0xf6 ./User/modbus_rtu_server/nanomodbus.o
 .text.recv_read_discrete_res
                0x000000000800405a       0xb4 ./User/modbus_rtu_server/nanomodbus.o
 .text.recv_read_registers_res
                0x000000000800410e       0xd0 ./User/modbus_rtu_server/nanomodbus.o
 .text.recv_write_single_coil_res
                0x00000000080041de       0x94 ./User/modbus_rtu_server/nanomodbus.o
                0x00000000080041de                recv_write_single_coil_res
 .text.recv_write_single_register_res
                0x0000000008004272       0x94 ./User/modbus_rtu_server/nanomodbus.o
                0x0000000008004272                recv_write_single_register_res
 .text.recv_write_multiple_coils_res
                0x0000000008004306       0x94 ./User/modbus_rtu_server/nanomodbus.o
                0x0000000008004306                recv_write_multiple_coils_res
 .text.recv_write_multiple_registers_res
                0x000000000800439a       0x94 ./User/modbus_rtu_server/nanomodbus.o
                0x000000000800439a                recv_write_multiple_registers_res
 .text.recv_read_file_record_res
                0x000000000800442e       0xf0 ./User/modbus_rtu_server/nanomodbus.o
                0x000000000800442e                recv_read_file_record_res
 .text.recv_write_file_record_res
                0x000000000800451e      0x126 ./User/modbus_rtu_server/nanomodbus.o
                0x000000000800451e                recv_write_file_record_res
 .text.handle_read_discrete
                0x0000000008004644      0x284 ./User/modbus_rtu_server/nanomodbus.o
 .text.handle_read_registers
                0x00000000080048c8      0x27c ./User/modbus_rtu_server/nanomodbus.o
 .text.handle_read_coils
                0x0000000008004b44       0x20 ./User/modbus_rtu_server/nanomodbus.o
 .text.handle_read_discrete_inputs
                0x0000000008004b64       0x20 ./User/modbus_rtu_server/nanomodbus.o
 .text.handle_read_holding_registers
                0x0000000008004b84       0x20 ./User/modbus_rtu_server/nanomodbus.o
 .text.handle_read_input_registers
                0x0000000008004ba4       0x20 ./User/modbus_rtu_server/nanomodbus.o
 .text.handle_write_single_coil
                0x0000000008004bc4      0x144 ./User/modbus_rtu_server/nanomodbus.o
 .text.handle_write_single_register
                0x0000000008004d08      0x120 ./User/modbus_rtu_server/nanomodbus.o
 .text.handle_write_multiple_coils
                0x0000000008004e28      0x306 ./User/modbus_rtu_server/nanomodbus.o
 .text.handle_write_multiple_registers
                0x000000000800512e      0x2e6 ./User/modbus_rtu_server/nanomodbus.o
 .text.handle_read_file_record
                0x0000000008005414      0x368 ./User/modbus_rtu_server/nanomodbus.o
 .text.handle_write_file_record
                0x000000000800577c      0x290 ./User/modbus_rtu_server/nanomodbus.o
 .text.handle_read_write_registers
                0x0000000008005a0c      0x374 ./User/modbus_rtu_server/nanomodbus.o
 .text.handle_req_fc
                0x0000000008005d80      0x10c ./User/modbus_rtu_server/nanomodbus.o
 .text.nmbs_server_create
                0x0000000008005e8c       0x6a ./User/modbus_rtu_server/nanomodbus.o
                0x0000000008005e8c                nmbs_server_create
 .text.nmbs_server_poll
                0x0000000008005ef6       0xb0 ./User/modbus_rtu_server/nanomodbus.o
                0x0000000008005ef6                nmbs_server_poll
 *fill*         0x0000000008005fa6        0x2 
 .text.lkv_stepmotor_gpio_init
                0x0000000008005fa8       0xd0 ./User/step_motor/step_motor.o
                0x0000000008005fa8                lkv_stepmotor_gpio_init
 .text.memcmp   0x0000000008006078       0x20 C:/ST/STM32CubeIDE_1.13.1/STM32CubeIDE/plugins/com.st.stm32cube.ide.mcu.externaltools.gnu-tools-for-stm32.11.3.rel1.win32_1.1.0.202305231506/tools/bin/../lib/gcc/arm-none-eabi/11.3.1/../../../../arm-none-eabi/lib/thumb/v7e-m+fp/hard\libc_nano.a(libc_a-memcmp.o)
                0x0000000008006078                memcmp
 .text.memset   0x0000000008006098       0x10 C:/ST/STM32CubeIDE_1.13.1/STM32CubeIDE/plugins/com.st.stm32cube.ide.mcu.externaltools.gnu-tools-for-stm32.11.3.rel1.win32_1.1.0.202305231506/tools/bin/../lib/gcc/arm-none-eabi/11.3.1/../../../../arm-none-eabi/lib/thumb/v7e-m+fp/hard\libc_nano.a(libc_a-memset.o)
                0x0000000008006098                memset
 .text.__libc_init_array
                0x00000000080060a8       0x48 C:/ST/STM32CubeIDE_1.13.1/STM32CubeIDE/plugins/com.st.stm32cube.ide.mcu.externaltools.gnu-tools-for-stm32.11.3.rel1.win32_1.1.0.202305231506/tools/bin/../lib/gcc/arm-none-eabi/11.3.1/../../../../arm-none-eabi/lib/thumb/v7e-m+fp/hard\libc_nano.a(libc_a-init.o)
                0x00000000080060a8                __libc_init_array
 .text.memcpy   0x00000000080060f0       0x1c C:/ST/STM32CubeIDE_1.13.1/STM32CubeIDE/plugins/com.st.stm32cube.ide.mcu.externaltools.gnu-tools-for-stm32.11.3.rel1.win32_1.1.0.202305231506/tools/bin/../lib/gcc/arm-none-eabi/11.3.1/../../../../arm-none-eabi/lib/thumb/v7e-m+fp/hard\libc_nano.a(libc_a-memcpy-stub.o)
                0x00000000080060f0                memcpy
 *(.glue_7)
 .glue_7        0x000000000800610c        0x0 linker stubs
 *(.glue_7t)
 .glue_7t       0x000000000800610c        0x0 linker stubs
 *(.eh_frame)
 .eh_frame      0x000000000800610c        0x0 C:/ST/STM32CubeIDE_1.13.1/STM32CubeIDE/plugins/com.st.stm32cube.ide.mcu.externaltools.gnu-tools-for-stm32.11.3.rel1.win32_1.1.0.202305231506/tools/bin/../lib/gcc/arm-none-eabi/11.3.1/thumb/v7e-m+fp/hard/crtbegin.o
 *(.init)
 .init          0x000000000800610c        0x4 C:/ST/STM32CubeIDE_1.13.1/STM32CubeIDE/plugins/com.st.stm32cube.ide.mcu.externaltools.gnu-tools-for-stm32.11.3.rel1.win32_1.1.0.202305231506/tools/bin/../lib/gcc/arm-none-eabi/11.3.1/thumb/v7e-m+fp/hard/crti.o
                0x000000000800610c                _init
 .init          0x0000000008006110        0x8 C:/ST/STM32CubeIDE_1.13.1/STM32CubeIDE/plugins/com.st.stm32cube.ide.mcu.externaltools.gnu-tools-for-stm32.11.3.rel1.win32_1.1.0.202305231506/tools/bin/../lib/gcc/arm-none-eabi/11.3.1/thumb/v7e-m+fp/hard/crtn.o
 *(.fini)
 .fini          0x0000000008006118        0x4 C:/ST/STM32CubeIDE_1.13.1/STM32CubeIDE/plugins/com.st.stm32cube.ide.mcu.externaltools.gnu-tools-for-stm32.11.3.rel1.win32_1.1.0.202305231506/tools/bin/../lib/gcc/arm-none-eabi/11.3.1/thumb/v7e-m+fp/hard/crti.o
                0x0000000008006118                _fini
 .fini          0x000000000800611c        0x8 C:/ST/STM32CubeIDE_1.13.1/STM32CubeIDE/plugins/com.st.stm32cube.ide.mcu.externaltools.gnu-tools-for-stm32.11.3.rel1.win32_1.1.0.202305231506/tools/bin/../lib/gcc/arm-none-eabi/11.3.1/thumb/v7e-m+fp/hard/crtn.o
                0x0000000008006124                . = ALIGN (0x4)
                0x0000000008006124                _etext = .

.vfp11_veneer   0x0000000008006124        0x0
 .vfp11_veneer  0x0000000008006124        0x0 linker stubs

.v4_bx          0x0000000008006124        0x0
 .v4_bx         0x0000000008006124        0x0 linker stubs

.iplt           0x0000000008006124        0x0
 .iplt          0x0000000008006124        0x0 C:/ST/STM32CubeIDE_1.13.1/STM32CubeIDE/plugins/com.st.stm32cube.ide.mcu.externaltools.gnu-tools-for-stm32.11.3.rel1.win32_1.1.0.202305231506/tools/bin/../lib/gcc/arm-none-eabi/11.3.1/thumb/v7e-m+fp/hard/crtbegin.o

.rodata         0x0000000008006124       0x28
                0x0000000008006124                . = ALIGN (0x4)
 *(.rodata)
 .rodata        0x0000000008006124        0xe ./User/main.o
 *(.rodata*)
 *fill*         0x0000000008006132        0x2 
 .rodata.AHBPrescTable
                0x0000000008006134       0x10 ./Core/Src/system_stm32f4xx.o
                0x0000000008006134                AHBPrescTable
 .rodata.APBPrescTable
                0x0000000008006144        0x8 ./Core/Src/system_stm32f4xx.o
                0x0000000008006144                APBPrescTable
                0x000000000800614c                . = ALIGN (0x4)

.ARM.extab      0x000000000800614c        0x0
                0x000000000800614c                . = ALIGN (0x4)
 *(.ARM.extab* .gnu.linkonce.armextab.*)
                0x000000000800614c                . = ALIGN (0x4)

.ARM            0x000000000800614c        0x8
                0x000000000800614c                . = ALIGN (0x4)
                0x000000000800614c                __exidx_start = .
 *(.ARM.exidx*)
 .ARM.exidx     0x000000000800614c        0x8 C:/ST/STM32CubeIDE_1.13.1/STM32CubeIDE/plugins/com.st.stm32cube.ide.mcu.externaltools.gnu-tools-for-stm32.11.3.rel1.win32_1.1.0.202305231506/tools/bin/../lib/gcc/arm-none-eabi/11.3.1/thumb/v7e-m+fp/hard\libgcc.a(_udivmoddi4.o)
                0x0000000008006154                __exidx_end = .
                0x0000000008006154                . = ALIGN (0x4)

.rel.dyn        0x0000000008006154        0x0
 .rel.iplt      0x0000000008006154        0x0 C:/ST/STM32CubeIDE_1.13.1/STM32CubeIDE/plugins/com.st.stm32cube.ide.mcu.externaltools.gnu-tools-for-stm32.11.3.rel1.win32_1.1.0.202305231506/tools/bin/../lib/gcc/arm-none-eabi/11.3.1/thumb/v7e-m+fp/hard/crtbegin.o

.preinit_array  0x0000000008006154        0x0
                0x0000000008006154                . = ALIGN (0x4)
                0x0000000008006154                PROVIDE (__preinit_array_start = .)
 *(.preinit_array*)
                0x0000000008006154                PROVIDE (__preinit_array_end = .)
                0x0000000008006154                . = ALIGN (0x4)

.init_array     0x0000000008006154        0x4
                0x0000000008006154                . = ALIGN (0x4)
                0x0000000008006154                PROVIDE (__init_array_start = .)
 *(SORT_BY_NAME(.init_array.*))
 *(.init_array*)
 .init_array    0x0000000008006154        0x4 C:/ST/STM32CubeIDE_1.13.1/STM32CubeIDE/plugins/com.st.stm32cube.ide.mcu.externaltools.gnu-tools-for-stm32.11.3.rel1.win32_1.1.0.202305231506/tools/bin/../lib/gcc/arm-none-eabi/11.3.1/thumb/v7e-m+fp/hard/crtbegin.o
                0x0000000008006158                PROVIDE (__init_array_end = .)
                0x0000000008006158                . = ALIGN (0x4)

.fini_array     0x0000000008006158        0x4
                0x0000000008006158                . = ALIGN (0x4)
                [!provide]                        PROVIDE (__fini_array_start = .)
 *(SORT_BY_NAME(.fini_array.*))
 *(.fini_array*)
 .fini_array    0x0000000008006158        0x4 C:/ST/STM32CubeIDE_1.13.1/STM32CubeIDE/plugins/com.st.stm32cube.ide.mcu.externaltools.gnu-tools-for-stm32.11.3.rel1.win32_1.1.0.202305231506/tools/bin/../lib/gcc/arm-none-eabi/11.3.1/thumb/v7e-m+fp/hard/crtbegin.o
                [!provide]                        PROVIDE (__fini_array_end = .)
                0x000000000800615c                . = ALIGN (0x4)
                0x000000000800615c                _sidata = LOADADDR (.data)

.data           0x0000000020000000       0x3c load address 0x000000000800615c
                0x0000000020000000                . = ALIGN (0x4)
                0x0000000020000000                _sdata = .
 *(.data)
 *(.data*)
 .data.SystemCoreClock
                0x0000000020000000        0x4 ./Core/Src/system_stm32f4xx.o
                0x0000000020000000                SystemCoreClock
 .data.uwTickPrio
                0x0000000020000004        0x4 ./Drivers/STM32F4xx_HAL_Driver/Src/stm32f4xx_hal.o
                0x0000000020000004                uwTickPrio
 .data.uwTickFreq
                0x0000000020000008        0x1 ./Drivers/STM32F4xx_HAL_Driver/Src/stm32f4xx_hal.o
                0x0000000020000008                uwTickFreq
 *fill*         0x0000000020000009        0x3 
 .data.g_logger
                0x000000002000000c        0x8 ./User/logger/sm_logger.o
 .data.server_holding_registers
                0x0000000020000014       0x14 ./User/modbus_rtu_server/modbus_server.o
                0x0000000020000014                server_holding_registers
 .data.server_input_registers
                0x0000000020000028       0x14 ./User/modbus_rtu_server/modbus_server.o
                0x0000000020000028                server_input_registers
 *(.RamFunc)
 *(.RamFunc*)
                0x000000002000003c                . = ALIGN (0x4)
                0x000000002000003c                _edata = .
                0x0000000008006198                _siccmram = LOADADDR (.ccmram)

.igot.plt       0x000000002000003c        0x0 load address 0x0000000008006198
 .igot.plt      0x000000002000003c        0x0 C:/ST/STM32CubeIDE_1.13.1/STM32CubeIDE/plugins/com.st.stm32cube.ide.mcu.externaltools.gnu-tools-for-stm32.11.3.rel1.win32_1.1.0.202305231506/tools/bin/../lib/gcc/arm-none-eabi/11.3.1/thumb/v7e-m+fp/hard/crtbegin.o

.ccmram         0x0000000010000000        0x0 load address 0x0000000008006198
                0x0000000010000000                . = ALIGN (0x4)
                0x0000000010000000                _sccmram = .
 *(.ccmram)
 *(.ccmram*)
                0x0000000010000000                . = ALIGN (0x4)
                0x0000000010000000                _eccmram = .
                0x0000000010000000                . = ALIGN (0x4)

.bss            0x000000002000003c      0x718
                0x000000002000003c                _sbss = .
                0x000000002000003c                __bss_start__ = _sbss
 *(.bss)
 .bss           0x000000002000003c       0x1c C:/ST/STM32CubeIDE_1.13.1/STM32CubeIDE/plugins/com.st.stm32cube.ide.mcu.externaltools.gnu-tools-for-stm32.11.3.rel1.win32_1.1.0.202305231506/tools/bin/../lib/gcc/arm-none-eabi/11.3.1/thumb/v7e-m+fp/hard/crtbegin.o
 *(.bss*)
 .bss.uwTick    0x0000000020000058        0x4 ./Drivers/STM32F4xx_HAL_Driver/Src/stm32f4xx_hal.o
                0x0000000020000058                uwTick
 .bss.g_sys_time
                0x000000002000005c        0x4 ./User/board/board.o
                0x000000002000005c                g_sys_time
 .bss.hspi1     0x0000000020000060       0x58 ./User/board/board.o
                0x0000000020000060                hspi1
 .bss.huart3    0x00000000200000b8       0x44 ./User/board/board.o
                0x00000000200000b8                huart3
 .bss.buff_rx   0x00000000200000fc        0x1 ./User/board/board.o
                0x00000000200000fc                buff_rx
 *fill*         0x00000000200000fd        0x3 
 .bss.ring_buffer
                0x0000000020000100      0x400 ./User/board/board.o
                0x0000000020000100                ring_buffer
 .bss.front_index
                0x0000000020000500        0x2 ./User/board/board.o
                0x0000000020000500                front_index
 .bss.rear_index
                0x0000000020000502        0x2 ./User/board/board.o
                0x0000000020000502                rear_index
 .bss.nmbs      0x0000000020000504      0x154 ./User/main.o
                0x0000000020000504                nmbs
 .bss.server_coils
                0x0000000020000658       0xfa ./User/modbus_rtu_server/modbus_server.o
                0x0000000020000658                server_coils
 *(COMMON)
                0x0000000020000754                . = ALIGN (0x4)
 *fill*         0x0000000020000752        0x2 
                0x0000000020000754                _ebss = .
                0x0000000020000754                __bss_end__ = _ebss

._user_heap_stack
                0x0000000020000754      0x604
                0x0000000020000758                . = ALIGN (0x8)
 *fill*         0x0000000020000754        0x4 
                [!provide]                        PROVIDE (end = .)
                0x0000000020000758                PROVIDE (_end = .)
                0x0000000020000958                . = (. + _Min_Heap_Size)
 *fill*         0x0000000020000758      0x200 
                0x0000000020000d58                . = (. + _Min_Stack_Size)
 *fill*         0x0000000020000958      0x400 
                0x0000000020000d58                . = ALIGN (0x8)

/DISCARD/
 libc.a(*)
 libm.a(*)
 libgcc.a(*)

.ARM.attributes
                0x0000000000000000       0x30
 *(.ARM.attributes)
 .ARM.attributes
                0x0000000000000000       0x1e C:/ST/STM32CubeIDE_1.13.1/STM32CubeIDE/plugins/com.st.stm32cube.ide.mcu.externaltools.gnu-tools-for-stm32.11.3.rel1.win32_1.1.0.202305231506/tools/bin/../lib/gcc/arm-none-eabi/11.3.1/thumb/v7e-m+fp/hard/crti.o
 .ARM.attributes
                0x000000000000001e       0x34 C:/ST/STM32CubeIDE_1.13.1/STM32CubeIDE/plugins/com.st.stm32cube.ide.mcu.externaltools.gnu-tools-for-stm32.11.3.rel1.win32_1.1.0.202305231506/tools/bin/../lib/gcc/arm-none-eabi/11.3.1/thumb/v7e-m+fp/hard/crtbegin.o
 .ARM.attributes
                0x0000000000000052       0x34 ./Core/Src/stm32f4xx_hal_msp.o
 .ARM.attributes
                0x0000000000000086       0x34 ./Core/Src/stm32f4xx_it.o
 .ARM.attributes
                0x00000000000000ba       0x34 ./Core/Src/system_stm32f4xx.o
 .ARM.attributes
                0x00000000000000ee       0x21 ./Core/Startup/startup_stm32f407vetx.o
 .ARM.attributes
                0x000000000000010f       0x34 ./Drivers/STM32F4xx_HAL_Driver/Src/stm32f4xx_hal.o
 .ARM.attributes
                0x0000000000000143       0x34 ./Drivers/STM32F4xx_HAL_Driver/Src/stm32f4xx_hal_cortex.o
 .ARM.attributes
                0x0000000000000177       0x34 ./Drivers/STM32F4xx_HAL_Driver/Src/stm32f4xx_hal_dma.o
 .ARM.attributes
                0x00000000000001ab       0x34 ./Drivers/STM32F4xx_HAL_Driver/Src/stm32f4xx_hal_gpio.o
 .ARM.attributes
                0x00000000000001df       0x34 ./Drivers/STM32F4xx_HAL_Driver/Src/stm32f4xx_hal_rcc.o
 .ARM.attributes
                0x0000000000000213       0x34 ./Drivers/STM32F4xx_HAL_Driver/Src/stm32f4xx_hal_spi.o
 .ARM.attributes
                0x0000000000000247       0x34 ./Drivers/STM32F4xx_HAL_Driver/Src/stm32f4xx_hal_uart.o
 .ARM.attributes
                0x000000000000027b       0x34 ./User/LCD/lkv_lcd.o
 .ARM.attributes
                0x00000000000002af       0x34 ./User/board/board.o
 .ARM.attributes
                0x00000000000002e3       0x34 ./User/logger/sm_logger.o
 .ARM.attributes
                0x0000000000000317       0x34 ./User/main.o
 .ARM.attributes
                0x000000000000034b       0x34 ./User/modbus_rtu_server/modbus_server.o
 .ARM.attributes
                0x000000000000037f       0x34 ./User/modbus_rtu_server/nanomodbus.o
 .ARM.attributes
                0x00000000000003b3       0x34 ./User/step_motor/step_motor.o
 .ARM.attributes
                0x00000000000003e7       0x34 C:/ST/STM32CubeIDE_1.13.1/STM32CubeIDE/plugins/com.st.stm32cube.ide.mcu.externaltools.gnu-tools-for-stm32.11.3.rel1.win32_1.1.0.202305231506/tools/bin/../lib/gcc/arm-none-eabi/11.3.1/../../../../arm-none-eabi/lib/thumb/v7e-m+fp/hard\libc_nano.a(libc_a-memcmp.o)
 .ARM.attributes
                0x000000000000041b       0x34 C:/ST/STM32CubeIDE_1.13.1/STM32CubeIDE/plugins/com.st.stm32cube.ide.mcu.externaltools.gnu-tools-for-stm32.11.3.rel1.win32_1.1.0.202305231506/tools/bin/../lib/gcc/arm-none-eabi/11.3.1/../../../../arm-none-eabi/lib/thumb/v7e-m+fp/hard\libc_nano.a(libc_a-memset.o)
 .ARM.attributes
                0x000000000000044f       0x34 C:/ST/STM32CubeIDE_1.13.1/STM32CubeIDE/plugins/com.st.stm32cube.ide.mcu.externaltools.gnu-tools-for-stm32.11.3.rel1.win32_1.1.0.202305231506/tools/bin/../lib/gcc/arm-none-eabi/11.3.1/../../../../arm-none-eabi/lib/thumb/v7e-m+fp/hard\libc_nano.a(libc_a-init.o)
 .ARM.attributes
                0x0000000000000483       0x34 C:/ST/STM32CubeIDE_1.13.1/STM32CubeIDE/plugins/com.st.stm32cube.ide.mcu.externaltools.gnu-tools-for-stm32.11.3.rel1.win32_1.1.0.202305231506/tools/bin/../lib/gcc/arm-none-eabi/11.3.1/../../../../arm-none-eabi/lib/thumb/v7e-m+fp/hard\libc_nano.a(libc_a-memcpy-stub.o)
 .ARM.attributes
                0x00000000000004b7       0x1e C:/ST/STM32CubeIDE_1.13.1/STM32CubeIDE/plugins/com.st.stm32cube.ide.mcu.externaltools.gnu-tools-for-stm32.11.3.rel1.win32_1.1.0.202305231506/tools/bin/../lib/gcc/arm-none-eabi/11.3.1/thumb/v7e-m+fp/hard\libgcc.a(_aeabi_uldivmod.o)
 .ARM.attributes
                0x00000000000004d5       0x34 C:/ST/STM32CubeIDE_1.13.1/STM32CubeIDE/plugins/com.st.stm32cube.ide.mcu.externaltools.gnu-tools-for-stm32.11.3.rel1.win32_1.1.0.202305231506/tools/bin/../lib/gcc/arm-none-eabi/11.3.1/thumb/v7e-m+fp/hard\libgcc.a(_udivmoddi4.o)
 .ARM.attributes
                0x0000000000000509       0x1e C:/ST/STM32CubeIDE_1.13.1/STM32CubeIDE/plugins/com.st.stm32cube.ide.mcu.externaltools.gnu-tools-for-stm32.11.3.rel1.win32_1.1.0.202305231506/tools/bin/../lib/gcc/arm-none-eabi/11.3.1/thumb/v7e-m+fp/hard\libgcc.a(_dvmd_tls.o)
 .ARM.attributes
                0x0000000000000527       0x1e C:/ST/STM32CubeIDE_1.13.1/STM32CubeIDE/plugins/com.st.stm32cube.ide.mcu.externaltools.gnu-tools-for-stm32.11.3.rel1.win32_1.1.0.202305231506/tools/bin/../lib/gcc/arm-none-eabi/11.3.1/thumb/v7e-m+fp/hard/crtn.o
OUTPUT(Project_bms_elevator_control.elf elf32-littlearm)
LOAD linker stubs
LOAD C:/ST/STM32CubeIDE_1.13.1/STM32CubeIDE/plugins/com.st.stm32cube.ide.mcu.externaltools.gnu-tools-for-stm32.11.3.rel1.win32_1.1.0.202305231506/tools/bin/../lib/gcc/arm-none-eabi/11.3.1/../../../../arm-none-eabi/lib/thumb/v7e-m+fp/hard\libc.a
LOAD C:/ST/STM32CubeIDE_1.13.1/STM32CubeIDE/plugins/com.st.stm32cube.ide.mcu.externaltools.gnu-tools-for-stm32.11.3.rel1.win32_1.1.0.202305231506/tools/bin/../lib/gcc/arm-none-eabi/11.3.1/../../../../arm-none-eabi/lib/thumb/v7e-m+fp/hard\libm.a
LOAD C:/ST/STM32CubeIDE_1.13.1/STM32CubeIDE/plugins/com.st.stm32cube.ide.mcu.externaltools.gnu-tools-for-stm32.11.3.rel1.win32_1.1.0.202305231506/tools/bin/../lib/gcc/arm-none-eabi/11.3.1/thumb/v7e-m+fp/hard\libgcc.a

.comment        0x0000000000000000       0x43
 .comment       0x0000000000000000       0x43 C:/ST/STM32CubeIDE_1.13.1/STM32CubeIDE/plugins/com.st.stm32cube.ide.mcu.externaltools.gnu-tools-for-stm32.11.3.rel1.win32_1.1.0.202305231506/tools/bin/../lib/gcc/arm-none-eabi/11.3.1/thumb/v7e-m+fp/hard/crtbegin.o
                                         0x44 (size before relaxing)
 .comment       0x0000000000000043       0x44 ./Core/Src/stm32f4xx_hal_msp.o
 .comment       0x0000000000000043       0x44 ./Core/Src/stm32f4xx_it.o
 .comment       0x0000000000000043       0x44 ./Core/Src/system_stm32f4xx.o
 .comment       0x0000000000000043       0x44 ./Drivers/STM32F4xx_HAL_Driver/Src/stm32f4xx_hal.o
 .comment       0x0000000000000043       0x44 ./Drivers/STM32F4xx_HAL_Driver/Src/stm32f4xx_hal_cortex.o
 .comment       0x0000000000000043       0x44 ./Drivers/STM32F4xx_HAL_Driver/Src/stm32f4xx_hal_dma.o
 .comment       0x0000000000000043       0x44 ./Drivers/STM32F4xx_HAL_Driver/Src/stm32f4xx_hal_gpio.o
 .comment       0x0000000000000043       0x44 ./Drivers/STM32F4xx_HAL_Driver/Src/stm32f4xx_hal_rcc.o
 .comment       0x0000000000000043       0x44 ./Drivers/STM32F4xx_HAL_Driver/Src/stm32f4xx_hal_spi.o
 .comment       0x0000000000000043       0x44 ./Drivers/STM32F4xx_HAL_Driver/Src/stm32f4xx_hal_uart.o
 .comment       0x0000000000000043       0x44 ./User/LCD/lkv_lcd.o
 .comment       0x0000000000000043       0x44 ./User/board/board.o
 .comment       0x0000000000000043       0x44 ./User/logger/sm_logger.o
 .comment       0x0000000000000043       0x44 ./User/main.o
 .comment       0x0000000000000043       0x44 ./User/modbus_rtu_server/modbus_server.o
 .comment       0x0000000000000043       0x44 ./User/modbus_rtu_server/nanomodbus.o
 .comment       0x0000000000000043       0x44 ./User/step_motor/step_motor.o

.debug_info     0x0000000000000000     0xe4e3
 .debug_info    0x0000000000000000      0xe2b ./Core/Src/stm32f4xx_hal_msp.o
 .debug_info    0x0000000000000e2b       0xf8 ./Core/Src/stm32f4xx_it.o
 .debug_info    0x0000000000000f23      0x512 ./Core/Src/system_stm32f4xx.o
 .debug_info    0x0000000000001435       0x23 ./Core/Startup/startup_stm32f407vetx.o
 .debug_info    0x0000000000001458      0x948 ./Drivers/STM32F4xx_HAL_Driver/Src/stm32f4xx_hal.o
 .debug_info    0x0000000000001da0      0xd46 ./Drivers/STM32F4xx_HAL_Driver/Src/stm32f4xx_hal_cortex.o
 .debug_info    0x0000000000002ae6      0x8e7 ./Drivers/STM32F4xx_HAL_Driver/Src/stm32f4xx_hal_dma.o
 .debug_info    0x00000000000033cd      0x6c3 ./Drivers/STM32F4xx_HAL_Driver/Src/stm32f4xx_hal_gpio.o
 .debug_info    0x0000000000003a90      0x8b1 ./Drivers/STM32F4xx_HAL_Driver/Src/stm32f4xx_hal_rcc.o
 .debug_info    0x0000000000004341     0x15fb ./Drivers/STM32F4xx_HAL_Driver/Src/stm32f4xx_hal_spi.o
 .debug_info    0x000000000000593c     0x2fb8 ./Drivers/STM32F4xx_HAL_Driver/Src/stm32f4xx_hal_uart.o
 .debug_info    0x00000000000088f4      0x8d1 ./User/LCD/lkv_lcd.o
 .debug_info    0x00000000000091c5     0x11c9 ./User/board/board.o
 .debug_info    0x000000000000a38e      0x2eb ./User/logger/sm_logger.o
 .debug_info    0x000000000000a679      0xdbd ./User/main.o
 .debug_info    0x000000000000b436      0xacd ./User/modbus_rtu_server/modbus_server.o
 .debug_info    0x000000000000bf03     0x20c7 ./User/modbus_rtu_server/nanomodbus.o
 .debug_info    0x000000000000dfca      0x519 ./User/step_motor/step_motor.o

.debug_abbrev   0x0000000000000000     0x2585
 .debug_abbrev  0x0000000000000000      0x1cd ./Core/Src/stm32f4xx_hal_msp.o
 .debug_abbrev  0x00000000000001cd       0x47 ./Core/Src/stm32f4xx_it.o
 .debug_abbrev  0x0000000000000214      0x11a ./Core/Src/system_stm32f4xx.o
 .debug_abbrev  0x000000000000032e       0x12 ./Core/Startup/startup_stm32f407vetx.o
 .debug_abbrev  0x0000000000000340      0x213 ./Drivers/STM32F4xx_HAL_Driver/Src/stm32f4xx_hal.o
 .debug_abbrev  0x0000000000000553      0x327 ./Drivers/STM32F4xx_HAL_Driver/Src/stm32f4xx_hal_cortex.o
 .debug_abbrev  0x000000000000087a      0x264 ./Drivers/STM32F4xx_HAL_Driver/Src/stm32f4xx_hal_dma.o
 .debug_abbrev  0x0000000000000ade      0x1d4 ./Drivers/STM32F4xx_HAL_Driver/Src/stm32f4xx_hal_gpio.o
 .debug_abbrev  0x0000000000000cb2      0x2b6 ./Drivers/STM32F4xx_HAL_Driver/Src/stm32f4xx_hal_rcc.o
 .debug_abbrev  0x0000000000000f68      0x284 ./Drivers/STM32F4xx_HAL_Driver/Src/stm32f4xx_hal_spi.o
 .debug_abbrev  0x00000000000011ec      0x30e ./Drivers/STM32F4xx_HAL_Driver/Src/stm32f4xx_hal_uart.o
 .debug_abbrev  0x00000000000014fa      0x2a0 ./User/LCD/lkv_lcd.o
 .debug_abbrev  0x000000000000179a      0x24f ./User/board/board.o
 .debug_abbrev  0x00000000000019e9      0x1aa ./User/logger/sm_logger.o
 .debug_abbrev  0x0000000000001b93      0x2af ./User/main.o
 .debug_abbrev  0x0000000000001e42      0x24f ./User/modbus_rtu_server/modbus_server.o
 .debug_abbrev  0x0000000000002091      0x361 ./User/modbus_rtu_server/nanomodbus.o
 .debug_abbrev  0x00000000000023f2      0x193 ./User/step_motor/step_motor.o

.debug_aranges  0x0000000000000000      0xcb0
 .debug_aranges
                0x0000000000000000       0x40 ./Core/Src/stm32f4xx_hal_msp.o
 .debug_aranges
                0x0000000000000040       0x58 ./Core/Src/stm32f4xx_it.o
 .debug_aranges
                0x0000000000000098       0x28 ./Core/Src/system_stm32f4xx.o
 .debug_aranges
                0x00000000000000c0       0x28 ./Core/Startup/startup_stm32f407vetx.o
 .debug_aranges
                0x00000000000000e8       0xf0 ./Drivers/STM32F4xx_HAL_Driver/Src/stm32f4xx_hal.o
 .debug_aranges
                0x00000000000001d8      0x118 ./Drivers/STM32F4xx_HAL_Driver/Src/stm32f4xx_hal_cortex.o
 .debug_aranges
                0x00000000000002f0       0x90 ./Drivers/STM32F4xx_HAL_Driver/Src/stm32f4xx_hal_dma.o
 .debug_aranges
                0x0000000000000380       0x58 ./Drivers/STM32F4xx_HAL_Driver/Src/stm32f4xx_hal_gpio.o
 .debug_aranges
                0x00000000000003d8       0x88 ./Drivers/STM32F4xx_HAL_Driver/Src/stm32f4xx_hal_rcc.o
 .debug_aranges
                0x0000000000000460      0x1d0 ./Drivers/STM32F4xx_HAL_Driver/Src/stm32f4xx_hal_spi.o
 .debug_aranges
                0x0000000000000630      0x200 ./Drivers/STM32F4xx_HAL_Driver/Src/stm32f4xx_hal_uart.o
 .debug_aranges
                0x0000000000000830       0xd0 ./User/LCD/lkv_lcd.o
 .debug_aranges
                0x0000000000000900       0x48 ./User/board/board.o
 .debug_aranges
                0x0000000000000948       0x38 ./User/logger/sm_logger.o
 .debug_aranges
                0x0000000000000980       0x40 ./User/main.o
 .debug_aranges
                0x00000000000009c0       0x60 ./User/modbus_rtu_server/modbus_server.o
 .debug_aranges
                0x0000000000000a20      0x250 ./User/modbus_rtu_server/nanomodbus.o
 .debug_aranges
                0x0000000000000c70       0x40 ./User/step_motor/step_motor.o

.debug_rnglists
                0x0000000000000000      0x9c6
 .debug_rnglists
                0x0000000000000000       0x2d ./Core/Src/stm32f4xx_hal_msp.o
 .debug_rnglists
                0x000000000000002d       0x3d ./Core/Src/stm32f4xx_it.o
 .debug_rnglists
                0x000000000000006a       0x1a ./Core/Src/system_stm32f4xx.o
 .debug_rnglists
                0x0000000000000084       0x19 ./Core/Startup/startup_stm32f407vetx.o
 .debug_rnglists
                0x000000000000009d       0xaf ./Drivers/STM32F4xx_HAL_Driver/Src/stm32f4xx_hal.o
 .debug_rnglists
                0x000000000000014c       0xce ./Drivers/STM32F4xx_HAL_Driver/Src/stm32f4xx_hal_cortex.o
 .debug_rnglists
                0x000000000000021a       0x70 ./Drivers/STM32F4xx_HAL_Driver/Src/stm32f4xx_hal_dma.o
 .debug_rnglists
                0x000000000000028a       0x3f ./Drivers/STM32F4xx_HAL_Driver/Src/stm32f4xx_hal_gpio.o
 .debug_rnglists
                0x00000000000002c9       0x66 ./Drivers/STM32F4xx_HAL_Driver/Src/stm32f4xx_hal_rcc.o
 .debug_rnglists
                0x000000000000032f      0x16f ./Drivers/STM32F4xx_HAL_Driver/Src/stm32f4xx_hal_spi.o
 .debug_rnglists
                0x000000000000049e      0x1b7 ./Drivers/STM32F4xx_HAL_Driver/Src/stm32f4xx_hal_uart.o
 .debug_rnglists
                0x0000000000000655       0xa1 ./User/LCD/lkv_lcd.o
 .debug_rnglists
                0x00000000000006f6       0x33 ./User/board/board.o
 .debug_rnglists
                0x0000000000000729       0x26 ./User/logger/sm_logger.o
 .debug_rnglists
                0x000000000000074f       0x2c ./User/main.o
 .debug_rnglists
                0x000000000000077b       0x46 ./User/modbus_rtu_server/modbus_server.o
 .debug_rnglists
                0x00000000000007c1      0x1d7 ./User/modbus_rtu_server/nanomodbus.o
 .debug_rnglists
                0x0000000000000998       0x2e ./User/step_motor/step_motor.o

.debug_macro    0x0000000000000000    0x209aa
 .debug_macro   0x0000000000000000      0x1c4 ./Core/Src/stm32f4xx_hal_msp.o
 .debug_macro   0x00000000000001c4      0xaa8 ./Core/Src/stm32f4xx_hal_msp.o
 .debug_macro   0x0000000000000c6c      0x29b ./Core/Src/stm32f4xx_hal_msp.o
 .debug_macro   0x0000000000000f07       0x2e ./Core/Src/stm32f4xx_hal_msp.o
 .debug_macro   0x0000000000000f35       0x2f ./Core/Src/stm32f4xx_hal_msp.o
 .debug_macro   0x0000000000000f64       0x22 ./Core/Src/stm32f4xx_hal_msp.o
 .debug_macro   0x0000000000000f86       0x8e ./Core/Src/stm32f4xx_hal_msp.o
 .debug_macro   0x0000000000001014       0x51 ./Core/Src/stm32f4xx_hal_msp.o
 .debug_macro   0x0000000000001065      0x103 ./Core/Src/stm32f4xx_hal_msp.o
 .debug_macro   0x0000000000001168       0x6a ./Core/Src/stm32f4xx_hal_msp.o
 .debug_macro   0x00000000000011d2      0x1df ./Core/Src/stm32f4xx_hal_msp.o
 .debug_macro   0x00000000000013b1       0x1c ./Core/Src/stm32f4xx_hal_msp.o
 .debug_macro   0x00000000000013cd       0x22 ./Core/Src/stm32f4xx_hal_msp.o
 .debug_macro   0x00000000000013ef       0xd9 ./Core/Src/stm32f4xx_hal_msp.o
 .debug_macro   0x00000000000014c8     0x102d ./Core/Src/stm32f4xx_hal_msp.o
 .debug_macro   0x00000000000024f5      0x11f ./Core/Src/stm32f4xx_hal_msp.o
 .debug_macro   0x0000000000002614    0x15e82 ./Core/Src/stm32f4xx_hal_msp.o
 .debug_macro   0x0000000000018496       0x6d ./Core/Src/stm32f4xx_hal_msp.o
 .debug_macro   0x0000000000018503     0x367e ./Core/Src/stm32f4xx_hal_msp.o
 .debug_macro   0x000000000001bb81      0x174 ./Core/Src/stm32f4xx_hal_msp.o
 .debug_macro   0x000000000001bcf5       0x5c ./Core/Src/stm32f4xx_hal_msp.o
 .debug_macro   0x000000000001bd51      0x96b ./Core/Src/stm32f4xx_hal_msp.o
 .debug_macro   0x000000000001c6bc      0x9fe ./Core/Src/stm32f4xx_hal_msp.o
 .debug_macro   0x000000000001d0ba      0x115 ./Core/Src/stm32f4xx_hal_msp.o
 .debug_macro   0x000000000001d1cf      0x13e ./Core/Src/stm32f4xx_hal_msp.o
 .debug_macro   0x000000000001d30d       0xa5 ./Core/Src/stm32f4xx_hal_msp.o
 .debug_macro   0x000000000001d3b2      0x174 ./Core/Src/stm32f4xx_hal_msp.o
 .debug_macro   0x000000000001d526      0x287 ./Core/Src/stm32f4xx_hal_msp.o
 .debug_macro   0x000000000001d7ad       0x5f ./Core/Src/stm32f4xx_hal_msp.o
 .debug_macro   0x000000000001d80c      0x236 ./Core/Src/stm32f4xx_hal_msp.o
 .debug_macro   0x000000000001da42      0x12c ./Core/Src/stm32f4xx_hal_msp.o
 .debug_macro   0x000000000001db6e      0x21e ./Core/Src/stm32f4xx_hal_msp.o
 .debug_macro   0x000000000001dd8c       0x2e ./Core/Src/stm32f4xx_hal_msp.o
 .debug_macro   0x000000000001ddba      0x11a ./Core/Src/stm32f4xx_hal_msp.o
 .debug_macro   0x000000000001ded4       0x7e ./Core/Src/stm32f4xx_hal_msp.o
 .debug_macro   0x000000000001df52       0x89 ./Core/Src/stm32f4xx_hal_msp.o
 .debug_macro   0x000000000001dfdb      0x225 ./Core/Src/stm32f4xx_hal_msp.o
 .debug_macro   0x000000000001e200      0x295 ./Core/Src/stm32f4xx_hal_msp.o
 .debug_macro   0x000000000001e495      0x12d ./Core/Src/stm32f4xx_hal_msp.o
 .debug_macro   0x000000000001e5c2      0x1ce ./Core/Src/stm32f4xx_it.o
 .debug_macro   0x000000000001e790      0x1c4 ./Core/Src/system_stm32f4xx.o
 .debug_macro   0x000000000001e954      0x224 ./Drivers/STM32F4xx_HAL_Driver/Src/stm32f4xx_hal.o
 .debug_macro   0x000000000001eb78      0x1c4 ./Drivers/STM32F4xx_HAL_Driver/Src/stm32f4xx_hal_cortex.o
 .debug_macro   0x000000000001ed3c      0x1ca ./Drivers/STM32F4xx_HAL_Driver/Src/stm32f4xx_hal_dma.o
 .debug_macro   0x000000000001ef06      0x1ca ./Drivers/STM32F4xx_HAL_Driver/Src/stm32f4xx_hal_gpio.o
 .debug_macro   0x000000000001f0d0      0x1e8 ./Drivers/STM32F4xx_HAL_Driver/Src/stm32f4xx_hal_rcc.o
 .debug_macro   0x000000000001f2b8      0x1d3 ./Drivers/STM32F4xx_HAL_Driver/Src/stm32f4xx_hal_spi.o
 .debug_macro   0x000000000001f48b      0x1c5 ./Drivers/STM32F4xx_HAL_Driver/Src/stm32f4xx_hal_uart.o
 .debug_macro   0x000000000001f650      0x245 ./User/LCD/lkv_lcd.o
 .debug_macro   0x000000000001f895       0x10 ./User/LCD/lkv_lcd.o
 .debug_macro   0x000000000001f8a5      0x2a2 ./User/board/board.o
 .debug_macro   0x000000000001fb47       0x61 ./User/board/board.o
 .debug_macro   0x000000000001fba8       0x10 ./User/board/board.o
 .debug_macro   0x000000000001fbb8       0x20 ./User/board/board.o
 .debug_macro   0x000000000001fbd8      0x182 ./User/logger/sm_logger.o
 .debug_macro   0x000000000001fd5a       0x16 ./User/logger/sm_logger.o
 .debug_macro   0x000000000001fd70       0x97 ./User/logger/sm_logger.o
 .debug_macro   0x000000000001fe07       0xfd ./User/logger/sm_logger.o
 .debug_macro   0x000000000001ff04       0x16 ./User/logger/sm_logger.o
 .debug_macro   0x000000000001ff1a       0x4c ./User/logger/sm_logger.o
 .debug_macro   0x000000000001ff66       0x28 ./User/logger/sm_logger.o
 .debug_macro   0x000000000001ff8e      0x2f2 ./User/main.o
 .debug_macro   0x0000000000020280       0x22 ./User/main.o
 .debug_macro   0x00000000000202a2       0x1c ./User/main.o
 .debug_macro   0x00000000000202be       0x1c ./User/main.o
 .debug_macro   0x00000000000202da       0x2e ./User/main.o
 .debug_macro   0x0000000000020308       0x1c ./User/main.o
 .debug_macro   0x0000000000020324      0x2c3 ./User/modbus_rtu_server/modbus_server.o
 .debug_macro   0x00000000000205e7       0x56 ./User/modbus_rtu_server/modbus_server.o
 .debug_macro   0x000000000002063d      0x154 ./User/modbus_rtu_server/nanomodbus.o
 .debug_macro   0x0000000000020791      0x203 ./User/step_motor/step_motor.o
 .debug_macro   0x0000000000020994       0x16 ./User/step_motor/step_motor.o

.debug_line     0x0000000000000000     0xf638
 .debug_line    0x0000000000000000      0x7c0 ./Core/Src/stm32f4xx_hal_msp.o
 .debug_line    0x00000000000007c0      0x7cd ./Core/Src/stm32f4xx_it.o
 .debug_line    0x0000000000000f8d      0x7ae ./Core/Src/system_stm32f4xx.o
 .debug_line    0x000000000000173b       0x7a ./Core/Startup/startup_stm32f407vetx.o
 .debug_line    0x00000000000017b5      0xa14 ./Drivers/STM32F4xx_HAL_Driver/Src/stm32f4xx_hal.o
 .debug_line    0x00000000000021c9      0xcc3 ./Drivers/STM32F4xx_HAL_Driver/Src/stm32f4xx_hal_cortex.o
 .debug_line    0x0000000000002e8c      0xf78 ./Drivers/STM32F4xx_HAL_Driver/Src/stm32f4xx_hal_dma.o
 .debug_line    0x0000000000003e04      0xb88 ./Drivers/STM32F4xx_HAL_Driver/Src/stm32f4xx_hal_gpio.o
 .debug_line    0x000000000000498c      0xd8d ./Drivers/STM32F4xx_HAL_Driver/Src/stm32f4xx_hal_rcc.o
 .debug_line    0x0000000000005719     0x1ca5 ./Drivers/STM32F4xx_HAL_Driver/Src/stm32f4xx_hal_spi.o
 .debug_line    0x00000000000073be     0x2ab6 ./Drivers/STM32F4xx_HAL_Driver/Src/stm32f4xx_hal_uart.o
 .debug_line    0x0000000000009e74      0xc46 ./User/LCD/lkv_lcd.o
 .debug_line    0x000000000000aaba      0x9f8 ./User/board/board.o
 .debug_line    0x000000000000b4b2      0x619 ./User/logger/sm_logger.o
 .debug_line    0x000000000000bacb      0xbe2 ./User/main.o
 .debug_line    0x000000000000c6ad      0xb53 ./User/modbus_rtu_server/modbus_server.o
 .debug_line    0x000000000000d200     0x1c26 ./User/modbus_rtu_server/nanomodbus.o
 .debug_line    0x000000000000ee26      0x812 ./User/step_motor/step_motor.o

.debug_str      0x0000000000000000    0xc553a
 .debug_str     0x0000000000000000    0xbe626 ./Core/Src/stm32f4xx_hal_msp.o
                                      0xbe933 (size before relaxing)
 .debug_str     0x00000000000be626       0xad ./Core/Src/stm32f4xx_it.o
                                      0xbdcc1 (size before relaxing)
 .debug_str     0x00000000000be6d3       0xdb ./Core/Src/system_stm32f4xx.o
                                      0xbde11 (size before relaxing)
 .debug_str     0x00000000000be7ae       0x34 ./Core/Startup/startup_stm32f407vetx.o
                                         0x79 (size before relaxing)
 .debug_str     0x00000000000be7e2      0x65a ./Drivers/STM32F4xx_HAL_Driver/Src/stm32f4xx_hal.o
                                      0xbe995 (size before relaxing)
 .debug_str     0x00000000000bee3c      0x32d ./Drivers/STM32F4xx_HAL_Driver/Src/stm32f4xx_hal_cortex.o
                                      0xbe6c8 (size before relaxing)
 .debug_str     0x00000000000bf169      0x315 ./Drivers/STM32F4xx_HAL_Driver/Src/stm32f4xx_hal_dma.o
                                      0xbe22b (size before relaxing)
 .debug_str     0x00000000000bf47e      0x15d ./Drivers/STM32F4xx_HAL_Driver/Src/stm32f4xx_hal_gpio.o
                                      0xbdf8c (size before relaxing)
 .debug_str     0x00000000000bf5db      0x36e ./Drivers/STM32F4xx_HAL_Driver/Src/stm32f4xx_hal_rcc.o
                                      0xbe245 (size before relaxing)
 .debug_str     0x00000000000bf949      0x574 ./Drivers/STM32F4xx_HAL_Driver/Src/stm32f4xx_hal_spi.o
                                      0xbe6d5 (size before relaxing)
 .debug_str     0x00000000000bfebd      0x602 ./Drivers/STM32F4xx_HAL_Driver/Src/stm32f4xx_hal_uart.o
                                      0xbe7e4 (size before relaxing)
 .debug_str     0x00000000000c04bf      0x3bc ./User/LCD/lkv_lcd.o
                                      0xbe20b (size before relaxing)
 .debug_str     0x00000000000c087b     0x3253 ./User/board/board.o
                                      0xc1cd8 (size before relaxing)
 .debug_str     0x00000000000c3ace      0xa8f ./User/logger/sm_logger.o
                                       0x7bf5 (size before relaxing)
 .debug_str     0x00000000000c455d      0x63a ./User/main.o
                                      0xc1c8f (size before relaxing)
 .debug_str     0x00000000000c4b97       0x92 ./User/modbus_rtu_server/modbus_server.o
                                      0xc1780 (size before relaxing)
 .debug_str     0x00000000000c4c29      0x795 ./User/modbus_rtu_server/nanomodbus.o
                                       0x7fb8 (size before relaxing)
 .debug_str     0x00000000000c53be      0x17c ./User/step_motor/step_motor.o
                                      0xbdff2 (size before relaxing)

.debug_frame    0x0000000000000000     0x3458
 .debug_frame   0x0000000000000000       0xc8 ./Core/Src/stm32f4xx_hal_msp.o
 .debug_frame   0x00000000000000c8       0xe8 ./Core/Src/stm32f4xx_it.o
 .debug_frame   0x00000000000001b0       0x58 ./Core/Src/system_stm32f4xx.o
 .debug_frame   0x0000000000000208      0x374 ./Drivers/STM32F4xx_HAL_Driver/Src/stm32f4xx_hal.o
 .debug_frame   0x000000000000057c      0x498 ./Drivers/STM32F4xx_HAL_Driver/Src/stm32f4xx_hal_cortex.o
 .debug_frame   0x0000000000000a14      0x250 ./Drivers/STM32F4xx_HAL_Driver/Src/stm32f4xx_hal_dma.o
 .debug_frame   0x0000000000000c64      0x14c ./Drivers/STM32F4xx_HAL_Driver/Src/stm32f4xx_hal_gpio.o
 .debug_frame   0x0000000000000db0      0x1f4 ./Drivers/STM32F4xx_HAL_Driver/Src/stm32f4xx_hal_rcc.o
 .debug_frame   0x0000000000000fa4      0x824 ./Drivers/STM32F4xx_HAL_Driver/Src/stm32f4xx_hal_spi.o
 .debug_frame   0x00000000000017c8      0x92c ./Drivers/STM32F4xx_HAL_Driver/Src/stm32f4xx_hal_uart.o
 .debug_frame   0x00000000000020f4      0x34c ./User/LCD/lkv_lcd.o
 .debug_frame   0x0000000000002440       0xc4 ./User/board/board.o
 .debug_frame   0x0000000000002504       0xb8 ./User/logger/sm_logger.o
 .debug_frame   0x00000000000025bc       0xac ./User/main.o
 .debug_frame   0x0000000000002668      0x16c ./User/modbus_rtu_server/modbus_server.o
 .debug_frame   0x00000000000027d4      0xac0 ./User/modbus_rtu_server/nanomodbus.o
 .debug_frame   0x0000000000003294       0xc8 ./User/step_motor/step_motor.o
 .debug_frame   0x000000000000335c       0x28 C:/ST/STM32CubeIDE_1.13.1/STM32CubeIDE/plugins/com.st.stm32cube.ide.mcu.externaltools.gnu-tools-for-stm32.11.3.rel1.win32_1.1.0.202305231506/tools/bin/../lib/gcc/arm-none-eabi/11.3.1/../../../../arm-none-eabi/lib/thumb/v7e-m+fp/hard\libc_nano.a(libc_a-memcmp.o)
 .debug_frame   0x0000000000003384       0x20 C:/ST/STM32CubeIDE_1.13.1/STM32CubeIDE/plugins/com.st.stm32cube.ide.mcu.externaltools.gnu-tools-for-stm32.11.3.rel1.win32_1.1.0.202305231506/tools/bin/../lib/gcc/arm-none-eabi/11.3.1/../../../../arm-none-eabi/lib/thumb/v7e-m+fp/hard\libc_nano.a(libc_a-memset.o)
 .debug_frame   0x00000000000033a4       0x2c C:/ST/STM32CubeIDE_1.13.1/STM32CubeIDE/plugins/com.st.stm32cube.ide.mcu.externaltools.gnu-tools-for-stm32.11.3.rel1.win32_1.1.0.202305231506/tools/bin/../lib/gcc/arm-none-eabi/11.3.1/../../../../arm-none-eabi/lib/thumb/v7e-m+fp/hard\libc_nano.a(libc_a-init.o)
 .debug_frame   0x00000000000033d0       0x28 C:/ST/STM32CubeIDE_1.13.1/STM32CubeIDE/plugins/com.st.stm32cube.ide.mcu.externaltools.gnu-tools-for-stm32.11.3.rel1.win32_1.1.0.202305231506/tools/bin/../lib/gcc/arm-none-eabi/11.3.1/../../../../arm-none-eabi/lib/thumb/v7e-m+fp/hard\libc_nano.a(libc_a-memcpy-stub.o)
 .debug_frame   0x00000000000033f8       0x2c C:/ST/STM32CubeIDE_1.13.1/STM32CubeIDE/plugins/com.st.stm32cube.ide.mcu.externaltools.gnu-tools-for-stm32.11.3.rel1.win32_1.1.0.202305231506/tools/bin/../lib/gcc/arm-none-eabi/11.3.1/thumb/v7e-m+fp/hard\libgcc.a(_aeabi_uldivmod.o)
 .debug_frame   0x0000000000003424       0x34 C:/ST/STM32CubeIDE_1.13.1/STM32CubeIDE/plugins/com.st.stm32cube.ide.mcu.externaltools.gnu-tools-for-stm32.11.3.rel1.win32_1.1.0.202305231506/tools/bin/../lib/gcc/arm-none-eabi/11.3.1/thumb/v7e-m+fp/hard\libgcc.a(_udivmoddi4.o)

.debug_line_str
                0x0000000000000000       0x6d
 .debug_line_str
                0x0000000000000000       0x6d ./Core/Startup/startup_stm32f407vetx.o
                                         0x85 (size before relaxing)
