../User/board/board.c:57:6:led_7_segment_init	32	static
../User/board/board.c:78:6:GPIO_sensor_init	40	static
../User/board/board.c:110:9:get_current_level	8	static
../User/board/board.c:156:6:board_init	8	static
../User/board/board.c:166:6:SystemClock_Config	80	static
../User/board/board.c:206:13:MX_UART4_Init	8	static
../User/board/board.c:227:13:MX_USART2_UART_Init	8	static
../User/board/board.c:248:13:MX_GPIO_Init	40	static
../User/board/board.c:269:6:Error_Handler	4	static,ignoring_inline_asm
