../User/TM1637/TM1637.c:29:6:TM1637_ClkHigh	8	static
../User/TM1637/TM1637.c:34:6:TM1637_ClkLow	8	static
../User/TM1637/TM1637.c:39:6:TM1637_DataHigh	8	static
../User/TM1637/TM1637.c:44:6:TM1637_DataLow	8	static
../User/TM1637/TM1637.c:49:6:TM1637_Demo	16	static
../User/TM1637/TM1637.c:62:6:TM1637_Init	8	static
../User/TM1637/TM1637.c:67:6:TM1637_Display_4_char	32	static
../User/TM1637/TM1637.c:97:6:TM1637_DisplayDecimal	32	static
../User/TM1637/TM1637.c:127:6:TM1637_SetBrightness	16	static
../User/TM1637/TM1637.c:140:6:TM1637_Start	8	static
../User/TM1637/TM1637.c:148:6:TM1637_Stop	8	static
../User/TM1637/TM1637.c:159:6:TM1637_ReadResult	8	static
../User/TM1637/TM1637.c:169:6:TM1637_WriteByte	24	static
../User/TM1637/TM1637.c:186:6:TM1637_DelayUsec	24	static,ignoring_inline_asm
