../User/LCD/lkv_lcd.c:59:6:lkv_lcd_init	40	static
../User/LCD/lkv_lcd.c:128:8:lkv_lcd_process	16	static
../User/LCD/lkv_lcd.c:146:6:lkv_lcd_enable	8	static
../User/LCD/lkv_lcd.c:154:6:lkv_lcd_write_data	16	static
../User/LCD/lkv_lcd.c:164:6:lkv_lcd_send_cmd	16	static
../User/LCD/lkv_lcd.c:177:6:lkv_lcd_send_char	16	static
../User/LCD/lkv_lcd.c:193:6:lkv_lcd_sends_tring	16	static
../User/LCD/lkv_lcd.c:202:6:lkv_lcd_display_clear	8	static
../User/LCD/lkv_lcd.c:207:6:lkv_lcd_retur_nhome	8	static
../User/LCD/lkv_lcd.c:212:6:lkv_lcd_set_cursor	16	static
../User/LCD/lkv_lcd.c:223:7:IntToString1char	16	static
../User/LCD/lkv_lcd.c:230:7:IntToString2char	16	static
../User/LCD/lkv_lcd.c:239:7:IntToString3char	16	static
../User/LCD/lkv_lcd.c:251:7:IntToString4char	16	static
../User/LCD/lkv_lcd.c:264:7:IntToString5char	16	static
../User/LCD/lkv_lcd.c:279:7:lkv_lcd_int_to_string	16	static
../User/LCD/lkv_lcd.c:299:7:FloatToStringX_XXX	24	static
../User/LCD/lkv_lcd.c:315:7:FloatToStringXX_XX	24	static
../User/LCD/lkv_lcd.c:333:7:FloatToStringXXX_X	24	static
../User/LCD/lkv_lcd.c:348:7:FloatToStringXXXX	24	static
../User/LCD/lkv_lcd.c:363:7:FloatToStringXXXXX	24	static
../User/LCD/lkv_lcd.c:382:7:lkv_lcd_float_to_string	16	static
../User/LCD/lkv_lcd.c:408:6:lkv_ldc_delay	24	static
