../User/main.c:77:5:main	8	static
../User/main.c:153:6:SysTick_Handler	8	static
../User/main.c:246:6:USART2_IRQHandler	8	static
../User/main.c:257:6:UART4_IRQHandler	8	static
../User/main.c:275:6:send_msg_to_linux	32	static
../User/main.c:285:6:blink_led_delay	32	static
../User/main.c:341:6:modbus_sever_init	16	static
../User/main.c:362:6:elevator_process_force	16	static
../User/main.c:379:6:elevator_process_once	16	static
../User/main.c:393:6:linux_msg_prosess	8	static
../User/main.c:416:6:show_display	32	static
