../User/main.c:76:6:HAL_Delay	24	static
../User/main.c:100:5:main	8	static
../User/main.c:185:6:SysTick_Handler	16	static
../User/main.c:283:6:USART2_IRQHandler	8	static
../User/main.c:294:6:UART4_IRQHandler	8	static
../User/main.c:312:6:send_msg_to_linux	32	static
../User/main.c:322:6:blink_led_delay	40	static
../User/main.c:373:6:modbus_sever_init	16	static
../User/main.c:394:6:elevator_process_force	16	static
../User/main.c:411:6:elevator_process_once	16	static
../User/main.c:425:6:linux_msg_prosess	8	static
../User/main.c:491:6:show_display	32	static
